2025-01-05 13:39:48,037 Train INFO: DATA:
  NUM_INSTANCES: 4
  NUM_WORKERS: 16
  PKUVID_IMG_SOURCE: 
  QUERY_IMG_SOURCE: 
  SAMPLE: RandomIdentitySampler
  TEST_BATCHSIZE: 256
  TEST_IMG_SOURCE: /root/shared-nvme/Stanford_Online_Products/Ebay_test.txt
  TRAIN_BATCHSIZE: 64
  TRAIN_IMG_SOURCE: /root/shared-nvme/Stanford_Online_Products/Ebay_train.txt
INPUT:
  CROP_SCALE: [0.2, 1]
  CROP_SIZE: [224, 224]
  FLIP_PROB: 0.5
  MODE: RGB
  ORIGIN_SIZE: [256, 256]
  PIXEL_MEAN: [0.485, 0.456, 0.406]
  PIXEL_STD: [0.229, 0.224, 0.225]
LOGGER:
  LEVEL: 20
  STREAM: stdout
LOSSES:
  MULTI_SIMILARITY_LOSS:
    HARD_MINING: True
    SCALE_NEG: 40.0
    SCALE_POS: 2.0
  NAME: contrastive_loss
MODEL:
  BACKBONE:
    LAST_STRIDE: 2
    NAME: resnet50
  DEVICE: cuda
  HEAD:
    DIM: 128
    IN_CHANNELS: 2048
    NAME: linear_norm
    NUM_CLASSES: 1000
  PRETRAIN: imagenet
  PRETRIANED_PATH:
    bninception: ~/.torch/models/bn_inception-52deb4733.pth
    googlenet: ~/.torch/models/googlenet-1378be20.pth
    resnet50: ~/.torch/models/pytorch_resnet50.pth
  WEIGHT: 
NAME: save
SAVE: True
SAVE_DIR: /root/shared-nvme/research-xbm
SOLVER:
  BASE_LR: 0.0001
  BIAS_LR_FACTOR: 1
  CHECKPOINT_PERIOD: 1000
  FINETURN_MODE_PATH: 
  FIX_BN: False
  GAMMA: 0.1
  IS_FINETURN: False
  MAX_ITERS: 35000
  MOMENTUM: 0.9
  OPTIMIZER_NAME: Adam
  RNG_SEED: 1
  STEPS: 2
  WEIGHT_DECAY: 0.0005
  WEIGHT_DECAY_BIAS: 0.0005
TB_SAVE_DIR: /root/shared-nvme/research-xbm
VALIDATION:
  IS_VALIDATION: True
  R: [1]
  VERBOSE: 1000
XBM:
  ENABLE: True
  SIZE: 55000
  START_ITERATION: 1000
  WEIGHT: 1.0
2025-01-05 13:39:49,132 Train INFO: | Dataset Info |datasize: 59551|num_labels: 11318|
2025-01-05 13:39:49,133 Train INFO: | Dataset Info |datasize: 60502|num_labels: 11316|
2025-01-05 13:39:49,137 Train INFO: Start training
2025-01-05 13:39:49,137 Train INFO: >>> use XBM
2025-01-05 13:39:56,522 Train INFO: eta: 3:33:09  iter: 20  time: 0.1794 (0.3656)  data: 0.0790 (0.1673)  loss: 4.1775 (9.4113)  lr: 0.000100  max mem: 5.6 GB
2025-01-05 13:40:00,061 Train INFO: eta: 2:38:03  iter: 40  time: 0.1769 (0.2713)  data: 0.0794 (0.1233)  loss: 2.2780 (5.8611)  lr: 0.000100  max mem: 5.6 GB
2025-01-05 13:40:03,640 Train INFO: eta: 2:20:02  iter: 60  time: 0.1791 (0.2405)  data: 0.0798 (0.1088)  loss: 2.2466 (4.6800)  lr: 0.000100  max mem: 5.6 GB
2025-01-05 13:40:07,219 Train INFO: eta: 2:11:00  iter: 80  time: 0.1787 (0.2251)  data: 0.0794 (0.1015)  loss: 2.1604 (4.0614)  lr: 0.000100  max mem: 5.6 GB
2025-01-05 13:40:10,802 Train INFO: eta: 2:05:35  iter: 100  time: 0.1787 (0.2159)  data: 0.0803 (0.0972)  loss: 2.1439 (3.6946)  lr: 0.000100  max mem: 5.6 GB
2025-01-05 13:40:14,375 Train INFO: eta: 2:01:54  iter: 120  time: 0.1784 (0.2097)  data: 0.0800 (0.0944)  loss: 2.1343 (3.4438)  lr: 0.000100  max mem: 5.6 GB
2025-01-05 13:40:17,944 Train INFO: eta: 1:59:14  iter: 140  time: 0.1781 (0.2052)  data: 0.0796 (0.0923)  loss: 2.0823 (3.2609)  lr: 0.000100  max mem: 5.6 GB
2025-01-05 13:40:21,531 Train INFO: eta: 1:57:17  iter: 160  time: 0.1794 (0.2020)  data: 0.0798 (0.0908)  loss: 2.2838 (3.1400)  lr: 0.000100  max mem: 5.6 GB
2025-01-05 13:40:25,121 Train INFO: eta: 1:55:46  iter: 180  time: 0.1795 (0.1995)  data: 0.0792 (0.0895)  loss: 2.0089 (3.0206)  lr: 0.000100  max mem: 5.6 GB
2025-01-05 13:40:28,736 Train INFO: eta: 1:54:37  iter: 200  time: 0.1801 (0.1976)  data: 0.0790 (0.0885)  loss: 2.1128 (2.9338)  lr: 0.000100  max mem: 5.6 GB
2025-01-05 13:40:32,328 Train INFO: eta: 1:53:36  iter: 220  time: 0.1792 (0.1960)  data: 0.0789 (0.0876)  loss: 2.0758 (2.8542)  lr: 0.000100  max mem: 5.6 GB
2025-01-05 13:40:35,914 Train INFO: eta: 1:52:44  iter: 240  time: 0.1792 (0.1946)  data: 0.0794 (0.0869)  loss: 2.0441 (2.7903)  lr: 0.000100  max mem: 5.6 GB
2025-01-05 13:40:39,531 Train INFO: eta: 1:52:03  iter: 260  time: 0.1802 (0.1935)  data: 0.0799 (0.0864)  loss: 1.9624 (2.7365)  lr: 0.000100  max mem: 5.6 GB
2025-01-05 13:40:43,131 Train INFO: eta: 1:51:26  iter: 280  time: 0.1802 (0.1926)  data: 0.0799 (0.0859)  loss: 1.9925 (2.6898)  lr: 0.000100  max mem: 5.6 GB
2025-01-05 13:40:46,736 Train INFO: eta: 1:50:53  iter: 300  time: 0.1800 (0.1918)  data: 0.0790 (0.0855)  loss: 1.9724 (2.6461)  lr: 0.000100  max mem: 5.6 GB
2025-01-05 13:40:50,327 Train INFO: eta: 1:50:23  iter: 320  time: 0.1797 (0.1910)  data: 0.0794 (0.0851)  loss: 2.0088 (2.6047)  lr: 0.000100  max mem: 5.6 GB
2025-01-05 13:40:53,913 Train INFO: eta: 1:49:55  iter: 340  time: 0.1783 (0.1903)  data: 0.0795 (0.0848)  loss: 1.9888 (2.5707)  lr: 0.000100  max mem: 5.6 GB
2025-01-05 13:40:57,494 Train INFO: eta: 1:49:30  iter: 360  time: 0.1782 (0.1897)  data: 0.0795 (0.0845)  loss: 1.9644 (2.5370)  lr: 0.000100  max mem: 5.6 GB
2025-01-05 13:41:01,077 Train INFO: eta: 1:49:07  iter: 380  time: 0.1785 (0.1891)  data: 0.0794 (0.0842)  loss: 1.8542 (2.5051)  lr: 0.000100  max mem: 5.6 GB
2025-01-05 13:41:04,662 Train INFO: eta: 1:48:46  iter: 400  time: 0.1795 (0.1886)  data: 0.0793 (0.0840)  loss: 1.9595 (2.4813)  lr: 0.000100  max mem: 5.6 GB
2025-01-05 13:41:08,245 Train INFO: eta: 1:48:27  iter: 420  time: 0.1778 (0.1882)  data: 0.0791 (0.0837)  loss: 1.9591 (2.4603)  lr: 0.000100  max mem: 5.6 GB
2025-01-05 13:41:11,811 Train INFO: eta: 1:48:07  iter: 440  time: 0.1778 (0.1877)  data: 0.0794 (0.0836)  loss: 2.0259 (2.4425)  lr: 0.000100  max mem: 5.6 GB
2025-01-05 13:41:15,391 Train INFO: eta: 1:47:51  iter: 460  time: 0.1783 (0.1874)  data: 0.0787 (0.0833)  loss: 1.8366 (2.4160)  lr: 0.000100  max mem: 5.6 GB
2025-01-05 13:41:18,964 Train INFO: eta: 1:47:34  iter: 480  time: 0.1783 (0.1870)  data: 0.0787 (0.0832)  loss: 2.0390 (2.3992)  lr: 0.000100  max mem: 5.6 GB
2025-01-05 13:41:22,517 Train INFO: eta: 1:47:18  iter: 500  time: 0.1769 (0.1866)  data: 0.0785 (0.0830)  loss: 1.8619 (2.3818)  lr: 0.000100  max mem: 5.6 GB
2025-01-05 13:41:26,068 Train INFO: eta: 1:47:02  iter: 520  time: 0.1775 (0.1863)  data: 0.0786 (0.0828)  loss: 1.8091 (2.3621)  lr: 0.000100  max mem: 5.6 GB
2025-01-05 13:41:29,609 Train INFO: eta: 1:46:46  iter: 540  time: 0.1769 (0.1859)  data: 0.0785 (0.0827)  loss: 1.8724 (2.3447)  lr: 0.000100  max mem: 5.6 GB
2025-01-05 13:41:33,154 Train INFO: eta: 1:46:32  iter: 560  time: 0.1769 (0.1856)  data: 0.0781 (0.0825)  loss: 1.9348 (2.3303)  lr: 0.000100  max mem: 5.6 GB
2025-01-05 13:41:36,709 Train INFO: eta: 1:46:19  iter: 580  time: 0.1772 (0.1853)  data: 0.0784 (0.0824)  loss: 1.9080 (2.3149)  lr: 0.000100  max mem: 5.6 GB
2025-01-05 13:41:40,260 Train INFO: eta: 1:46:06  iter: 600  time: 0.1767 (0.1851)  data: 0.0782 (0.0822)  loss: 1.9082 (2.3025)  lr: 0.000100  max mem: 5.6 GB
2025-01-05 13:41:43,814 Train INFO: eta: 1:45:54  iter: 620  time: 0.1775 (0.1848)  data: 0.0784 (0.0821)  loss: 1.9829 (2.2919)  lr: 0.000100  max mem: 5.6 GB
2025-01-05 13:41:47,360 Train INFO: eta: 1:45:42  iter: 640  time: 0.1771 (0.1846)  data: 0.0782 (0.0820)  loss: 1.7332 (2.2757)  lr: 0.000100  max mem: 5.6 GB
2025-01-05 13:41:50,921 Train INFO: eta: 1:45:32  iter: 660  time: 0.1771 (0.1844)  data: 0.0783 (0.0819)  loss: 1.9807 (2.2668)  lr: 0.000100  max mem: 5.6 GB
2025-01-05 13:41:54,465 Train INFO: eta: 1:45:21  iter: 680  time: 0.1776 (0.1842)  data: 0.0784 (0.0818)  loss: 1.9050 (2.2573)  lr: 0.000100  max mem: 5.6 GB
2025-01-05 13:41:58,008 Train INFO: eta: 1:45:11  iter: 700  time: 0.1762 (0.1840)  data: 0.0781 (0.0817)  loss: 1.9065 (2.2460)  lr: 0.000100  max mem: 5.6 GB
2025-01-05 13:42:01,541 Train INFO: eta: 1:45:00  iter: 720  time: 0.1756 (0.1838)  data: 0.0783 (0.0816)  loss: 1.7828 (2.2334)  lr: 0.000100  max mem: 5.6 GB
2025-01-05 13:42:05,093 Train INFO: eta: 1:44:51  iter: 740  time: 0.1769 (0.1836)  data: 0.0774 (0.0815)  loss: 1.7498 (2.2229)  lr: 0.000100  max mem: 5.6 GB
2025-01-05 13:42:08,654 Train INFO: eta: 1:44:42  iter: 760  time: 0.1778 (0.1835)  data: 0.0777 (0.0814)  loss: 1.8739 (2.2144)  lr: 0.000100  max mem: 5.6 GB
2025-01-05 13:42:12,206 Train INFO: eta: 1:44:33  iter: 780  time: 0.1770 (0.1833)  data: 0.0771 (0.0813)  loss: 1.7325 (2.2036)  lr: 0.000100  max mem: 5.6 GB
2025-01-05 13:42:15,762 Train INFO: eta: 1:44:25  iter: 800  time: 0.1777 (0.1832)  data: 0.0774 (0.0812)  loss: 1.8439 (2.1963)  lr: 0.000100  max mem: 5.6 GB
2025-01-05 13:42:19,312 Train INFO: eta: 1:44:16  iter: 820  time: 0.1767 (0.1831)  data: 0.0770 (0.0811)  loss: 1.7838 (2.1876)  lr: 0.000100  max mem: 5.6 GB
2025-01-05 13:42:22,833 Train INFO: eta: 1:44:07  iter: 840  time: 0.1755 (0.1829)  data: 0.0771 (0.0810)  loss: 1.8155 (2.1805)  lr: 0.000100  max mem: 5.6 GB
2025-01-05 13:42:26,361 Train INFO: eta: 1:43:58  iter: 860  time: 0.1765 (0.1827)  data: 0.0769 (0.0809)  loss: 1.9256 (2.1754)  lr: 0.000100  max mem: 5.6 GB
2025-01-05 13:42:29,898 Train INFO: eta: 1:43:50  iter: 880  time: 0.1760 (0.1826)  data: 0.0770 (0.0808)  loss: 1.7699 (2.1679)  lr: 0.000100  max mem: 5.6 GB
2025-01-05 13:42:33,425 Train INFO: eta: 1:43:41  iter: 900  time: 0.1764 (0.1825)  data: 0.0764 (0.0807)  loss: 1.7137 (2.1606)  lr: 0.000100  max mem: 5.6 GB
2025-01-05 13:42:36,950 Train INFO: eta: 1:43:33  iter: 920  time: 0.1763 (0.1823)  data: 0.0767 (0.0806)  loss: 1.7598 (2.1541)  lr: 0.000100  max mem: 5.6 GB
2025-01-05 13:42:40,458 Train INFO: eta: 1:43:24  iter: 940  time: 0.1750 (0.1822)  data: 0.0766 (0.0805)  loss: 1.8285 (2.1474)  lr: 0.000100  max mem: 5.6 GB
2025-01-05 13:42:43,978 Train INFO: eta: 1:43:16  iter: 960  time: 0.1755 (0.1820)  data: 0.0767 (0.0805)  loss: 1.7903 (2.1423)  lr: 0.000100  max mem: 5.6 GB
2025-01-05 13:42:47,477 Train INFO: eta: 1:43:08  iter: 980  time: 0.1751 (0.1819)  data: 0.0765 (0.0804)  loss: 1.8780 (2.1374)  lr: 0.000100  max mem: 5.6 GB
2025-01-05 13:42:50,984 Train INFO: eta: 1:43:00  iter: 1000  time: 0.1750 (0.1818)  data: 0.0764 (0.0803)  loss: 2.0308 (2.1360)  lr: 0.000100  max mem: 5.6 GB
2025-01-05 13:42:51,387 Train INFO: Validation
2025-01-05 13:42:51,392 Train INFO: Begin extract
2025-01-05 13:43:54,722 Train INFO: Best iteration 1000: {'mean_average_precision_at_r': 0.3302402441339784, 'precision_at_1': 0.6155168424184324, 'r_precision': 0.3624765591568342}
2025-01-05 13:43:59,466 Train INFO: eta: 2:18:56  iter: 1020  time: 0.2225 (0.2453)  data: 0.0752 (0.1427)  loss: 13.3156 (2.3424)  lr: 0.000100  max mem: 5.6 GB
2025-01-05 13:44:04,166 Train INFO: eta: 2:18:45  iter: 1040  time: 0.2190 (0.2452)  data: 0.0754 (0.1414)  loss: 15.3816 (2.5839)  lr: 0.000100  max mem: 5.6 GB
2025-01-05 13:44:08,529 Train INFO: eta: 2:18:23  iter: 1060  time: 0.2173 (0.2446)  data: 0.0754 (0.1401)  loss: 13.9276 (2.8040)  lr: 0.000100  max mem: 5.6 GB
2025-01-05 13:44:12,939 Train INFO: eta: 2:18:02  iter: 1080  time: 0.2201 (0.2442)  data: 0.0759 (0.1389)  loss: 16.4137 (3.0631)  lr: 0.000100  max mem: 5.6 GB
2025-01-05 13:44:17,562 Train INFO: eta: 2:17:50  iter: 1100  time: 0.2190 (0.2440)  data: 0.0753 (0.1378)  loss: 18.7245 (3.3479)  lr: 0.000100  max mem: 5.6 GB
2025-01-05 13:44:21,943 Train INFO: eta: 2:17:30  iter: 1120  time: 0.2176 (0.2435)  data: 0.0758 (0.1367)  loss: 18.6719 (3.6206)  lr: 0.000100  max mem: 5.6 GB
2025-01-05 13:44:26,594 Train INFO: eta: 2:17:18  iter: 1140  time: 0.2174 (0.2433)  data: 0.0755 (0.1358)  loss: 18.6933 (3.8872)  lr: 0.000100  max mem: 5.6 GB
2025-01-05 13:44:31,062 Train INFO: eta: 2:17:02  iter: 1160  time: 0.2223 (0.2430)  data: 0.0798 (0.1349)  loss: 17.7724 (4.1266)  lr: 0.000100  max mem: 5.6 GB
2025-01-05 13:44:35,506 Train INFO: eta: 2:16:45  iter: 1180  time: 0.2210 (0.2426)  data: 0.0803 (0.1339)  loss: 17.4038 (4.3518)  lr: 0.000100  max mem: 5.6 GB
2025-01-05 13:44:39,899 Train INFO: eta: 2:16:27  iter: 1200  time: 0.2196 (0.2422)  data: 0.0801 (0.1330)  loss: 15.9163 (4.5505)  lr: 0.000100  max mem: 5.6 GB
2025-01-05 13:44:44,315 Train INFO: eta: 2:16:11  iter: 1220  time: 0.2200 (0.2419)  data: 0.0799 (0.1322)  loss: 16.7669 (4.7510)  lr: 0.000100  max mem: 5.6 GB
2025-01-05 13:44:48,763 Train INFO: eta: 2:15:55  iter: 1240  time: 0.2222 (0.2416)  data: 0.0794 (0.1313)  loss: 16.1740 (4.9353)  lr: 0.000100  max mem: 5.6 GB
2025-01-05 13:44:53,196 Train INFO: eta: 2:15:40  iter: 1260  time: 0.2212 (0.2413)  data: 0.0791 (0.1305)  loss: 15.3709 (5.1002)  lr: 0.000100  max mem: 5.6 GB
2025-01-05 13:44:57,613 Train INFO: eta: 2:15:24  iter: 1280  time: 0.2205 (0.2409)  data: 0.0805 (0.1297)  loss: 15.2693 (5.2611)  lr: 0.000100  max mem: 5.6 GB
2025-01-05 13:45:02,022 Train INFO: eta: 2:15:08  iter: 1300  time: 0.2202 (0.2406)  data: 0.0798 (0.1289)  loss: 14.7930 (5.4086)  lr: 0.000100  max mem: 5.6 GB
2025-01-05 13:45:06,427 Train INFO: eta: 2:14:53  iter: 1320  time: 0.2201 (0.2403)  data: 0.0802 (0.1282)  loss: 14.5799 (5.5541)  lr: 0.000100  max mem: 5.6 GB
2025-01-05 13:45:10,827 Train INFO: eta: 2:14:38  iter: 1340  time: 0.2191 (0.2400)  data: 0.0796 (0.1275)  loss: 14.0459 (5.6850)  lr: 0.000100  max mem: 5.6 GB
2025-01-05 13:45:15,205 Train INFO: eta: 2:14:23  iter: 1360  time: 0.2193 (0.2397)  data: 0.0793 (0.1268)  loss: 14.2498 (5.8123)  lr: 0.000100  max mem: 5.6 GB
2025-01-05 13:45:19,580 Train INFO: eta: 2:14:08  iter: 1380  time: 0.2183 (0.2394)  data: 0.0794 (0.1261)  loss: 13.8294 (5.9303)  lr: 0.000100  max mem: 5.6 GB
2025-01-05 13:45:23,943 Train INFO: eta: 2:13:53  iter: 1400  time: 0.2182 (0.2391)  data: 0.0797 (0.1254)  loss: 14.0363 (6.0451)  lr: 0.000100  max mem: 5.6 GB
2025-01-05 13:45:28,299 Train INFO: eta: 2:13:38  iter: 1420  time: 0.2170 (0.2388)  data: 0.0798 (0.1248)  loss: 12.9072 (6.1441)  lr: 0.000100  max mem: 5.6 GB
2025-01-05 13:45:32,666 Train INFO: eta: 2:13:24  iter: 1440  time: 0.2178 (0.2385)  data: 0.0790 (0.1241)  loss: 13.4909 (6.2476)  lr: 0.000100  max mem: 5.6 GB
2025-01-05 13:45:37,007 Train INFO: eta: 2:13:09  iter: 1460  time: 0.2171 (0.2382)  data: 0.0789 (0.1235)  loss: 13.6940 (6.3473)  lr: 0.000100  max mem: 5.6 GB
2025-01-05 13:45:41,355 Train INFO: eta: 2:12:55  iter: 1480  time: 0.2167 (0.2379)  data: 0.0792 (0.1229)  loss: 14.1617 (6.4527)  lr: 0.000100  max mem: 5.6 GB
2025-01-05 13:45:45,697 Train INFO: eta: 2:12:41  iter: 1500  time: 0.2162 (0.2377)  data: 0.0797 (0.1224)  loss: 14.0402 (6.5554)  lr: 0.000100  max mem: 5.6 GB
2025-01-05 13:45:50,039 Train INFO: eta: 2:12:27  iter: 1520  time: 0.2170 (0.2374)  data: 0.0788 (0.1218)  loss: 13.9386 (6.6536)  lr: 0.000100  max mem: 5.6 GB
2025-01-05 13:45:54,395 Train INFO: eta: 2:12:14  iter: 1540  time: 0.2164 (0.2371)  data: 0.0794 (0.1212)  loss: 13.3899 (6.7485)  lr: 0.000100  max mem: 5.6 GB
2025-01-05 13:45:58,720 Train INFO: eta: 2:12:00  iter: 1560  time: 0.2160 (0.2369)  data: 0.0791 (0.1207)  loss: 13.9687 (6.8411)  lr: 0.000100  max mem: 5.6 GB
2025-01-05 13:46:03,080 Train INFO: eta: 2:11:48  iter: 1580  time: 0.2168 (0.2366)  data: 0.0783 (0.1202)  loss: 14.3514 (6.9325)  lr: 0.000100  max mem: 5.6 GB
2025-01-05 13:46:07,416 Train INFO: eta: 2:11:35  iter: 1600  time: 0.2156 (0.2364)  data: 0.0791 (0.1196)  loss: 14.1140 (7.0238)  lr: 0.000100  max mem: 5.6 GB
2025-01-05 13:46:11,765 Train INFO: eta: 2:11:22  iter: 1620  time: 0.2167 (0.2361)  data: 0.0787 (0.1191)  loss: 14.6494 (7.1173)  lr: 0.000100  max mem: 5.6 GB
2025-01-05 13:46:16,085 Train INFO: eta: 2:11:09  iter: 1640  time: 0.2151 (0.2359)  data: 0.0790 (0.1187)  loss: 14.1239 (7.1982)  lr: 0.000100  max mem: 5.6 GB
2025-01-05 13:46:20,413 Train INFO: eta: 2:10:57  iter: 1660  time: 0.2161 (0.2357)  data: 0.0789 (0.1182)  loss: 14.3982 (7.2863)  lr: 0.000100  max mem: 5.6 GB
2025-01-05 13:46:24,754 Train INFO: eta: 2:10:44  iter: 1680  time: 0.2171 (0.2354)  data: 0.0792 (0.1177)  loss: 13.9941 (7.3715)  lr: 0.000100  max mem: 5.6 GB
2025-01-05 13:46:29,084 Train INFO: eta: 2:10:32  iter: 1700  time: 0.2162 (0.2352)  data: 0.0788 (0.1173)  loss: 13.6732 (7.4460)  lr: 0.000100  max mem: 5.6 GB
2025-01-05 13:46:33,417 Train INFO: eta: 2:10:20  iter: 1720  time: 0.2160 (0.2350)  data: 0.0786 (0.1168)  loss: 14.1962 (7.5237)  lr: 0.000100  max mem: 5.6 GB
2025-01-05 13:46:37,748 Train INFO: eta: 2:10:09  iter: 1740  time: 0.2157 (0.2348)  data: 0.0786 (0.1164)  loss: 14.1744 (7.5999)  lr: 0.000100  max mem: 5.6 GB
2025-01-05 13:46:42,179 Train INFO: eta: 2:09:59  iter: 1760  time: 0.2150 (0.2346)  data: 0.0785 (0.1159)  loss: 13.7785 (7.6730)  lr: 0.000100  max mem: 5.6 GB
2025-01-05 13:46:46,483 Train INFO: eta: 2:09:47  iter: 1780  time: 0.2147 (0.2344)  data: 0.0787 (0.1155)  loss: 13.7191 (7.7440)  lr: 0.000100  max mem: 5.6 GB
2025-01-05 13:46:50,810 Train INFO: eta: 2:09:36  iter: 1800  time: 0.2157 (0.2342)  data: 0.0781 (0.1151)  loss: 14.2223 (7.8172)  lr: 0.000100  max mem: 5.6 GB
2025-01-05 13:46:55,118 Train INFO: eta: 2:09:24  iter: 1820  time: 0.2146 (0.2340)  data: 0.0781 (0.1147)  loss: 14.7032 (7.8895)  lr: 0.000100  max mem: 5.6 GB
2025-01-05 13:46:59,435 Train INFO: eta: 2:09:13  iter: 1840  time: 0.2152 (0.2338)  data: 0.0781 (0.1143)  loss: 14.1224 (7.9586)  lr: 0.000100  max mem: 5.6 GB
2025-01-05 13:47:03,762 Train INFO: eta: 2:09:02  iter: 1860  time: 0.2156 (0.2336)  data: 0.0781 (0.1139)  loss: 14.4668 (8.0291)  lr: 0.000100  max mem: 5.6 GB
2025-01-05 13:47:08,067 Train INFO: eta: 2:08:51  iter: 1880  time: 0.2142 (0.2334)  data: 0.0780 (0.1135)  loss: 13.6294 (8.0904)  lr: 0.000100  max mem: 5.6 GB
2025-01-05 13:47:12,374 Train INFO: eta: 2:08:40  iter: 1900  time: 0.2150 (0.2332)  data: 0.0776 (0.1132)  loss: 13.2537 (8.1463)  lr: 0.000100  max mem: 5.6 GB
2025-01-05 13:47:16,674 Train INFO: eta: 2:08:29  iter: 1920  time: 0.2150 (0.2331)  data: 0.0778 (0.1128)  loss: 13.8059 (8.2065)  lr: 0.000100  max mem: 5.6 GB
2025-01-05 13:47:20,997 Train INFO: eta: 2:08:19  iter: 1940  time: 0.2153 (0.2329)  data: 0.0776 (0.1124)  loss: 13.6049 (8.2636)  lr: 0.000100  max mem: 5.6 GB
2025-01-05 13:47:25,316 Train INFO: eta: 2:08:08  iter: 1960  time: 0.2154 (0.2327)  data: 0.0770 (0.1121)  loss: 13.9604 (8.3202)  lr: 0.000100  max mem: 5.6 GB
2025-01-05 13:47:29,596 Train INFO: eta: 2:07:57  iter: 1980  time: 0.2137 (0.2325)  data: 0.0776 (0.1117)  loss: 13.4183 (8.3694)  lr: 0.000100  max mem: 5.6 GB
2025-01-05 13:47:33,902 Train INFO: eta: 2:07:47  iter: 2000  time: 0.2146 (0.2323)  data: 0.0772 (0.1114)  loss: 13.4930 (8.4214)  lr: 0.000100  max mem: 5.6 GB
2025-01-05 13:47:34,282 Train INFO: Validation
2025-01-05 13:47:34,286 Train INFO: Begin extract
2025-01-05 13:48:39,839 Train INFO: Best iteration 2000: {'mean_average_precision_at_r': 0.35558969284715664, 'precision_at_1': 0.6521106740273049, 'r_precision': 0.387432222912455}
2025-01-05 13:48:44,176 Train INFO: eta: 2:25:34  iter: 2020  time: 0.2166 (0.2648)  data: 0.0770 (0.1437)  loss: 13.3999 (8.4719)  lr: 0.000100  max mem: 5.6 GB
2025-01-05 13:48:48,493 Train INFO: eta: 2:25:13  iter: 2040  time: 0.2147 (0.2644)  data: 0.0771 (0.1430)  loss: 12.2019 (8.5121)  lr: 0.000100  max mem: 5.6 GB
2025-01-05 13:48:52,805 Train INFO: eta: 2:24:52  iter: 2060  time: 0.2150 (0.2639)  data: 0.0773 (0.1424)  loss: 13.6953 (8.5621)  lr: 0.000100  max mem: 5.6 GB
2025-01-05 13:48:57,095 Train INFO: eta: 2:24:31  iter: 2080  time: 0.2138 (0.2634)  data: 0.0769 (0.1418)  loss: 12.1818 (8.5968)  lr: 0.000100  max mem: 5.6 GB
2025-01-05 13:49:01,394 Train INFO: eta: 2:24:10  iter: 2100  time: 0.2139 (0.2629)  data: 0.0762 (0.1411)  loss: 12.4926 (8.6336)  lr: 0.000100  max mem: 5.6 GB
2025-01-05 13:49:05,717 Train INFO: eta: 2:23:51  iter: 2120  time: 0.2162 (0.2625)  data: 0.0763 (0.1405)  loss: 13.0214 (8.6755)  lr: 0.000100  max mem: 5.6 GB
2025-01-05 13:49:10,017 Train INFO: eta: 2:23:31  iter: 2140  time: 0.2145 (0.2621)  data: 0.0764 (0.1399)  loss: 13.5293 (8.7191)  lr: 0.000100  max mem: 5.6 GB
2025-01-05 13:49:14,321 Train INFO: eta: 2:23:11  iter: 2160  time: 0.2149 (0.2616)  data: 0.0760 (0.1393)  loss: 12.8285 (8.7575)  lr: 0.000100  max mem: 5.6 GB
2025-01-05 13:49:18,650 Train INFO: eta: 2:22:52  iter: 2180  time: 0.2161 (0.2612)  data: 0.0753 (0.1387)  loss: 13.2414 (8.7970)  lr: 0.000100  max mem: 5.6 GB
2025-01-05 13:49:22,939 Train INFO: eta: 2:22:33  iter: 2200  time: 0.2138 (0.2608)  data: 0.0761 (0.1382)  loss: 12.7425 (8.8350)  lr: 0.000100  max mem: 5.6 GB
2025-01-05 13:49:27,233 Train INFO: eta: 2:22:14  iter: 2220  time: 0.2145 (0.2604)  data: 0.0759 (0.1376)  loss: 12.9691 (8.8757)  lr: 0.000100  max mem: 5.6 GB
2025-01-05 13:49:31,543 Train INFO: eta: 2:21:56  iter: 2240  time: 0.2133 (0.2600)  data: 0.0757 (0.1371)  loss: 12.5680 (8.9089)  lr: 0.000100  max mem: 5.6 GB
2025-01-05 13:49:35,822 Train INFO: eta: 2:21:38  iter: 2260  time: 0.2126 (0.2596)  data: 0.0755 (0.1365)  loss: 12.0924 (8.9391)  lr: 0.000100  max mem: 5.6 GB
2025-01-05 13:49:40,075 Train INFO: eta: 2:21:19  iter: 2280  time: 0.2127 (0.2592)  data: 0.0755 (0.1360)  loss: 12.2907 (8.9710)  lr: 0.000100  max mem: 5.6 GB
2025-01-05 13:49:44,359 Train INFO: eta: 2:21:01  iter: 2300  time: 0.2124 (0.2588)  data: 0.0753 (0.1355)  loss: 12.9309 (9.0053)  lr: 0.000100  max mem: 5.6 GB
2025-01-05 13:49:48,978 Train INFO: eta: 2:20:48  iter: 2320  time: 0.2175 (0.2585)  data: 0.0790 (0.1351)  loss: 11.8736 (9.0339)  lr: 0.000100  max mem: 5.6 GB
2025-01-05 13:49:53,322 Train INFO: eta: 2:20:31  iter: 2340  time: 0.2168 (0.2582)  data: 0.0799 (0.1346)  loss: 12.3728 (9.0655)  lr: 0.000100  max mem: 5.6 GB
2025-01-05 13:49:57,675 Train INFO: eta: 2:20:15  iter: 2360  time: 0.2163 (0.2578)  data: 0.0800 (0.1341)  loss: 13.9424 (9.1089)  lr: 0.000100  max mem: 5.6 GB
2025-01-05 13:50:02,019 Train INFO: eta: 2:19:59  iter: 2380  time: 0.2170 (0.2575)  data: 0.0798 (0.1337)  loss: 14.4417 (9.1552)  lr: 0.000100  max mem: 5.6 GB
2025-01-05 13:50:06,500 Train INFO: eta: 2:19:44  iter: 2400  time: 0.2173 (0.2572)  data: 0.0801 (0.1332)  loss: 15.3962 (9.2055)  lr: 0.000100  max mem: 5.6 GB
2025-01-05 13:50:10,829 Train INFO: eta: 2:19:28  iter: 2420  time: 0.2164 (0.2569)  data: 0.0803 (0.1328)  loss: 14.0132 (9.2453)  lr: 0.000100  max mem: 5.6 GB
2025-01-05 13:50:15,174 Train INFO: eta: 2:19:13  iter: 2440  time: 0.2168 (0.2565)  data: 0.0798 (0.1324)  loss: 15.0937 (9.2927)  lr: 0.000100  max mem: 5.6 GB
2025-01-05 13:50:19,522 Train INFO: eta: 2:18:57  iter: 2460  time: 0.2169 (0.2562)  data: 0.0799 (0.1320)  loss: 14.0860 (9.3332)  lr: 0.000100  max mem: 5.6 GB
2025-01-05 13:50:23,876 Train INFO: eta: 2:18:42  iter: 2480  time: 0.2174 (0.2559)  data: 0.0798 (0.1315)  loss: 14.7433 (9.3764)  lr: 0.000100  max mem: 5.6 GB
2025-01-05 13:50:28,210 Train INFO: eta: 2:18:26  iter: 2500  time: 0.2158 (0.2556)  data: 0.0794 (0.1311)  loss: 14.3005 (9.4148)  lr: 0.000100  max mem: 5.6 GB
2025-01-05 13:50:32,558 Train INFO: eta: 2:18:12  iter: 2520  time: 0.2172 (0.2553)  data: 0.0796 (0.1307)  loss: 14.1222 (9.4513)  lr: 0.000100  max mem: 5.6 GB
2025-01-05 13:50:36,899 Train INFO: eta: 2:17:57  iter: 2540  time: 0.2167 (0.2550)  data: 0.0799 (0.1303)  loss: 14.1974 (9.4895)  lr: 0.000100  max mem: 5.6 GB
2025-01-05 13:50:41,224 Train INFO: eta: 2:17:42  iter: 2560  time: 0.2163 (0.2547)  data: 0.0796 (0.1299)  loss: 14.2988 (9.5262)  lr: 0.000100  max mem: 5.6 GB
2025-01-05 13:50:45,548 Train INFO: eta: 2:17:27  iter: 2580  time: 0.2156 (0.2544)  data: 0.0796 (0.1295)  loss: 14.0200 (9.5613)  lr: 0.000100  max mem: 5.6 GB
2025-01-05 13:50:49,877 Train INFO: eta: 2:17:12  iter: 2600  time: 0.2158 (0.2541)  data: 0.0795 (0.1291)  loss: 13.6957 (9.5946)  lr: 0.000100  max mem: 5.6 GB
2025-01-05 13:50:54,227 Train INFO: eta: 2:16:58  iter: 2620  time: 0.2175 (0.2538)  data: 0.0794 (0.1288)  loss: 14.6888 (9.6338)  lr: 0.000100  max mem: 5.6 GB
2025-01-05 13:50:58,563 Train INFO: eta: 2:16:44  iter: 2640  time: 0.2164 (0.2535)  data: 0.0790 (0.1284)  loss: 14.9334 (9.6759)  lr: 0.000100  max mem: 5.6 GB
2025-01-05 13:51:02,912 Train INFO: eta: 2:16:30  iter: 2660  time: 0.2163 (0.2533)  data: 0.0791 (0.1280)  loss: 13.6121 (9.7080)  lr: 0.000100  max mem: 5.6 GB
2025-01-05 13:51:07,249 Train INFO: eta: 2:16:16  iter: 2680  time: 0.2161 (0.2530)  data: 0.0788 (0.1276)  loss: 13.6756 (9.7386)  lr: 0.000100  max mem: 5.6 GB
2025-01-05 13:51:11,575 Train INFO: eta: 2:16:03  iter: 2700  time: 0.2155 (0.2527)  data: 0.0792 (0.1273)  loss: 13.8883 (9.7692)  lr: 0.000100  max mem: 5.6 GB
2025-01-05 13:51:15,912 Train INFO: eta: 2:15:49  iter: 2720  time: 0.2161 (0.2525)  data: 0.0787 (0.1269)  loss: 13.6173 (9.7983)  lr: 0.000100  max mem: 5.6 GB
2025-01-05 13:51:20,219 Train INFO: eta: 2:15:35  iter: 2740  time: 0.2152 (0.2522)  data: 0.0791 (0.1266)  loss: 13.7473 (9.8286)  lr: 0.000100  max mem: 5.6 GB
2025-01-05 13:51:24,549 Train INFO: eta: 2:15:22  iter: 2760  time: 0.2152 (0.2519)  data: 0.0788 (0.1262)  loss: 13.6916 (9.8587)  lr: 0.000100  max mem: 5.6 GB
2025-01-05 13:51:28,888 Train INFO: eta: 2:15:09  iter: 2780  time: 0.2163 (0.2517)  data: 0.0792 (0.1259)  loss: 12.9756 (9.8836)  lr: 0.000100  max mem: 5.6 GB
2025-01-05 13:51:33,213 Train INFO: eta: 2:14:56  iter: 2800  time: 0.2160 (0.2514)  data: 0.0790 (0.1256)  loss: 13.6871 (9.9120)  lr: 0.000100  max mem: 5.6 GB
2025-01-05 13:51:37,531 Train INFO: eta: 2:14:42  iter: 2820  time: 0.2152 (0.2512)  data: 0.0790 (0.1252)  loss: 12.6456 (9.9330)  lr: 0.000100  max mem: 5.6 GB
2025-01-05 13:51:41,876 Train INFO: eta: 2:14:30  iter: 2840  time: 0.2171 (0.2509)  data: 0.0789 (0.1249)  loss: 13.1291 (9.9568)  lr: 0.000100  max mem: 5.6 GB
2025-01-05 13:51:46,236 Train INFO: eta: 2:14:17  iter: 2860  time: 0.2177 (0.2507)  data: 0.0784 (0.1246)  loss: 12.7439 (9.9784)  lr: 0.000100  max mem: 5.6 GB
2025-01-05 13:51:50,608 Train INFO: eta: 2:14:05  iter: 2880  time: 0.2185 (0.2505)  data: 0.0782 (0.1243)  loss: 12.2353 (9.9963)  lr: 0.000100  max mem: 5.6 GB
2025-01-05 13:51:54,990 Train INFO: eta: 2:13:53  iter: 2900  time: 0.2190 (0.2503)  data: 0.0783 (0.1239)  loss: 13.1653 (10.0171)  lr: 0.000100  max mem: 5.6 GB
2025-01-05 13:51:59,331 Train INFO: eta: 2:13:41  iter: 2920  time: 0.2165 (0.2500)  data: 0.0780 (0.1236)  loss: 12.7674 (10.0356)  lr: 0.000100  max mem: 5.6 GB
2025-01-05 13:52:03,672 Train INFO: eta: 2:13:29  iter: 2940  time: 0.2167 (0.2498)  data: 0.0777 (0.1233)  loss: 12.7831 (10.0554)  lr: 0.000100  max mem: 5.6 GB
2025-01-05 13:52:07,996 Train INFO: eta: 2:13:16  iter: 2960  time: 0.2160 (0.2496)  data: 0.0782 (0.1230)  loss: 12.0867 (10.0707)  lr: 0.000100  max mem: 5.6 GB
2025-01-05 13:52:12,327 Train INFO: eta: 2:13:04  iter: 2980  time: 0.2157 (0.2494)  data: 0.0780 (0.1227)  loss: 12.5709 (10.0888)  lr: 0.000100  max mem: 5.6 GB
2025-01-05 13:52:16,650 Train INFO: eta: 2:12:52  iter: 3000  time: 0.2153 (0.2491)  data: 0.0778 (0.1224)  loss: 12.3060 (10.1051)  lr: 0.000100  max mem: 5.6 GB
2025-01-05 13:52:17,042 Train INFO: Validation
2025-01-05 13:52:17,047 Train INFO: Begin extract
2025-01-05 13:53:20,144 Train INFO: Best iteration 3000: {'mean_average_precision_at_r': 0.41432154556062006, 'precision_at_1': 0.7057948497570328, 'r_precision': 0.44467344955097426}
2025-01-05 13:53:24,524 Train INFO: eta: 2:23:53  iter: 3020  time: 0.2174 (0.2700)  data: 0.0777 (0.1431)  loss: 13.1167 (10.1258)  lr: 0.000100  max mem: 5.6 GB
2025-01-05 13:53:28,863 Train INFO: eta: 2:23:37  iter: 3040  time: 0.2159 (0.2696)  data: 0.0778 (0.1427)  loss: 12.3891 (10.1411)  lr: 0.000100  max mem: 5.6 GB
2025-01-05 13:53:33,183 Train INFO: eta: 2:23:20  iter: 3060  time: 0.2148 (0.2693)  data: 0.0776 (0.1423)  loss: 11.9052 (10.1540)  lr: 0.000100  max mem: 5.6 GB
2025-01-05 13:53:37,500 Train INFO: eta: 2:23:04  iter: 3080  time: 0.2147 (0.2689)  data: 0.0775 (0.1419)  loss: 12.4700 (10.1690)  lr: 0.000100  max mem: 5.6 GB
2025-01-05 13:53:41,810 Train INFO: eta: 2:22:47  iter: 3100  time: 0.2136 (0.2686)  data: 0.0774 (0.1415)  loss: 12.1472 (10.1817)  lr: 0.000100  max mem: 5.6 GB
2025-01-05 13:53:46,116 Train INFO: eta: 2:22:31  iter: 3120  time: 0.2150 (0.2682)  data: 0.0773 (0.1410)  loss: 11.8049 (10.1938)  lr: 0.000100  max mem: 5.6 GB
2025-01-05 13:53:50,436 Train INFO: eta: 2:22:15  iter: 3140  time: 0.2142 (0.2679)  data: 0.0774 (0.1406)  loss: 11.5178 (10.2038)  lr: 0.000100  max mem: 5.6 GB
2025-01-05 13:53:54,740 Train INFO: eta: 2:21:59  iter: 3160  time: 0.2145 (0.2676)  data: 0.0767 (0.1402)  loss: 12.3941 (10.2183)  lr: 0.000100  max mem: 5.6 GB
2025-01-05 13:53:59,052 Train INFO: eta: 2:21:43  iter: 3180  time: 0.2147 (0.2672)  data: 0.0771 (0.1398)  loss: 12.2336 (10.2301)  lr: 0.000100  max mem: 5.6 GB
2025-01-05 13:54:03,367 Train INFO: eta: 2:21:28  iter: 3200  time: 0.2145 (0.2669)  data: 0.0770 (0.1394)  loss: 12.2115 (10.2431)  lr: 0.000100  max mem: 5.6 GB
2025-01-05 13:54:07,668 Train INFO: eta: 2:21:12  iter: 3220  time: 0.2137 (0.2666)  data: 0.0769 (0.1391)  loss: 12.1484 (10.2544)  lr: 0.000100  max mem: 5.6 GB
2025-01-05 13:54:11,955 Train INFO: eta: 2:20:57  iter: 3240  time: 0.2132 (0.2663)  data: 0.0766 (0.1387)  loss: 12.0929 (10.2652)  lr: 0.000100  max mem: 5.6 GB
2025-01-05 13:54:16,262 Train INFO: eta: 2:20:41  iter: 3260  time: 0.2147 (0.2660)  data: 0.0768 (0.1383)  loss: 12.6342 (10.2794)  lr: 0.000100  max mem: 5.6 GB
2025-01-05 13:54:20,571 Train INFO: eta: 2:20:26  iter: 3280  time: 0.2152 (0.2657)  data: 0.0760 (0.1379)  loss: 11.8936 (10.2893)  lr: 0.000100  max mem: 5.6 GB
2025-01-05 13:54:24,895 Train INFO: eta: 2:20:11  iter: 3300  time: 0.2148 (0.2654)  data: 0.0758 (0.1375)  loss: 11.5125 (10.2976)  lr: 0.000100  max mem: 5.6 GB
2025-01-05 13:54:29,165 Train INFO: eta: 2:19:56  iter: 3320  time: 0.2126 (0.2650)  data: 0.0766 (0.1372)  loss: 11.6048 (10.3060)  lr: 0.000100  max mem: 5.6 GB
2025-01-05 13:54:33,441 Train INFO: eta: 2:19:41  iter: 3340  time: 0.2130 (0.2647)  data: 0.0760 (0.1368)  loss: 11.5619 (10.3152)  lr: 0.000100  max mem: 5.6 GB
2025-01-05 13:54:37,730 Train INFO: eta: 2:19:26  iter: 3360  time: 0.2138 (0.2644)  data: 0.0759 (0.1364)  loss: 12.0622 (10.3258)  lr: 0.000100  max mem: 5.6 GB
2025-01-05 13:54:42,008 Train INFO: eta: 2:19:12  iter: 3380  time: 0.2124 (0.2641)  data: 0.0758 (0.1361)  loss: 11.1203 (10.3303)  lr: 0.000100  max mem: 5.6 GB
2025-01-05 13:54:46,286 Train INFO: eta: 2:18:57  iter: 3400  time: 0.2127 (0.2638)  data: 0.0754 (0.1357)  loss: 11.7789 (10.3399)  lr: 0.000100  max mem: 5.6 GB
2025-01-05 13:54:50,573 Train INFO: eta: 2:18:43  iter: 3420  time: 0.2137 (0.2636)  data: 0.0755 (0.1354)  loss: 11.6759 (10.3487)  lr: 0.000100  max mem: 5.6 GB
2025-01-05 13:54:54,835 Train INFO: eta: 2:18:28  iter: 3440  time: 0.2122 (0.2633)  data: 0.0754 (0.1350)  loss: 11.3218 (10.3559)  lr: 0.000100  max mem: 5.6 GB
2025-01-05 13:54:59,220 Train INFO: eta: 2:18:15  iter: 3460  time: 0.2128 (0.2630)  data: 0.0754 (0.1347)  loss: 11.6880 (10.3651)  lr: 0.000100  max mem: 5.6 GB
2025-01-05 13:55:03,793 Train INFO: eta: 2:18:03  iter: 3480  time: 0.2142 (0.2628)  data: 0.0752 (0.1344)  loss: 11.1019 (10.3706)  lr: 0.000100  max mem: 5.6 GB
2025-01-05 13:55:08,189 Train INFO: eta: 2:17:50  iter: 3500  time: 0.2199 (0.2626)  data: 0.0799 (0.1341)  loss: 11.5976 (10.3793)  lr: 0.000100  max mem: 5.6 GB
2025-01-05 13:55:12,553 Train INFO: eta: 2:17:37  iter: 3520  time: 0.2179 (0.2623)  data: 0.0792 (0.1338)  loss: 12.4389 (10.3931)  lr: 0.000100  max mem: 5.6 GB
2025-01-05 13:55:16,947 Train INFO: eta: 2:17:24  iter: 3540  time: 0.2177 (0.2621)  data: 0.0790 (0.1335)  loss: 12.7256 (10.4070)  lr: 0.000100  max mem: 5.6 GB
2025-01-05 13:55:21,301 Train INFO: eta: 2:17:11  iter: 3560  time: 0.2172 (0.2618)  data: 0.0791 (0.1332)  loss: 13.1273 (10.4218)  lr: 0.000100  max mem: 5.6 GB
2025-01-05 13:55:25,649 Train INFO: eta: 2:16:58  iter: 3580  time: 0.2164 (0.2616)  data: 0.0796 (0.1329)  loss: 13.3258 (10.4395)  lr: 0.000100  max mem: 5.6 GB
2025-01-05 13:55:29,990 Train INFO: eta: 2:16:45  iter: 3600  time: 0.2162 (0.2613)  data: 0.0797 (0.1326)  loss: 13.1876 (10.4544)  lr: 0.000100  max mem: 5.6 GB
2025-01-05 13:55:34,355 Train INFO: eta: 2:16:32  iter: 3620  time: 0.2183 (0.2611)  data: 0.0797 (0.1323)  loss: 13.2495 (10.4708)  lr: 0.000100  max mem: 5.6 GB
2025-01-05 13:55:38,717 Train INFO: eta: 2:16:20  iter: 3640  time: 0.2182 (0.2609)  data: 0.0791 (0.1320)  loss: 12.9686 (10.4848)  lr: 0.000100  max mem: 5.6 GB
2025-01-05 13:55:43,076 Train INFO: eta: 2:16:07  iter: 3660  time: 0.2167 (0.2606)  data: 0.0795 (0.1317)  loss: 12.7511 (10.5004)  lr: 0.000100  max mem: 5.6 GB
2025-01-05 13:55:47,440 Train INFO: eta: 2:15:55  iter: 3680  time: 0.2173 (0.2604)  data: 0.0797 (0.1314)  loss: 13.5758 (10.5180)  lr: 0.000100  max mem: 5.6 GB
2025-01-05 13:55:51,825 Train INFO: eta: 2:15:43  iter: 3700  time: 0.2177 (0.2602)  data: 0.0792 (0.1312)  loss: 12.6109 (10.5307)  lr: 0.000100  max mem: 5.6 GB
2025-01-05 13:55:56,187 Train INFO: eta: 2:15:30  iter: 3720  time: 0.2174 (0.2599)  data: 0.0790 (0.1309)  loss: 13.3426 (10.5461)  lr: 0.000100  max mem: 5.6 GB
2025-01-05 13:56:00,515 Train INFO: eta: 2:15:18  iter: 3740  time: 0.2159 (0.2597)  data: 0.0792 (0.1306)  loss: 13.1042 (10.5596)  lr: 0.000100  max mem: 5.6 GB
2025-01-05 13:56:04,854 Train INFO: eta: 2:15:06  iter: 3760  time: 0.2164 (0.2595)  data: 0.0796 (0.1303)  loss: 13.3869 (10.5760)  lr: 0.000100  max mem: 5.6 GB
2025-01-05 13:56:09,186 Train INFO: eta: 2:14:53  iter: 3780  time: 0.2164 (0.2593)  data: 0.0795 (0.1301)  loss: 13.4296 (10.5904)  lr: 0.000100  max mem: 5.6 GB
2025-01-05 13:56:13,519 Train INFO: eta: 2:14:41  iter: 3800  time: 0.2166 (0.2590)  data: 0.0794 (0.1298)  loss: 13.1051 (10.6031)  lr: 0.000100  max mem: 5.6 GB
2025-01-05 13:56:17,876 Train INFO: eta: 2:14:29  iter: 3820  time: 0.2179 (0.2588)  data: 0.0783 (0.1295)  loss: 12.3126 (10.6132)  lr: 0.000100  max mem: 5.6 GB
2025-01-05 13:56:22,231 Train INFO: eta: 2:14:17  iter: 3840  time: 0.2171 (0.2586)  data: 0.0783 (0.1293)  loss: 13.1717 (10.6257)  lr: 0.000100  max mem: 5.6 GB
2025-01-05 13:56:26,596 Train INFO: eta: 2:14:06  iter: 3860  time: 0.2179 (0.2584)  data: 0.0780 (0.1290)  loss: 13.0985 (10.6402)  lr: 0.000100  max mem: 5.6 GB
2025-01-05 13:56:30,938 Train INFO: eta: 2:13:54  iter: 3880  time: 0.2169 (0.2582)  data: 0.0779 (0.1287)  loss: 12.6861 (10.6525)  lr: 0.000100  max mem: 5.6 GB
2025-01-05 13:56:35,266 Train INFO: eta: 2:13:42  iter: 3900  time: 0.2163 (0.2580)  data: 0.0790 (0.1285)  loss: 13.5425 (10.6675)  lr: 0.000100  max mem: 5.6 GB
2025-01-05 13:56:39,596 Train INFO: eta: 2:13:30  iter: 3920  time: 0.2160 (0.2578)  data: 0.0780 (0.1282)  loss: 13.1116 (10.6807)  lr: 0.000100  max mem: 5.6 GB
2025-01-05 13:56:43,919 Train INFO: eta: 2:13:19  iter: 3940  time: 0.2153 (0.2575)  data: 0.0787 (0.1280)  loss: 12.9362 (10.6918)  lr: 0.000100  max mem: 5.6 GB
2025-01-05 13:56:48,223 Train INFO: eta: 2:13:07  iter: 3960  time: 0.2146 (0.2573)  data: 0.0791 (0.1277)  loss: 12.7992 (10.7019)  lr: 0.000100  max mem: 5.6 GB
2025-01-05 13:56:52,547 Train INFO: eta: 2:12:55  iter: 3980  time: 0.2152 (0.2571)  data: 0.0785 (0.1275)  loss: 11.8006 (10.7082)  lr: 0.000100  max mem: 5.6 GB
2025-01-05 13:56:56,860 Train INFO: eta: 2:12:44  iter: 4000  time: 0.2143 (0.2569)  data: 0.0781 (0.1272)  loss: 12.3146 (10.7168)  lr: 0.000100  max mem: 5.6 GB
2025-01-05 13:56:57,233 Train INFO: Validation
2025-01-05 13:56:57,236 Train INFO: Begin extract
2025-01-05 13:58:00,337 Train INFO: Best iteration 4000: {'mean_average_precision_at_r': 0.4355205102642797, 'precision_at_1': 0.725827245380318, 'r_precision': 0.46516028854877167}
2025-01-05 13:58:04,708 Train INFO: eta: 2:20:42  iter: 4020  time: 0.2177 (0.2725)  data: 0.0789 (0.1428)  loss: 12.1479 (10.7236)  lr: 0.000100  max mem: 5.6 GB
2025-01-05 13:58:09,036 Train INFO: eta: 2:20:28  iter: 4040  time: 0.2156 (0.2722)  data: 0.0784 (0.1425)  loss: 12.5362 (10.7323)  lr: 0.000100  max mem: 5.6 GB
2025-01-05 13:58:13,380 Train INFO: eta: 2:20:14  iter: 4060  time: 0.2162 (0.2720)  data: 0.0783 (0.1421)  loss: 12.5483 (10.7431)  lr: 0.000100  max mem: 5.6 GB
2025-01-05 13:58:17,723 Train INFO: eta: 2:20:00  iter: 4080  time: 0.2158 (0.2717)  data: 0.0787 (0.1418)  loss: 12.6331 (10.7521)  lr: 0.000100  max mem: 5.6 GB
2025-01-05 13:58:22,046 Train INFO: eta: 2:19:46  iter: 4100  time: 0.2147 (0.2714)  data: 0.0784 (0.1415)  loss: 11.6411 (10.7582)  lr: 0.000100  max mem: 5.6 GB
2025-01-05 13:58:26,496 Train INFO: eta: 2:19:34  iter: 4120  time: 0.2160 (0.2712)  data: 0.0779 (0.1412)  loss: 12.2698 (10.7659)  lr: 0.000100  max mem: 5.6 GB
2025-01-05 13:58:30,820 Train INFO: eta: 2:19:20  iter: 4140  time: 0.2155 (0.2709)  data: 0.0779 (0.1409)  loss: 11.4716 (10.7698)  lr: 0.000100  max mem: 5.6 GB
2025-01-05 13:58:35,107 Train INFO: eta: 2:19:06  iter: 4160  time: 0.2138 (0.2706)  data: 0.0781 (0.1406)  loss: 12.0267 (10.7761)  lr: 0.000100  max mem: 5.6 GB
2025-01-05 13:58:39,390 Train INFO: eta: 2:18:53  iter: 4180  time: 0.2138 (0.2704)  data: 0.0781 (0.1403)  loss: 12.2006 (10.7836)  lr: 0.000100  max mem: 5.6 GB
2025-01-05 13:58:43,687 Train INFO: eta: 2:18:39  iter: 4200  time: 0.2146 (0.2701)  data: 0.0782 (0.1400)  loss: 11.7833 (10.7892)  lr: 0.000100  max mem: 5.6 GB
2025-01-05 13:58:47,989 Train INFO: eta: 2:18:26  iter: 4220  time: 0.2147 (0.2699)  data: 0.0780 (0.1397)  loss: 12.0928 (10.7957)  lr: 0.000100  max mem: 5.6 GB
2025-01-05 13:58:52,301 Train INFO: eta: 2:18:12  iter: 4240  time: 0.2152 (0.2696)  data: 0.0781 (0.1394)  loss: 11.9654 (10.8024)  lr: 0.000100  max mem: 5.6 GB
2025-01-05 13:58:56,641 Train INFO: eta: 2:17:59  iter: 4260  time: 0.2164 (0.2693)  data: 0.0770 (0.1391)  loss: 12.0639 (10.8093)  lr: 0.000100  max mem: 5.6 GB
2025-01-05 13:59:00,918 Train INFO: eta: 2:17:46  iter: 4280  time: 0.2136 (0.2691)  data: 0.0776 (0.1388)  loss: 11.6420 (10.8133)  lr: 0.000100  max mem: 5.6 GB
2025-01-05 13:59:05,250 Train INFO: eta: 2:17:33  iter: 4300  time: 0.2161 (0.2688)  data: 0.0768 (0.1386)  loss: 11.2550 (10.8167)  lr: 0.000100  max mem: 5.6 GB
2025-01-05 13:59:09,656 Train INFO: eta: 2:17:21  iter: 4320  time: 0.2197 (0.2686)  data: 0.0766 (0.1383)  loss: 11.8861 (10.8215)  lr: 0.000100  max mem: 5.6 GB
2025-01-05 13:59:13,977 Train INFO: eta: 2:17:08  iter: 4340  time: 0.2148 (0.2684)  data: 0.0764 (0.1380)  loss: 11.4881 (10.8251)  lr: 0.000100  max mem: 5.6 GB
2025-01-05 13:59:18,297 Train INFO: eta: 2:16:55  iter: 4360  time: 0.2154 (0.2681)  data: 0.0765 (0.1377)  loss: 11.0484 (10.8269)  lr: 0.000100  max mem: 5.6 GB
2025-01-05 13:59:22,595 Train INFO: eta: 2:16:42  iter: 4380  time: 0.2138 (0.2679)  data: 0.0769 (0.1374)  loss: 10.6764 (10.8280)  lr: 0.000100  max mem: 5.6 GB
2025-01-05 13:59:26,908 Train INFO: eta: 2:16:30  iter: 4400  time: 0.2148 (0.2677)  data: 0.0770 (0.1372)  loss: 11.2740 (10.8294)  lr: 0.000100  max mem: 5.6 GB
2025-01-05 13:59:31,213 Train INFO: eta: 2:16:17  iter: 4420  time: 0.2139 (0.2674)  data: 0.0767 (0.1369)  loss: 11.3311 (10.8325)  lr: 0.000100  max mem: 5.6 GB
2025-01-05 13:59:35,510 Train INFO: eta: 2:16:05  iter: 4440  time: 0.2140 (0.2672)  data: 0.0763 (0.1366)  loss: 10.8205 (10.8321)  lr: 0.000100  max mem: 5.6 GB
2025-01-05 13:59:39,826 Train INFO: eta: 2:15:52  iter: 4460  time: 0.2149 (0.2670)  data: 0.0761 (0.1363)  loss: 10.9229 (10.8328)  lr: 0.000100  max mem: 5.6 GB
2025-01-05 13:59:44,157 Train INFO: eta: 2:15:40  iter: 4480  time: 0.2160 (0.2667)  data: 0.0761 (0.1361)  loss: 10.8869 (10.8346)  lr: 0.000100  max mem: 5.6 GB
2025-01-05 13:59:48,493 Train INFO: eta: 2:15:28  iter: 4500  time: 0.2160 (0.2665)  data: 0.0758 (0.1358)  loss: 10.3665 (10.8334)  lr: 0.000100  max mem: 5.6 GB
2025-01-05 13:59:52,781 Train INFO: eta: 2:15:16  iter: 4520  time: 0.2135 (0.2663)  data: 0.0762 (0.1355)  loss: 11.3424 (10.8363)  lr: 0.000100  max mem: 5.6 GB
2025-01-05 13:59:57,085 Train INFO: eta: 2:15:03  iter: 4540  time: 0.2146 (0.2661)  data: 0.0755 (0.1353)  loss: 11.2190 (10.8380)  lr: 0.000100  max mem: 5.6 GB
2025-01-05 14:00:01,345 Train INFO: eta: 2:14:51  iter: 4560  time: 0.2125 (0.2658)  data: 0.0757 (0.1350)  loss: 11.4865 (10.8404)  lr: 0.000100  max mem: 5.6 GB
2025-01-05 14:00:05,716 Train INFO: eta: 2:14:39  iter: 4580  time: 0.2170 (0.2656)  data: 0.0755 (0.1348)  loss: 11.4127 (10.8435)  lr: 0.000100  max mem: 5.6 GB
2025-01-05 14:00:10,009 Train INFO: eta: 2:14:27  iter: 4600  time: 0.2138 (0.2654)  data: 0.0751 (0.1345)  loss: 11.1213 (10.8451)  lr: 0.000100  max mem: 5.6 GB
2025-01-05 14:00:14,347 Train INFO: eta: 2:14:16  iter: 4620  time: 0.2160 (0.2652)  data: 0.0744 (0.1342)  loss: 10.5689 (10.8451)  lr: 0.000100  max mem: 5.6 GB
2025-01-05 14:00:18,645 Train INFO: eta: 2:14:04  iter: 4640  time: 0.2145 (0.2650)  data: 0.0748 (0.1340)  loss: 10.5950 (10.8450)  lr: 0.000100  max mem: 5.6 GB
2025-01-05 14:00:23,250 Train INFO: eta: 2:13:54  iter: 4660  time: 0.2165 (0.2648)  data: 0.0792 (0.1338)  loss: 10.4241 (10.8440)  lr: 0.000100  max mem: 5.6 GB
2025-01-05 14:00:27,687 Train INFO: eta: 2:13:43  iter: 4680  time: 0.2211 (0.2646)  data: 0.0794 (0.1336)  loss: 10.9020 (10.8443)  lr: 0.000100  max mem: 5.6 GB
2025-01-05 14:00:32,097 Train INFO: eta: 2:13:32  iter: 4700  time: 0.2200 (0.2644)  data: 0.0788 (0.1333)  loss: 12.7808 (10.8530)  lr: 0.000100  max mem: 5.6 GB
2025-01-05 14:00:36,511 Train INFO: eta: 2:13:21  iter: 4720  time: 0.2198 (0.2643)  data: 0.0792 (0.1331)  loss: 12.6428 (10.8612)  lr: 0.000100  max mem: 5.6 GB
2025-01-05 14:00:40,914 Train INFO: eta: 2:13:10  iter: 4740  time: 0.2195 (0.2641)  data: 0.0792 (0.1329)  loss: 12.8430 (10.8703)  lr: 0.000100  max mem: 5.6 GB
2025-01-05 14:00:45,312 Train INFO: eta: 2:12:59  iter: 4760  time: 0.2189 (0.2639)  data: 0.0785 (0.1326)  loss: 13.3146 (10.8801)  lr: 0.000100  max mem: 5.6 GB
2025-01-05 14:00:49,668 Train INFO: eta: 2:12:48  iter: 4780  time: 0.2174 (0.2637)  data: 0.0790 (0.1324)  loss: 13.0264 (10.8895)  lr: 0.000100  max mem: 5.6 GB
2025-01-05 14:00:54,132 Train INFO: eta: 2:12:38  iter: 4800  time: 0.2175 (0.2635)  data: 0.0793 (0.1322)  loss: 12.0309 (10.8948)  lr: 0.000100  max mem: 5.6 GB
2025-01-05 14:00:58,563 Train INFO: eta: 2:12:27  iter: 4820  time: 0.2195 (0.2634)  data: 0.0787 (0.1320)  loss: 12.9591 (10.9035)  lr: 0.000100  max mem: 5.6 GB
2025-01-05 14:01:02,954 Train INFO: eta: 2:12:17  iter: 4840  time: 0.2194 (0.2632)  data: 0.0788 (0.1318)  loss: 12.7877 (10.9108)  lr: 0.000100  max mem: 5.6 GB
2025-01-05 14:01:07,327 Train INFO: eta: 2:12:06  iter: 4860  time: 0.2173 (0.2630)  data: 0.0789 (0.1315)  loss: 12.4102 (10.9166)  lr: 0.000100  max mem: 5.6 GB
2025-01-05 14:01:11,685 Train INFO: eta: 2:11:55  iter: 4880  time: 0.2171 (0.2628)  data: 0.0792 (0.1313)  loss: 12.1585 (10.9222)  lr: 0.000100  max mem: 5.6 GB
2025-01-05 14:01:16,054 Train INFO: eta: 2:11:44  iter: 4900  time: 0.2173 (0.2626)  data: 0.0791 (0.1311)  loss: 13.1657 (10.9306)  lr: 0.000100  max mem: 5.6 GB
2025-01-05 14:01:20,420 Train INFO: eta: 2:11:34  iter: 4920  time: 0.2179 (0.2624)  data: 0.0778 (0.1309)  loss: 12.5178 (10.9378)  lr: 0.000100  max mem: 5.6 GB
2025-01-05 14:01:24,777 Train INFO: eta: 2:11:23  iter: 4940  time: 0.2176 (0.2623)  data: 0.0784 (0.1307)  loss: 12.1407 (10.9431)  lr: 0.000100  max mem: 5.6 GB
2025-01-05 14:01:29,128 Train INFO: eta: 2:11:12  iter: 4960  time: 0.2161 (0.2621)  data: 0.0787 (0.1305)  loss: 12.1726 (10.9490)  lr: 0.000100  max mem: 5.6 GB
2025-01-05 14:01:33,461 Train INFO: eta: 2:11:02  iter: 4980  time: 0.2165 (0.2619)  data: 0.0788 (0.1303)  loss: 12.4697 (10.9565)  lr: 0.000100  max mem: 5.6 GB
2025-01-05 14:01:37,802 Train INFO: eta: 2:10:51  iter: 5000  time: 0.2166 (0.2617)  data: 0.0788 (0.1301)  loss: 13.3427 (10.9651)  lr: 0.000100  max mem: 5.6 GB
2025-01-05 14:01:38,235 Train INFO: Validation
2025-01-05 14:01:38,239 Train INFO: Begin extract
2025-01-05 14:02:41,049 Train INFO: Best iteration 5000: {'mean_average_precision_at_r': 0.4471847940829826, 'precision_at_1': 0.7345377012330171, 'r_precision': 0.4769056350706543}
2025-01-05 14:02:45,451 Train INFO: eta: 2:16:59  iter: 5020  time: 0.2195 (0.2742)  data: 0.0786 (0.1425)  loss: 12.8491 (10.9731)  lr: 0.000100  max mem: 5.6 GB
2025-01-05 14:02:49,803 Train INFO: eta: 2:16:46  iter: 5040  time: 0.2171 (0.2739)  data: 0.0794 (0.1422)  loss: 12.7805 (10.9796)  lr: 0.000100  max mem: 5.6 GB
2025-01-05 14:02:54,193 Train INFO: eta: 2:16:34  iter: 5060  time: 0.2177 (0.2737)  data: 0.0783 (0.1420)  loss: 11.6785 (10.9839)  lr: 0.000100  max mem: 5.6 GB
2025-01-05 14:02:58,517 Train INFO: eta: 2:16:22  iter: 5080  time: 0.2157 (0.2735)  data: 0.0788 (0.1417)  loss: 12.2787 (10.9894)  lr: 0.000100  max mem: 5.6 GB
2025-01-05 14:03:02,858 Train INFO: eta: 2:16:10  iter: 5100  time: 0.2161 (0.2733)  data: 0.0789 (0.1415)  loss: 11.5575 (10.9919)  lr: 0.000100  max mem: 5.6 GB
2025-01-05 14:03:07,228 Train INFO: eta: 2:15:58  iter: 5120  time: 0.2180 (0.2730)  data: 0.0795 (0.1412)  loss: 12.3834 (10.9976)  lr: 0.000100  max mem: 5.6 GB
2025-01-05 14:03:11,631 Train INFO: eta: 2:15:47  iter: 5140  time: 0.2207 (0.2728)  data: 0.0782 (0.1410)  loss: 12.0484 (11.0020)  lr: 0.000100  max mem: 5.6 GB
2025-01-05 14:03:15,974 Train INFO: eta: 2:15:35  iter: 5160  time: 0.2160 (0.2726)  data: 0.0786 (0.1407)  loss: 11.9399 (11.0076)  lr: 0.000100  max mem: 5.6 GB
2025-01-05 14:03:20,335 Train INFO: eta: 2:15:23  iter: 5180  time: 0.2165 (0.2724)  data: 0.0780 (0.1405)  loss: 11.3373 (11.0097)  lr: 0.000100  max mem: 5.6 GB
2025-01-05 14:03:24,681 Train INFO: eta: 2:15:11  iter: 5200  time: 0.2168 (0.2722)  data: 0.0779 (0.1403)  loss: 11.3696 (11.0126)  lr: 0.000100  max mem: 5.6 GB
2025-01-05 14:03:29,016 Train INFO: eta: 2:14:59  iter: 5220  time: 0.2160 (0.2720)  data: 0.0784 (0.1400)  loss: 11.3870 (11.0148)  lr: 0.000100  max mem: 5.6 GB
2025-01-05 14:03:33,345 Train INFO: eta: 2:14:48  iter: 5240  time: 0.2159 (0.2718)  data: 0.0786 (0.1398)  loss: 12.1946 (11.0198)  lr: 0.000100  max mem: 5.6 GB
2025-01-05 14:03:37,703 Train INFO: eta: 2:14:36  iter: 5260  time: 0.2172 (0.2716)  data: 0.0778 (0.1395)  loss: 11.9587 (11.0222)  lr: 0.000100  max mem: 5.6 GB
2025-01-05 14:03:42,065 Train INFO: eta: 2:14:25  iter: 5280  time: 0.2176 (0.2714)  data: 0.0778 (0.1393)  loss: 12.2052 (11.0273)  lr: 0.000100  max mem: 5.6 GB
2025-01-05 14:03:46,418 Train INFO: eta: 2:14:13  iter: 5300  time: 0.2174 (0.2712)  data: 0.0770 (0.1391)  loss: 11.9409 (11.0310)  lr: 0.000100  max mem: 5.6 GB
2025-01-05 14:03:50,761 Train INFO: eta: 2:14:02  iter: 5320  time: 0.2167 (0.2710)  data: 0.0772 (0.1388)  loss: 11.2915 (11.0320)  lr: 0.000100  max mem: 5.6 GB
2025-01-05 14:03:55,148 Train INFO: eta: 2:13:51  iter: 5340  time: 0.2197 (0.2708)  data: 0.0776 (0.1386)  loss: 11.4207 (11.0341)  lr: 0.000100  max mem: 5.6 GB
2025-01-05 14:03:59,523 Train INFO: eta: 2:13:40  iter: 5360  time: 0.2175 (0.2706)  data: 0.0776 (0.1384)  loss: 12.0462 (11.0376)  lr: 0.000100  max mem: 5.6 GB
2025-01-05 14:04:03,891 Train INFO: eta: 2:13:28  iter: 5380  time: 0.2179 (0.2704)  data: 0.0766 (0.1382)  loss: 11.9369 (11.0411)  lr: 0.000100  max mem: 5.6 GB
2025-01-05 14:04:08,251 Train INFO: eta: 2:13:17  iter: 5400  time: 0.2166 (0.2702)  data: 0.0771 (0.1379)  loss: 11.6434 (11.0426)  lr: 0.000100  max mem: 5.6 GB
2025-01-05 14:04:12,584 Train INFO: eta: 2:13:06  iter: 5420  time: 0.2162 (0.2700)  data: 0.0776 (0.1377)  loss: 11.5656 (11.0451)  lr: 0.000100  max mem: 5.6 GB
2025-01-05 14:04:16,928 Train INFO: eta: 2:12:55  iter: 5440  time: 0.2169 (0.2698)  data: 0.0778 (0.1375)  loss: 11.5501 (11.0474)  lr: 0.000100  max mem: 5.6 GB
2025-01-05 14:04:21,274 Train INFO: eta: 2:12:44  iter: 5460  time: 0.2168 (0.2696)  data: 0.0769 (0.1373)  loss: 11.4367 (11.0482)  lr: 0.000100  max mem: 5.6 GB
2025-01-05 14:04:25,591 Train INFO: eta: 2:12:33  iter: 5480  time: 0.2150 (0.2694)  data: 0.0772 (0.1371)  loss: 11.2240 (11.0488)  lr: 0.000100  max mem: 5.6 GB
2025-01-05 14:04:29,903 Train INFO: eta: 2:12:21  iter: 5500  time: 0.2147 (0.2692)  data: 0.0772 (0.1368)  loss: 10.9315 (11.0489)  lr: 0.000100  max mem: 5.6 GB
2025-01-05 14:04:34,207 Train INFO: eta: 2:12:10  iter: 5520  time: 0.2154 (0.2690)  data: 0.0772 (0.1366)  loss: 11.1111 (11.0495)  lr: 0.000100  max mem: 5.6 GB
2025-01-05 14:04:38,545 Train INFO: eta: 2:11:59  iter: 5540  time: 0.2163 (0.2688)  data: 0.0769 (0.1364)  loss: 10.4244 (11.0486)  lr: 0.000100  max mem: 5.6 GB
2025-01-05 14:04:42,888 Train INFO: eta: 2:11:48  iter: 5560  time: 0.2157 (0.2686)  data: 0.0765 (0.1362)  loss: 10.6283 (11.0476)  lr: 0.000100  max mem: 5.6 GB
2025-01-05 14:04:47,175 Train INFO: eta: 2:11:37  iter: 5580  time: 0.2135 (0.2685)  data: 0.0769 (0.1360)  loss: 10.8224 (11.0475)  lr: 0.000100  max mem: 5.6 GB
2025-01-05 14:04:51,491 Train INFO: eta: 2:11:26  iter: 5600  time: 0.2145 (0.2683)  data: 0.0768 (0.1358)  loss: 11.2844 (11.0488)  lr: 0.000100  max mem: 5.6 GB
2025-01-05 14:04:55,813 Train INFO: eta: 2:11:16  iter: 5620  time: 0.2152 (0.2681)  data: 0.0758 (0.1355)  loss: 10.9218 (11.0482)  lr: 0.000100  max mem: 5.6 GB
2025-01-05 14:05:00,107 Train INFO: eta: 2:11:05  iter: 5640  time: 0.2143 (0.2679)  data: 0.0763 (0.1353)  loss: 11.5676 (11.0508)  lr: 0.000100  max mem: 5.6 GB
2025-01-05 14:05:04,394 Train INFO: eta: 2:10:54  iter: 5660  time: 0.2138 (0.2677)  data: 0.0763 (0.1351)  loss: 10.3599 (11.0490)  lr: 0.000100  max mem: 5.6 GB
2025-01-05 14:05:08,699 Train INFO: eta: 2:10:43  iter: 5680  time: 0.2146 (0.2675)  data: 0.0760 (0.1349)  loss: 10.9001 (11.0481)  lr: 0.000100  max mem: 5.6 GB
2025-01-05 14:05:12,996 Train INFO: eta: 2:10:32  iter: 5700  time: 0.2142 (0.2673)  data: 0.0760 (0.1347)  loss: 11.1294 (11.0488)  lr: 0.000100  max mem: 5.6 GB
2025-01-05 14:05:17,269 Train INFO: eta: 2:10:21  iter: 5720  time: 0.2136 (0.2671)  data: 0.0758 (0.1345)  loss: 10.6945 (11.0479)  lr: 0.000100  max mem: 5.6 GB
2025-01-05 14:05:21,531 Train INFO: eta: 2:10:11  iter: 5740  time: 0.2129 (0.2670)  data: 0.0759 (0.1343)  loss: 10.2050 (11.0469)  lr: 0.000100  max mem: 5.6 GB
2025-01-05 14:05:25,818 Train INFO: eta: 2:10:00  iter: 5760  time: 0.2135 (0.2668)  data: 0.0756 (0.1341)  loss: 10.2666 (11.0449)  lr: 0.000100  max mem: 5.6 GB
2025-01-05 14:05:30,084 Train INFO: eta: 2:09:49  iter: 5780  time: 0.2127 (0.2666)  data: 0.0756 (0.1339)  loss: 10.8699 (11.0442)  lr: 0.000100  max mem: 5.6 GB
2025-01-05 14:05:34,354 Train INFO: eta: 2:09:38  iter: 5800  time: 0.2136 (0.2664)  data: 0.0753 (0.1337)  loss: 10.6874 (11.0436)  lr: 0.000100  max mem: 5.6 GB
2025-01-05 14:05:39,003 Train INFO: eta: 2:09:30  iter: 5820  time: 0.2137 (0.2663)  data: 0.0753 (0.1336)  loss: 10.7172 (11.0427)  lr: 0.000100  max mem: 5.6 GB
2025-01-05 14:05:43,374 Train INFO: eta: 2:09:20  iter: 5840  time: 0.2184 (0.2661)  data: 0.0799 (0.1334)  loss: 10.8052 (11.0412)  lr: 0.000100  max mem: 5.6 GB
2025-01-05 14:05:47,749 Train INFO: eta: 2:09:10  iter: 5860  time: 0.2183 (0.2660)  data: 0.0797 (0.1332)  loss: 11.4629 (11.0429)  lr: 0.000100  max mem: 5.6 GB
2025-01-05 14:05:52,138 Train INFO: eta: 2:09:00  iter: 5880  time: 0.2192 (0.2658)  data: 0.0789 (0.1330)  loss: 12.0591 (11.0469)  lr: 0.000100  max mem: 5.6 GB
2025-01-05 14:05:56,495 Train INFO: eta: 2:08:50  iter: 5900  time: 0.2180 (0.2656)  data: 0.0799 (0.1328)  loss: 12.4169 (11.0510)  lr: 0.000100  max mem: 5.6 GB
2025-01-05 14:06:00,839 Train INFO: eta: 2:08:40  iter: 5920  time: 0.2166 (0.2655)  data: 0.0797 (0.1326)  loss: 13.1110 (11.0581)  lr: 0.000100  max mem: 5.6 GB
2025-01-05 14:06:05,194 Train INFO: eta: 2:08:30  iter: 5940  time: 0.2173 (0.2653)  data: 0.0796 (0.1325)  loss: 12.7020 (11.0636)  lr: 0.000100  max mem: 5.6 GB
2025-01-05 14:06:09,571 Train INFO: eta: 2:08:20  iter: 5960  time: 0.2184 (0.2652)  data: 0.0792 (0.1323)  loss: 12.7871 (11.0691)  lr: 0.000100  max mem: 5.6 GB
2025-01-05 14:06:13,972 Train INFO: eta: 2:08:10  iter: 5980  time: 0.2191 (0.2650)  data: 0.0782 (0.1321)  loss: 13.3681 (11.0760)  lr: 0.000100  max mem: 5.6 GB
2025-01-05 14:06:18,343 Train INFO: eta: 2:08:00  iter: 6000  time: 0.2175 (0.2649)  data: 0.0793 (0.1319)  loss: 12.2973 (11.0816)  lr: 0.000100  max mem: 5.6 GB
2025-01-05 14:06:18,742 Train INFO: Validation
2025-01-05 14:06:18,745 Train INFO: Begin extract
2025-01-05 14:07:21,656 Train INFO: Best iteration 6000: {'mean_average_precision_at_r': 0.45509032391247356, 'precision_at_1': 0.7399755379987438, 'r_precision': 0.4846181882387297}
2025-01-05 14:07:26,055 Train INFO: eta: 2:12:55  iter: 6020  time: 0.2205 (0.2752)  data: 0.0789 (0.1423)  loss: 13.0442 (11.0873)  lr: 0.000100  max mem: 5.6 GB
2025-01-05 14:07:30,443 Train INFO: eta: 2:12:45  iter: 6040  time: 0.2193 (0.2750)  data: 0.0784 (0.1421)  loss: 11.9085 (11.0909)  lr: 0.000100  max mem: 5.6 GB
2025-01-05 14:07:34,807 Train INFO: eta: 2:12:34  iter: 6060  time: 0.2180 (0.2749)  data: 0.0790 (0.1419)  loss: 12.3048 (11.0944)  lr: 0.000100  max mem: 5.6 GB
2025-01-05 14:07:39,194 Train INFO: eta: 2:12:23  iter: 6080  time: 0.2178 (0.2747)  data: 0.0792 (0.1417)  loss: 12.1901 (11.0992)  lr: 0.000100  max mem: 5.6 GB
2025-01-05 14:07:43,541 Train INFO: eta: 2:12:12  iter: 6100  time: 0.2171 (0.2745)  data: 0.0793 (0.1414)  loss: 11.9482 (11.1028)  lr: 0.000100  max mem: 5.6 GB
2025-01-05 14:07:47,896 Train INFO: eta: 2:12:01  iter: 6120  time: 0.2168 (0.2743)  data: 0.0794 (0.1412)  loss: 11.9077 (11.1057)  lr: 0.000100  max mem: 5.6 GB
2025-01-05 14:07:52,254 Train INFO: eta: 2:11:50  iter: 6140  time: 0.2165 (0.2741)  data: 0.0792 (0.1410)  loss: 12.2410 (11.1098)  lr: 0.000100  max mem: 5.6 GB
2025-01-05 14:07:56,597 Train INFO: eta: 2:11:40  iter: 6160  time: 0.2165 (0.2739)  data: 0.0794 (0.1408)  loss: 12.3040 (11.1139)  lr: 0.000100  max mem: 5.6 GB
2025-01-05 14:08:00,930 Train INFO: eta: 2:11:29  iter: 6180  time: 0.2164 (0.2737)  data: 0.0793 (0.1406)  loss: 12.1498 (11.1172)  lr: 0.000100  max mem: 5.6 GB
2025-01-05 14:08:05,278 Train INFO: eta: 2:11:18  iter: 6200  time: 0.2166 (0.2736)  data: 0.0790 (0.1404)  loss: 12.1276 (11.1205)  lr: 0.000100  max mem: 5.6 GB
2025-01-05 14:08:09,622 Train INFO: eta: 2:11:07  iter: 6220  time: 0.2167 (0.2734)  data: 0.0784 (0.1402)  loss: 11.9880 (11.1244)  lr: 0.000100  max mem: 5.6 GB
2025-01-05 14:08:13,972 Train INFO: eta: 2:10:57  iter: 6240  time: 0.2166 (0.2732)  data: 0.0791 (0.1401)  loss: 12.0775 (11.1283)  lr: 0.000100  max mem: 5.6 GB
2025-01-05 14:08:18,311 Train INFO: eta: 2:10:46  iter: 6260  time: 0.2161 (0.2730)  data: 0.0789 (0.1399)  loss: 11.6920 (11.1315)  lr: 0.000100  max mem: 5.6 GB
2025-01-05 14:08:22,642 Train INFO: eta: 2:10:35  iter: 6280  time: 0.2158 (0.2728)  data: 0.0788 (0.1397)  loss: 11.5381 (11.1329)  lr: 0.000100  max mem: 5.6 GB
2025-01-05 14:08:26,981 Train INFO: eta: 2:10:25  iter: 6300  time: 0.2164 (0.2727)  data: 0.0792 (0.1395)  loss: 11.9771 (11.1352)  lr: 0.000100  max mem: 5.6 GB
2025-01-05 14:08:31,317 Train INFO: eta: 2:10:14  iter: 6320  time: 0.2156 (0.2725)  data: 0.0787 (0.1393)  loss: 12.1852 (11.1384)  lr: 0.000100  max mem: 5.6 GB
2025-01-05 14:08:35,677 Train INFO: eta: 2:10:04  iter: 6340  time: 0.2168 (0.2723)  data: 0.0785 (0.1391)  loss: 11.8872 (11.1410)  lr: 0.000100  max mem: 5.6 GB
2025-01-05 14:08:40,048 Train INFO: eta: 2:09:54  iter: 6360  time: 0.2165 (0.2721)  data: 0.0778 (0.1389)  loss: 12.4186 (11.1450)  lr: 0.000100  max mem: 5.6 GB
2025-01-05 14:08:44,377 Train INFO: eta: 2:09:43  iter: 6380  time: 0.2151 (0.2720)  data: 0.0785 (0.1387)  loss: 10.6683 (11.1445)  lr: 0.000100  max mem: 5.6 GB
2025-01-05 14:08:48,724 Train INFO: eta: 2:09:33  iter: 6400  time: 0.2160 (0.2718)  data: 0.0788 (0.1385)  loss: 11.6160 (11.1457)  lr: 0.000100  max mem: 5.6 GB
2025-01-05 14:08:53,049 Train INFO: eta: 2:09:23  iter: 6420  time: 0.2157 (0.2716)  data: 0.0784 (0.1383)  loss: 11.2697 (11.1462)  lr: 0.000100  max mem: 5.6 GB
2025-01-05 14:08:57,372 Train INFO: eta: 2:09:12  iter: 6440  time: 0.2155 (0.2715)  data: 0.0781 (0.1381)  loss: 10.6367 (11.1449)  lr: 0.000100  max mem: 5.6 GB
2025-01-05 14:09:01,713 Train INFO: eta: 2:09:02  iter: 6460  time: 0.2158 (0.2713)  data: 0.0780 (0.1380)  loss: 11.0566 (11.1447)  lr: 0.000100  max mem: 5.6 GB
2025-01-05 14:09:06,032 Train INFO: eta: 2:08:52  iter: 6480  time: 0.2158 (0.2711)  data: 0.0781 (0.1378)  loss: 11.5753 (11.1457)  lr: 0.000100  max mem: 5.6 GB
2025-01-05 14:09:10,350 Train INFO: eta: 2:08:41  iter: 6500  time: 0.2155 (0.2709)  data: 0.0783 (0.1376)  loss: 11.8830 (11.1468)  lr: 0.000100  max mem: 5.6 GB
2025-01-05 14:09:14,690 Train INFO: eta: 2:08:31  iter: 6520  time: 0.2161 (0.2708)  data: 0.0775 (0.1374)  loss: 11.9933 (11.1485)  lr: 0.000100  max mem: 5.6 GB
2025-01-05 14:09:19,000 Train INFO: eta: 2:08:21  iter: 6540  time: 0.2148 (0.2706)  data: 0.0779 (0.1372)  loss: 11.4489 (11.1499)  lr: 0.000100  max mem: 5.6 GB
2025-01-05 14:09:23,335 Train INFO: eta: 2:08:11  iter: 6560  time: 0.2154 (0.2704)  data: 0.0775 (0.1370)  loss: 11.1971 (11.1504)  lr: 0.000100  max mem: 5.6 GB
2025-01-05 14:09:27,669 Train INFO: eta: 2:08:01  iter: 6580  time: 0.2157 (0.2703)  data: 0.0775 (0.1369)  loss: 12.0682 (11.1524)  lr: 0.000100  max mem: 5.6 GB
2025-01-05 14:09:31,987 Train INFO: eta: 2:07:51  iter: 6600  time: 0.2149 (0.2701)  data: 0.0776 (0.1367)  loss: 10.6407 (11.1513)  lr: 0.000100  max mem: 5.6 GB
2025-01-05 14:09:36,424 Train INFO: eta: 2:07:41  iter: 6620  time: 0.2153 (0.2700)  data: 0.0772 (0.1365)  loss: 10.8102 (11.1498)  lr: 0.000100  max mem: 5.6 GB
2025-01-05 14:09:40,732 Train INFO: eta: 2:07:31  iter: 6640  time: 0.2148 (0.2698)  data: 0.0772 (0.1363)  loss: 10.2298 (11.1473)  lr: 0.000100  max mem: 5.6 GB
2025-01-05 14:09:45,050 Train INFO: eta: 2:07:21  iter: 6660  time: 0.2154 (0.2696)  data: 0.0765 (0.1361)  loss: 11.2672 (11.1483)  lr: 0.000100  max mem: 5.6 GB
2025-01-05 14:09:49,376 Train INFO: eta: 2:07:11  iter: 6680  time: 0.2149 (0.2695)  data: 0.0768 (0.1360)  loss: 11.0918 (11.1490)  lr: 0.000100  max mem: 5.6 GB
2025-01-05 14:09:53,689 Train INFO: eta: 2:07:01  iter: 6700  time: 0.2152 (0.2693)  data: 0.0766 (0.1358)  loss: 11.1339 (11.1486)  lr: 0.000100  max mem: 5.6 GB
2025-01-05 14:09:57,995 Train INFO: eta: 2:06:51  iter: 6720  time: 0.2145 (0.2692)  data: 0.0769 (0.1356)  loss: 11.3128 (11.1488)  lr: 0.000100  max mem: 5.6 GB
2025-01-05 14:10:02,315 Train INFO: eta: 2:06:42  iter: 6740  time: 0.2139 (0.2690)  data: 0.0769 (0.1354)  loss: 10.7744 (11.1477)  lr: 0.000100  max mem: 5.6 GB
2025-01-05 14:10:06,616 Train INFO: eta: 2:06:32  iter: 6760  time: 0.2141 (0.2688)  data: 0.0767 (0.1353)  loss: 10.1580 (11.1454)  lr: 0.000100  max mem: 5.6 GB
2025-01-05 14:10:10,933 Train INFO: eta: 2:06:22  iter: 6780  time: 0.2155 (0.2687)  data: 0.0764 (0.1351)  loss: 10.6051 (11.1449)  lr: 0.000100  max mem: 5.6 GB
2025-01-05 14:10:15,227 Train INFO: eta: 2:06:12  iter: 6800  time: 0.2143 (0.2685)  data: 0.0761 (0.1349)  loss: 9.8034 (11.1412)  lr: 0.000100  max mem: 5.6 GB
2025-01-05 14:10:19,539 Train INFO: eta: 2:06:02  iter: 6820  time: 0.2152 (0.2684)  data: 0.0759 (0.1347)  loss: 10.8873 (11.1414)  lr: 0.000100  max mem: 5.6 GB
2025-01-05 14:10:23,826 Train INFO: eta: 2:05:53  iter: 6840  time: 0.2143 (0.2682)  data: 0.0761 (0.1346)  loss: 10.5531 (11.1405)  lr: 0.000100  max mem: 5.6 GB
2025-01-05 14:10:28,110 Train INFO: eta: 2:05:43  iter: 6860  time: 0.2141 (0.2681)  data: 0.0760 (0.1344)  loss: 11.2862 (11.1410)  lr: 0.000100  max mem: 5.6 GB
2025-01-05 14:10:32,388 Train INFO: eta: 2:05:33  iter: 6880  time: 0.2136 (0.2679)  data: 0.0760 (0.1342)  loss: 9.8097 (11.1375)  lr: 0.000100  max mem: 5.6 GB
2025-01-05 14:10:36,680 Train INFO: eta: 2:05:23  iter: 6900  time: 0.2139 (0.2677)  data: 0.0756 (0.1341)  loss: 10.7205 (11.1370)  lr: 0.000100  max mem: 5.6 GB
2025-01-05 14:10:40,980 Train INFO: eta: 2:05:14  iter: 6920  time: 0.2138 (0.2676)  data: 0.0755 (0.1339)  loss: 10.5051 (11.1355)  lr: 0.000100  max mem: 5.6 GB
2025-01-05 14:10:45,279 Train INFO: eta: 2:05:04  iter: 6940  time: 0.2142 (0.2674)  data: 0.0751 (0.1337)  loss: 11.2689 (11.1364)  lr: 0.000100  max mem: 5.6 GB
2025-01-05 14:10:49,579 Train INFO: eta: 2:04:54  iter: 6960  time: 0.2136 (0.2673)  data: 0.0746 (0.1336)  loss: 10.8544 (11.1352)  lr: 0.000100  max mem: 5.6 GB
2025-01-05 14:10:53,838 Train INFO: eta: 2:04:45  iter: 6980  time: 0.2123 (0.2671)  data: 0.0752 (0.1334)  loss: 11.2017 (11.1356)  lr: 0.000100  max mem: 5.6 GB
2025-01-05 14:10:58,406 Train INFO: eta: 2:04:36  iter: 7000  time: 0.2166 (0.2670)  data: 0.0786 (0.1333)  loss: 10.7121 (11.1347)  lr: 0.000100  max mem: 5.6 GB
2025-01-05 14:10:58,782 Train INFO: Validation
2025-01-05 14:10:58,785 Train INFO: Begin extract
2025-01-05 14:12:01,559 Train INFO: Best iteration 7000: {'mean_average_precision_at_r': 0.4582413002240148, 'precision_at_1': 0.7420746421605897, 'r_precision': 0.48773631945097345}
2025-01-05 14:12:05,970 Train INFO: eta: 2:08:39  iter: 7020  time: 0.2206 (0.2759)  data: 0.0799 (0.1421)  loss: 10.4028 (11.1329)  lr: 0.000100  max mem: 5.6 GB
2025-01-05 14:12:10,345 Train INFO: eta: 2:08:29  iter: 7040  time: 0.2188 (0.2757)  data: 0.0804 (0.1419)  loss: 12.1011 (11.1363)  lr: 0.000100  max mem: 5.6 GB
2025-01-05 14:12:14,714 Train INFO: eta: 2:08:19  iter: 7060  time: 0.2174 (0.2756)  data: 0.0791 (0.1418)  loss: 11.7572 (11.1384)  lr: 0.000100  max mem: 5.6 GB
2025-01-05 14:12:19,077 Train INFO: eta: 2:08:09  iter: 7080  time: 0.2166 (0.2754)  data: 0.0796 (0.1416)  loss: 12.6118 (11.1427)  lr: 0.000100  max mem: 5.6 GB
2025-01-05 14:12:23,448 Train INFO: eta: 2:07:59  iter: 7100  time: 0.2170 (0.2752)  data: 0.0796 (0.1414)  loss: 11.7938 (11.1455)  lr: 0.000100  max mem: 5.6 GB
2025-01-05 14:12:27,826 Train INFO: eta: 2:07:49  iter: 7120  time: 0.2191 (0.2751)  data: 0.0798 (0.1412)  loss: 13.1279 (11.1511)  lr: 0.000100  max mem: 5.6 GB
2025-01-05 14:12:32,172 Train INFO: eta: 2:07:39  iter: 7140  time: 0.2165 (0.2749)  data: 0.0798 (0.1411)  loss: 13.0742 (11.1560)  lr: 0.000100  max mem: 5.6 GB
2025-01-05 14:12:36,522 Train INFO: eta: 2:07:29  iter: 7160  time: 0.2159 (0.2748)  data: 0.0794 (0.1409)  loss: 12.2115 (11.1598)  lr: 0.000100  max mem: 5.6 GB
2025-01-05 14:12:40,884 Train INFO: eta: 2:07:19  iter: 7180  time: 0.2174 (0.2746)  data: 0.0794 (0.1407)  loss: 12.3491 (11.1632)  lr: 0.000100  max mem: 5.6 GB
2025-01-05 14:12:45,246 Train INFO: eta: 2:07:09  iter: 7200  time: 0.2170 (0.2744)  data: 0.0791 (0.1405)  loss: 11.3598 (11.1645)  lr: 0.000100  max mem: 5.6 GB
2025-01-05 14:12:49,595 Train INFO: eta: 2:06:59  iter: 7220  time: 0.2170 (0.2743)  data: 0.0798 (0.1404)  loss: 13.0717 (11.1693)  lr: 0.000100  max mem: 5.6 GB
2025-01-05 14:12:54,046 Train INFO: eta: 2:06:50  iter: 7240  time: 0.2165 (0.2741)  data: 0.0796 (0.1402)  loss: 10.9653 (11.1687)  lr: 0.000100  max mem: 5.6 GB
2025-01-05 14:12:58,388 Train INFO: eta: 2:06:40  iter: 7260  time: 0.2164 (0.2740)  data: 0.0795 (0.1400)  loss: 12.5443 (11.1725)  lr: 0.000100  max mem: 5.6 GB
2025-01-05 14:13:02,734 Train INFO: eta: 2:06:30  iter: 7280  time: 0.2164 (0.2738)  data: 0.0799 (0.1399)  loss: 12.3291 (11.1755)  lr: 0.000100  max mem: 5.6 GB
2025-01-05 14:13:07,102 Train INFO: eta: 2:06:21  iter: 7300  time: 0.2172 (0.2737)  data: 0.0793 (0.1397)  loss: 12.4007 (11.1792)  lr: 0.000100  max mem: 5.6 GB
2025-01-05 14:13:11,476 Train INFO: eta: 2:06:11  iter: 7320  time: 0.2183 (0.2735)  data: 0.0784 (0.1395)  loss: 11.6742 (11.1814)  lr: 0.000100  max mem: 5.6 GB
2025-01-05 14:13:15,824 Train INFO: eta: 2:06:01  iter: 7340  time: 0.2171 (0.2734)  data: 0.0789 (0.1394)  loss: 11.5491 (11.1838)  lr: 0.000100  max mem: 5.6 GB
2025-01-05 14:13:20,153 Train INFO: eta: 2:05:51  iter: 7360  time: 0.2159 (0.2732)  data: 0.0792 (0.1392)  loss: 12.3529 (11.1874)  lr: 0.000100  max mem: 5.6 GB
2025-01-05 14:13:24,520 Train INFO: eta: 2:05:42  iter: 7380  time: 0.2171 (0.2731)  data: 0.0785 (0.1391)  loss: 12.5647 (11.1910)  lr: 0.000100  max mem: 5.6 GB
2025-01-05 14:13:28,859 Train INFO: eta: 2:05:32  iter: 7400  time: 0.2165 (0.2729)  data: 0.0785 (0.1389)  loss: 12.5496 (11.1939)  lr: 0.000100  max mem: 5.6 GB
2025-01-05 14:13:33,184 Train INFO: eta: 2:05:23  iter: 7420  time: 0.2158 (0.2728)  data: 0.0789 (0.1387)  loss: 12.0769 (11.1968)  lr: 0.000100  max mem: 5.6 GB
2025-01-05 14:13:37,537 Train INFO: eta: 2:05:13  iter: 7440  time: 0.2173 (0.2726)  data: 0.0780 (0.1386)  loss: 12.2631 (11.1992)  lr: 0.000100  max mem: 5.6 GB
2025-01-05 14:13:41,887 Train INFO: eta: 2:05:04  iter: 7460  time: 0.2167 (0.2725)  data: 0.0777 (0.1384)  loss: 11.7563 (11.2019)  lr: 0.000100  max mem: 5.6 GB
2025-01-05 14:13:46,257 Train INFO: eta: 2:04:54  iter: 7480  time: 0.2172 (0.2723)  data: 0.0778 (0.1382)  loss: 11.6752 (11.2039)  lr: 0.000100  max mem: 5.6 GB
2025-01-05 14:13:50,600 Train INFO: eta: 2:04:45  iter: 7500  time: 0.2159 (0.2722)  data: 0.0786 (0.1381)  loss: 11.5080 (11.2044)  lr: 0.000100  max mem: 5.6 GB
2025-01-05 14:13:54,935 Train INFO: eta: 2:04:35  iter: 7520  time: 0.2161 (0.2720)  data: 0.0780 (0.1379)  loss: 11.7158 (11.2059)  lr: 0.000100  max mem: 5.6 GB
2025-01-05 14:13:59,282 Train INFO: eta: 2:04:26  iter: 7540  time: 0.2159 (0.2719)  data: 0.0782 (0.1378)  loss: 11.6064 (11.2070)  lr: 0.000100  max mem: 5.6 GB
2025-01-05 14:14:03,619 Train INFO: eta: 2:04:16  iter: 7560  time: 0.2161 (0.2717)  data: 0.0788 (0.1376)  loss: 11.9054 (11.2089)  lr: 0.000100  max mem: 5.6 GB
2025-01-05 14:14:07,941 Train INFO: eta: 2:04:07  iter: 7580  time: 0.2149 (0.2716)  data: 0.0784 (0.1375)  loss: 11.3203 (11.2096)  lr: 0.000100  max mem: 5.6 GB
2025-01-05 14:14:12,265 Train INFO: eta: 2:03:57  iter: 7600  time: 0.2164 (0.2715)  data: 0.0784 (0.1373)  loss: 11.7353 (11.2107)  lr: 0.000100  max mem: 5.6 GB
2025-01-05 14:14:16,604 Train INFO: eta: 2:03:48  iter: 7620  time: 0.2156 (0.2713)  data: 0.0783 (0.1371)  loss: 11.2762 (11.2112)  lr: 0.000100  max mem: 5.6 GB
2025-01-05 14:14:20,926 Train INFO: eta: 2:03:39  iter: 7640  time: 0.2152 (0.2712)  data: 0.0782 (0.1370)  loss: 10.7527 (11.2102)  lr: 0.000100  max mem: 5.6 GB
2025-01-05 14:14:25,245 Train INFO: eta: 2:03:29  iter: 7660  time: 0.2155 (0.2710)  data: 0.0778 (0.1368)  loss: 11.3543 (11.2103)  lr: 0.000100  max mem: 5.6 GB
2025-01-05 14:14:29,582 Train INFO: eta: 2:03:20  iter: 7680  time: 0.2168 (0.2709)  data: 0.0776 (0.1367)  loss: 11.0281 (11.2105)  lr: 0.000100  max mem: 5.6 GB
2025-01-05 14:14:33,908 Train INFO: eta: 2:03:11  iter: 7700  time: 0.2160 (0.2707)  data: 0.0780 (0.1365)  loss: 10.9050 (11.2102)  lr: 0.000100  max mem: 5.6 GB
2025-01-05 14:14:38,223 Train INFO: eta: 2:03:01  iter: 7720  time: 0.2160 (0.2706)  data: 0.0776 (0.1364)  loss: 11.5036 (11.2108)  lr: 0.000100  max mem: 5.6 GB
2025-01-05 14:14:42,533 Train INFO: eta: 2:02:52  iter: 7740  time: 0.2153 (0.2705)  data: 0.0780 (0.1362)  loss: 10.4043 (11.2093)  lr: 0.000100  max mem: 5.6 GB
2025-01-05 14:14:46,882 Train INFO: eta: 2:02:43  iter: 7760  time: 0.2173 (0.2703)  data: 0.0768 (0.1361)  loss: 11.0114 (11.2090)  lr: 0.000100  max mem: 5.6 GB
2025-01-05 14:14:51,197 Train INFO: eta: 2:02:34  iter: 7780  time: 0.2154 (0.2702)  data: 0.0770 (0.1359)  loss: 11.5885 (11.2100)  lr: 0.000100  max mem: 5.6 GB
2025-01-05 14:14:55,507 Train INFO: eta: 2:02:25  iter: 7800  time: 0.2152 (0.2700)  data: 0.0776 (0.1358)  loss: 10.7628 (11.2087)  lr: 0.000100  max mem: 5.6 GB
2025-01-05 14:14:59,813 Train INFO: eta: 2:02:15  iter: 7820  time: 0.2141 (0.2699)  data: 0.0773 (0.1356)  loss: 10.9839 (11.2083)  lr: 0.000100  max mem: 5.6 GB
2025-01-05 14:15:04,108 Train INFO: eta: 2:02:06  iter: 7840  time: 0.2142 (0.2698)  data: 0.0771 (0.1355)  loss: 11.0617 (11.2072)  lr: 0.000100  max mem: 5.6 GB
2025-01-05 14:15:08,421 Train INFO: eta: 2:01:57  iter: 7860  time: 0.2153 (0.2696)  data: 0.0769 (0.1353)  loss: 11.1212 (11.2063)  lr: 0.000100  max mem: 5.6 GB
2025-01-05 14:15:12,715 Train INFO: eta: 2:01:48  iter: 7880  time: 0.2145 (0.2695)  data: 0.0767 (0.1352)  loss: 10.9963 (11.2051)  lr: 0.000100  max mem: 5.6 GB
2025-01-05 14:15:17,015 Train INFO: eta: 2:01:39  iter: 7900  time: 0.2143 (0.2693)  data: 0.0766 (0.1350)  loss: 9.8274 (11.2020)  lr: 0.000100  max mem: 5.6 GB
2025-01-05 14:15:21,327 Train INFO: eta: 2:01:30  iter: 7920  time: 0.2151 (0.2692)  data: 0.0766 (0.1349)  loss: 11.2954 (11.2028)  lr: 0.000100  max mem: 5.6 GB
2025-01-05 14:15:25,622 Train INFO: eta: 2:01:21  iter: 7940  time: 0.2141 (0.2691)  data: 0.0763 (0.1347)  loss: 10.2187 (11.2005)  lr: 0.000100  max mem: 5.6 GB
2025-01-05 14:15:29,935 Train INFO: eta: 2:01:11  iter: 7960  time: 0.2147 (0.2689)  data: 0.0763 (0.1346)  loss: 11.3348 (11.2011)  lr: 0.000100  max mem: 5.6 GB
2025-01-05 14:15:34,221 Train INFO: eta: 2:01:02  iter: 7980  time: 0.2138 (0.2688)  data: 0.0764 (0.1344)  loss: 9.6626 (11.1982)  lr: 0.000100  max mem: 5.6 GB
2025-01-05 14:15:38,540 Train INFO: eta: 2:00:53  iter: 8000  time: 0.2156 (0.2687)  data: 0.0758 (0.1343)  loss: 9.7209 (11.1949)  lr: 0.000100  max mem: 5.6 GB
2025-01-05 14:15:38,920 Train INFO: Validation
2025-01-05 14:15:38,924 Train INFO: Begin extract
2025-01-05 14:16:42,686 Train INFO: Performance at iteration 008000: {'mean_average_precision_at_r': 0.4389668938572915, 'precision_at_1': 0.7190340815179663, 'r_precision': 0.4666725714480334}
2025-01-05 14:16:47,045 Train INFO: eta: 2:04:20  iter: 8020  time: 0.2169 (0.2765)  data: 0.0761 (0.1421)  loss: 10.2100 (11.1928)  lr: 0.000100  max mem: 5.6 GB
2025-01-05 14:16:51,349 Train INFO: eta: 2:04:11  iter: 8040  time: 0.2146 (0.2764)  data: 0.0759 (0.1420)  loss: 10.4690 (11.1911)  lr: 0.000100  max mem: 5.6 GB
2025-01-05 14:16:55,683 Train INFO: eta: 2:04:01  iter: 8060  time: 0.2156 (0.2762)  data: 0.0753 (0.1418)  loss: 10.1834 (11.1887)  lr: 0.000100  max mem: 5.6 GB
2025-01-05 14:16:59,992 Train INFO: eta: 2:03:52  iter: 8080  time: 0.2138 (0.2761)  data: 0.0751 (0.1416)  loss: 10.5272 (11.1877)  lr: 0.000100  max mem: 5.6 GB
2025-01-05 14:17:04,280 Train INFO: eta: 2:03:42  iter: 8100  time: 0.2129 (0.2759)  data: 0.0753 (0.1415)  loss: 10.5834 (11.1872)  lr: 0.000100  max mem: 5.6 GB
2025-01-05 14:17:08,575 Train INFO: eta: 2:03:33  iter: 8120  time: 0.2143 (0.2758)  data: 0.0746 (0.1413)  loss: 10.6599 (11.1856)  lr: 0.000100  max mem: 5.6 GB
2025-01-05 14:17:12,861 Train INFO: eta: 2:03:23  iter: 8140  time: 0.2138 (0.2756)  data: 0.0746 (0.1412)  loss: 10.9687 (11.1852)  lr: 0.000100  max mem: 5.6 GB
2025-01-05 14:17:17,521 Train INFO: eta: 2:03:15  iter: 8160  time: 0.2141 (0.2755)  data: 0.0745 (0.1410)  loss: 9.9794 (11.1825)  lr: 0.000100  max mem: 5.6 GB
2025-01-05 14:17:21,934 Train INFO: eta: 2:03:06  iter: 8180  time: 0.2205 (0.2754)  data: 0.0790 (0.1409)  loss: 11.1415 (11.1819)  lr: 0.000100  max mem: 5.6 GB
2025-01-05 14:17:26,297 Train INFO: eta: 2:02:56  iter: 8200  time: 0.2169 (0.2753)  data: 0.0796 (0.1407)  loss: 10.7799 (11.1811)  lr: 0.000100  max mem: 5.6 GB
2025-01-05 14:17:30,679 Train INFO: eta: 2:02:47  iter: 8220  time: 0.2186 (0.2751)  data: 0.0792 (0.1406)  loss: 12.2030 (11.1834)  lr: 0.000100  max mem: 5.6 GB
2025-01-05 14:17:35,045 Train INFO: eta: 2:02:38  iter: 8240  time: 0.2180 (0.2750)  data: 0.0797 (0.1404)  loss: 12.2790 (11.1863)  lr: 0.000100  max mem: 5.6 GB
2025-01-05 14:17:39,394 Train INFO: eta: 2:02:29  iter: 8260  time: 0.2171 (0.2748)  data: 0.0790 (0.1403)  loss: 12.2328 (11.1889)  lr: 0.000100  max mem: 5.6 GB
2025-01-05 14:17:43,752 Train INFO: eta: 2:02:20  iter: 8280  time: 0.2175 (0.2747)  data: 0.0794 (0.1401)  loss: 12.5330 (11.1923)  lr: 0.000100  max mem: 5.6 GB
2025-01-05 14:17:48,111 Train INFO: eta: 2:02:10  iter: 8300  time: 0.2181 (0.2746)  data: 0.0800 (0.1400)  loss: 12.4338 (11.1959)  lr: 0.000100  max mem: 5.6 GB
2025-01-05 14:17:52,469 Train INFO: eta: 2:02:01  iter: 8320  time: 0.2181 (0.2744)  data: 0.0786 (0.1399)  loss: 12.7842 (11.2001)  lr: 0.000100  max mem: 5.6 GB
2025-01-05 14:17:56,881 Train INFO: eta: 2:01:52  iter: 8340  time: 0.2201 (0.2743)  data: 0.0784 (0.1397)  loss: 12.0197 (11.2020)  lr: 0.000100  max mem: 5.6 GB
2025-01-05 14:18:01,234 Train INFO: eta: 2:01:43  iter: 8360  time: 0.2171 (0.2742)  data: 0.0791 (0.1396)  loss: 11.9624 (11.2045)  lr: 0.000100  max mem: 5.6 GB
2025-01-05 14:18:05,617 Train INFO: eta: 2:01:34  iter: 8380  time: 0.2184 (0.2740)  data: 0.0787 (0.1394)  loss: 12.3530 (11.2086)  lr: 0.000100  max mem: 5.6 GB
2025-01-05 14:18:10,013 Train INFO: eta: 2:01:25  iter: 8400  time: 0.2192 (0.2739)  data: 0.0786 (0.1393)  loss: 12.4375 (11.2113)  lr: 0.000100  max mem: 5.6 GB
2025-01-05 14:18:14,360 Train INFO: eta: 2:01:16  iter: 8420  time: 0.2174 (0.2738)  data: 0.0792 (0.1391)  loss: 11.5572 (11.2121)  lr: 0.000100  max mem: 5.6 GB
2025-01-05 14:18:18,699 Train INFO: eta: 2:01:07  iter: 8440  time: 0.2162 (0.2736)  data: 0.0788 (0.1390)  loss: 11.9140 (11.2131)  lr: 0.000100  max mem: 5.6 GB
2025-01-05 14:18:23,045 Train INFO: eta: 2:00:58  iter: 8460  time: 0.2169 (0.2735)  data: 0.0787 (0.1388)  loss: 11.6473 (11.2149)  lr: 0.000100  max mem: 5.6 GB
2025-01-05 14:18:27,401 Train INFO: eta: 2:00:49  iter: 8480  time: 0.2174 (0.2734)  data: 0.0789 (0.1387)  loss: 12.4907 (11.2181)  lr: 0.000100  max mem: 5.6 GB
2025-01-05 14:18:31,764 Train INFO: eta: 2:00:40  iter: 8500  time: 0.2180 (0.2732)  data: 0.0791 (0.1386)  loss: 12.5642 (11.2218)  lr: 0.000100  max mem: 5.6 GB
2025-01-05 14:18:36,139 Train INFO: eta: 2:00:32  iter: 8520  time: 0.2175 (0.2731)  data: 0.0789 (0.1384)  loss: 11.9192 (11.2237)  lr: 0.000100  max mem: 5.6 GB
2025-01-05 14:18:40,500 Train INFO: eta: 2:00:23  iter: 8540  time: 0.2173 (0.2730)  data: 0.0783 (0.1383)  loss: 12.2309 (11.2251)  lr: 0.000100  max mem: 5.6 GB
2025-01-05 14:18:44,839 Train INFO: eta: 2:00:14  iter: 8560  time: 0.2162 (0.2729)  data: 0.0791 (0.1381)  loss: 11.9700 (11.2282)  lr: 0.000100  max mem: 5.6 GB
2025-01-05 14:18:49,193 Train INFO: eta: 2:00:05  iter: 8580  time: 0.2167 (0.2727)  data: 0.0789 (0.1380)  loss: 11.5295 (11.2293)  lr: 0.000100  max mem: 5.6 GB
2025-01-05 14:18:53,575 Train INFO: eta: 1:59:56  iter: 8600  time: 0.2176 (0.2726)  data: 0.0780 (0.1379)  loss: 12.1216 (11.2317)  lr: 0.000100  max mem: 5.6 GB
2025-01-05 14:18:57,914 Train INFO: eta: 1:59:47  iter: 8620  time: 0.2164 (0.2725)  data: 0.0786 (0.1377)  loss: 11.8096 (11.2328)  lr: 0.000100  max mem: 5.6 GB
2025-01-05 14:19:02,274 Train INFO: eta: 1:59:39  iter: 8640  time: 0.2172 (0.2723)  data: 0.0786 (0.1376)  loss: 12.2031 (11.2347)  lr: 0.000100  max mem: 5.6 GB
2025-01-05 14:19:06,622 Train INFO: eta: 1:59:30  iter: 8660  time: 0.2169 (0.2722)  data: 0.0786 (0.1375)  loss: 11.1717 (11.2348)  lr: 0.000100  max mem: 5.6 GB
2025-01-05 14:19:10,964 Train INFO: eta: 1:59:21  iter: 8680  time: 0.2164 (0.2721)  data: 0.0785 (0.1373)  loss: 11.0758 (11.2350)  lr: 0.000100  max mem: 5.6 GB
2025-01-05 14:19:15,298 Train INFO: eta: 1:59:12  iter: 8700  time: 0.2163 (0.2720)  data: 0.0785 (0.1372)  loss: 12.3850 (11.2377)  lr: 0.000100  max mem: 5.6 GB
2025-01-05 14:19:19,666 Train INFO: eta: 1:59:03  iter: 8720  time: 0.2171 (0.2718)  data: 0.0782 (0.1371)  loss: 11.3021 (11.2390)  lr: 0.000100  max mem: 5.6 GB
2025-01-05 14:19:24,017 Train INFO: eta: 1:58:55  iter: 8740  time: 0.2159 (0.2717)  data: 0.0778 (0.1369)  loss: 11.6251 (11.2396)  lr: 0.000100  max mem: 5.6 GB
2025-01-05 14:19:28,370 Train INFO: eta: 1:58:46  iter: 8760  time: 0.2182 (0.2716)  data: 0.0782 (0.1368)  loss: 11.3205 (11.2403)  lr: 0.000100  max mem: 5.6 GB
2025-01-05 14:19:32,715 Train INFO: eta: 1:58:37  iter: 8780  time: 0.2164 (0.2715)  data: 0.0784 (0.1366)  loss: 11.3358 (11.2405)  lr: 0.000100  max mem: 5.6 GB
2025-01-05 14:19:37,064 Train INFO: eta: 1:58:29  iter: 8800  time: 0.2173 (0.2713)  data: 0.0778 (0.1365)  loss: 10.7512 (11.2402)  lr: 0.000100  max mem: 5.6 GB
2025-01-05 14:19:41,411 Train INFO: eta: 1:58:20  iter: 8820  time: 0.2165 (0.2712)  data: 0.0778 (0.1364)  loss: 11.2609 (11.2411)  lr: 0.000100  max mem: 5.6 GB
2025-01-05 14:19:45,758 Train INFO: eta: 1:58:12  iter: 8840  time: 0.2165 (0.2711)  data: 0.0777 (0.1362)  loss: 11.5321 (11.2415)  lr: 0.000100  max mem: 5.6 GB
2025-01-05 14:19:50,099 Train INFO: eta: 1:58:03  iter: 8860  time: 0.2158 (0.2710)  data: 0.0776 (0.1361)  loss: 11.2557 (11.2421)  lr: 0.000100  max mem: 5.6 GB
2025-01-05 14:19:54,429 Train INFO: eta: 1:57:54  iter: 8880  time: 0.2163 (0.2709)  data: 0.0775 (0.1360)  loss: 11.3963 (11.2418)  lr: 0.000100  max mem: 5.6 GB
2025-01-05 14:19:58,766 Train INFO: eta: 1:57:46  iter: 8900  time: 0.2165 (0.2707)  data: 0.0774 (0.1359)  loss: 10.2167 (11.2391)  lr: 0.000100  max mem: 5.6 GB
2025-01-05 14:20:03,110 Train INFO: eta: 1:57:37  iter: 8920  time: 0.2163 (0.2706)  data: 0.0765 (0.1357)  loss: 10.5816 (11.2382)  lr: 0.000100  max mem: 5.6 GB
2025-01-05 14:20:07,443 Train INFO: eta: 1:57:29  iter: 8940  time: 0.2166 (0.2705)  data: 0.0772 (0.1356)  loss: 10.8781 (11.2377)  lr: 0.000100  max mem: 5.6 GB
2025-01-05 14:20:11,780 Train INFO: eta: 1:57:20  iter: 8960  time: 0.2158 (0.2704)  data: 0.0774 (0.1355)  loss: 10.1920 (11.2355)  lr: 0.000100  max mem: 5.6 GB
2025-01-05 14:20:16,100 Train INFO: eta: 1:57:12  iter: 8980  time: 0.2158 (0.2703)  data: 0.0772 (0.1353)  loss: 10.9777 (11.2353)  lr: 0.000100  max mem: 5.6 GB
2025-01-05 14:20:20,433 Train INFO: eta: 1:57:03  iter: 9000  time: 0.2163 (0.2701)  data: 0.0769 (0.1352)  loss: 10.8496 (11.2351)  lr: 0.000100  max mem: 5.6 GB
2025-01-05 14:20:20,836 Train INFO: Validation
2025-01-05 14:20:20,839 Train INFO: Begin extract
2025-01-05 14:21:22,890 Train INFO: Best iteration 9000: {'mean_average_precision_at_r': 0.4752067151084556, 'precision_at_1': 0.7553965158176589, 'r_precision': 0.5046001442810639}
2025-01-05 14:21:27,234 Train INFO: eta: 1:59:54  iter: 9020  time: 0.2164 (0.2769)  data: 0.0769 (0.1420)  loss: 11.4160 (11.2356)  lr: 0.000100  max mem: 5.6 GB
2025-01-05 14:21:31,549 Train INFO: eta: 1:59:45  iter: 9040  time: 0.2152 (0.2768)  data: 0.0770 (0.1419)  loss: 10.2233 (11.2331)  lr: 0.000100  max mem: 5.6 GB
2025-01-05 14:21:35,880 Train INFO: eta: 1:59:36  iter: 9060  time: 0.2164 (0.2767)  data: 0.0768 (0.1417)  loss: 10.1235 (11.2310)  lr: 0.000100  max mem: 5.6 GB
2025-01-05 14:21:40,176 Train INFO: eta: 1:59:27  iter: 9080  time: 0.2146 (0.2765)  data: 0.0767 (0.1416)  loss: 10.0060 (11.2283)  lr: 0.000100  max mem: 5.6 GB
2025-01-05 14:21:44,475 Train INFO: eta: 1:59:18  iter: 9100  time: 0.2136 (0.2764)  data: 0.0762 (0.1414)  loss: 10.4366 (11.2267)  lr: 0.000100  max mem: 5.6 GB
2025-01-05 14:21:48,791 Train INFO: eta: 1:59:09  iter: 9120  time: 0.2152 (0.2763)  data: 0.0759 (0.1413)  loss: 10.4631 (11.2254)  lr: 0.000100  max mem: 5.6 GB
2025-01-05 14:21:53,085 Train INFO: eta: 1:59:00  iter: 9140  time: 0.2143 (0.2761)  data: 0.0765 (0.1411)  loss: 10.2800 (11.2234)  lr: 0.000100  max mem: 5.6 GB
2025-01-05 14:21:57,391 Train INFO: eta: 1:58:51  iter: 9160  time: 0.2147 (0.2760)  data: 0.0760 (0.1410)  loss: 10.1782 (11.2222)  lr: 0.000100  max mem: 5.6 GB
2025-01-05 14:22:01,676 Train INFO: eta: 1:58:42  iter: 9180  time: 0.2144 (0.2759)  data: 0.0762 (0.1409)  loss: 9.8920 (11.2196)  lr: 0.000100  max mem: 5.6 GB
2025-01-05 14:22:05,980 Train INFO: eta: 1:58:33  iter: 9200  time: 0.2141 (0.2757)  data: 0.0760 (0.1407)  loss: 10.3536 (11.2179)  lr: 0.000100  max mem: 5.6 GB
2025-01-05 14:22:10,263 Train INFO: eta: 1:58:25  iter: 9220  time: 0.2130 (0.2756)  data: 0.0758 (0.1406)  loss: 9.4822 (11.2142)  lr: 0.000100  max mem: 5.6 GB
2025-01-05 14:22:14,566 Train INFO: eta: 1:58:16  iter: 9240  time: 0.2138 (0.2755)  data: 0.0758 (0.1404)  loss: 10.6716 (11.2128)  lr: 0.000100  max mem: 5.6 GB
2025-01-05 14:22:18,860 Train INFO: eta: 1:58:07  iter: 9260  time: 0.2144 (0.2753)  data: 0.0754 (0.1403)  loss: 10.6908 (11.2118)  lr: 0.000100  max mem: 5.6 GB
2025-01-05 14:22:23,142 Train INFO: eta: 1:57:58  iter: 9280  time: 0.2131 (0.2752)  data: 0.0751 (0.1401)  loss: 10.0241 (11.2097)  lr: 0.000100  max mem: 5.6 GB
2025-01-05 14:22:27,412 Train INFO: eta: 1:57:49  iter: 9300  time: 0.2131 (0.2751)  data: 0.0754 (0.1400)  loss: 9.8242 (11.2072)  lr: 0.000100  max mem: 5.6 GB
2025-01-05 14:22:31,682 Train INFO: eta: 1:57:40  iter: 9320  time: 0.2129 (0.2749)  data: 0.0748 (0.1399)  loss: 9.6483 (11.2045)  lr: 0.000100  max mem: 5.6 GB
2025-01-05 14:22:36,301 Train INFO: eta: 1:57:32  iter: 9340  time: 0.2193 (0.2748)  data: 0.0785 (0.1398)  loss: 10.7690 (11.2041)  lr: 0.000100  max mem: 5.6 GB
2025-01-05 14:22:40,690 Train INFO: eta: 1:57:24  iter: 9360  time: 0.2191 (0.2747)  data: 0.0790 (0.1396)  loss: 10.0257 (11.2013)  lr: 0.000100  max mem: 5.6 GB
2025-01-05 14:22:45,061 Train INFO: eta: 1:57:15  iter: 9380  time: 0.2181 (0.2746)  data: 0.0790 (0.1395)  loss: 11.2633 (11.2021)  lr: 0.000100  max mem: 5.6 GB
2025-01-05 14:22:49,437 Train INFO: eta: 1:57:06  iter: 9400  time: 0.2175 (0.2745)  data: 0.0792 (0.1394)  loss: 11.7563 (11.2033)  lr: 0.000100  max mem: 5.6 GB
2025-01-05 14:22:53,799 Train INFO: eta: 1:56:58  iter: 9420  time: 0.2174 (0.2744)  data: 0.0791 (0.1393)  loss: 12.6586 (11.2063)  lr: 0.000100  max mem: 5.6 GB
2025-01-05 14:22:58,161 Train INFO: eta: 1:56:49  iter: 9440  time: 0.2176 (0.2743)  data: 0.0797 (0.1391)  loss: 10.6386 (11.2058)  lr: 0.000100  max mem: 5.6 GB
2025-01-05 14:23:02,513 Train INFO: eta: 1:56:41  iter: 9460  time: 0.2169 (0.2741)  data: 0.0791 (0.1390)  loss: 12.0942 (11.2081)  lr: 0.000100  max mem: 5.6 GB
2025-01-05 14:23:06,898 Train INFO: eta: 1:56:32  iter: 9480  time: 0.2184 (0.2740)  data: 0.0788 (0.1389)  loss: 12.6891 (11.2109)  lr: 0.000100  max mem: 5.6 GB
2025-01-05 14:23:11,257 Train INFO: eta: 1:56:24  iter: 9500  time: 0.2173 (0.2739)  data: 0.0793 (0.1387)  loss: 12.5403 (11.2136)  lr: 0.000100  max mem: 5.6 GB
2025-01-05 14:23:15,598 Train INFO: eta: 1:56:15  iter: 9520  time: 0.2166 (0.2738)  data: 0.0792 (0.1386)  loss: 10.9867 (11.2132)  lr: 0.000100  max mem: 5.6 GB
2025-01-05 14:23:19,956 Train INFO: eta: 1:56:07  iter: 9540  time: 0.2177 (0.2737)  data: 0.0791 (0.1385)  loss: 12.4721 (11.2158)  lr: 0.000100  max mem: 5.6 GB
2025-01-05 14:23:24,331 Train INFO: eta: 1:55:59  iter: 9560  time: 0.2179 (0.2735)  data: 0.0791 (0.1384)  loss: 12.1142 (11.2178)  lr: 0.000100  max mem: 5.6 GB
2025-01-05 14:23:28,728 Train INFO: eta: 1:55:50  iter: 9580  time: 0.2192 (0.2734)  data: 0.0787 (0.1383)  loss: 11.7607 (11.2197)  lr: 0.000100  max mem: 5.6 GB
2025-01-05 14:23:33,111 Train INFO: eta: 1:55:42  iter: 9600  time: 0.2190 (0.2733)  data: 0.0787 (0.1381)  loss: 11.4458 (11.2201)  lr: 0.000100  max mem: 5.6 GB
2025-01-05 14:23:37,481 Train INFO: eta: 1:55:34  iter: 9620  time: 0.2180 (0.2732)  data: 0.0791 (0.1380)  loss: 11.9319 (11.2219)  lr: 0.000100  max mem: 5.6 GB
2025-01-05 14:23:41,820 Train INFO: eta: 1:55:25  iter: 9640  time: 0.2165 (0.2731)  data: 0.0789 (0.1379)  loss: 11.2469 (11.2224)  lr: 0.000100  max mem: 5.6 GB
2025-01-05 14:23:46,175 Train INFO: eta: 1:55:17  iter: 9660  time: 0.2169 (0.2730)  data: 0.0793 (0.1378)  loss: 11.9827 (11.2240)  lr: 0.000100  max mem: 5.6 GB
2025-01-05 14:23:50,676 Train INFO: eta: 1:55:09  iter: 9680  time: 0.2192 (0.2729)  data: 0.0786 (0.1376)  loss: 11.2805 (11.2245)  lr: 0.000100  max mem: 5.6 GB
2025-01-05 14:23:55,029 Train INFO: eta: 1:55:00  iter: 9700  time: 0.2178 (0.2728)  data: 0.0783 (0.1375)  loss: 12.3942 (11.2264)  lr: 0.000100  max mem: 5.6 GB
2025-01-05 14:23:59,416 Train INFO: eta: 1:54:52  iter: 9720  time: 0.2182 (0.2727)  data: 0.0776 (0.1374)  loss: 11.4534 (11.2267)  lr: 0.000100  max mem: 5.6 GB
2025-01-05 14:24:03,779 Train INFO: eta: 1:54:44  iter: 9740  time: 0.2176 (0.2725)  data: 0.0786 (0.1373)  loss: 11.5560 (11.2273)  lr: 0.000100  max mem: 5.6 GB
2025-01-05 14:24:08,130 Train INFO: eta: 1:54:36  iter: 9760  time: 0.2176 (0.2724)  data: 0.0788 (0.1372)  loss: 10.8041 (11.2276)  lr: 0.000100  max mem: 5.6 GB
2025-01-05 14:24:12,467 Train INFO: eta: 1:54:27  iter: 9780  time: 0.2164 (0.2723)  data: 0.0787 (0.1370)  loss: 11.3102 (11.2279)  lr: 0.000100  max mem: 5.6 GB
2025-01-05 14:24:16,826 Train INFO: eta: 1:54:19  iter: 9800  time: 0.2171 (0.2722)  data: 0.0783 (0.1369)  loss: 11.0518 (11.2275)  lr: 0.000100  max mem: 5.6 GB
2025-01-05 14:24:21,201 Train INFO: eta: 1:54:11  iter: 9820  time: 0.2178 (0.2721)  data: 0.0783 (0.1368)  loss: 10.9060 (11.2273)  lr: 0.000100  max mem: 5.6 GB
2025-01-05 14:24:25,552 Train INFO: eta: 1:54:03  iter: 9840  time: 0.2175 (0.2720)  data: 0.0787 (0.1367)  loss: 11.8974 (11.2282)  lr: 0.000100  max mem: 5.6 GB
2025-01-05 14:24:29,920 Train INFO: eta: 1:53:54  iter: 9860  time: 0.2171 (0.2719)  data: 0.0779 (0.1366)  loss: 10.9968 (11.2277)  lr: 0.000100  max mem: 5.6 GB
2025-01-05 14:24:34,265 Train INFO: eta: 1:53:46  iter: 9880  time: 0.2161 (0.2718)  data: 0.0781 (0.1364)  loss: 11.5504 (11.2286)  lr: 0.000100  max mem: 5.6 GB
2025-01-05 14:24:38,602 Train INFO: eta: 1:53:38  iter: 9900  time: 0.2165 (0.2717)  data: 0.0781 (0.1363)  loss: 10.1982 (11.2278)  lr: 0.000100  max mem: 5.6 GB
2025-01-05 14:24:42,936 Train INFO: eta: 1:53:30  iter: 9920  time: 0.2169 (0.2715)  data: 0.0779 (0.1362)  loss: 10.8405 (11.2277)  lr: 0.000100  max mem: 5.6 GB
2025-01-05 14:24:47,276 Train INFO: eta: 1:53:22  iter: 9940  time: 0.2166 (0.2714)  data: 0.0781 (0.1361)  loss: 12.1772 (11.2296)  lr: 0.000100  max mem: 5.6 GB
2025-01-05 14:24:51,593 Train INFO: eta: 1:53:13  iter: 9960  time: 0.2155 (0.2713)  data: 0.0783 (0.1360)  loss: 10.2741 (11.2282)  lr: 0.000100  max mem: 5.6 GB
2025-01-05 14:24:55,929 Train INFO: eta: 1:53:05  iter: 9980  time: 0.2154 (0.2712)  data: 0.0777 (0.1359)  loss: 10.8917 (11.2278)  lr: 0.000100  max mem: 5.6 GB
2025-01-05 14:25:00,275 Train INFO: eta: 1:52:57  iter: 10000  time: 0.2162 (0.2711)  data: 0.0779 (0.1357)  loss: 11.7067 (11.2291)  lr: 0.000100  max mem: 5.6 GB
2025-01-05 14:25:00,666 Train INFO: Validation
2025-01-05 14:25:00,670 Train INFO: Begin extract
2025-01-05 14:26:03,722 Train INFO: Performance at iteration 010000: {'mean_average_precision_at_r': 0.4685872273073846, 'precision_at_1': 0.7513635912862384, 'r_precision': 0.49765074609294646}
2025-01-05 14:26:08,235 Train INFO: eta: 1:55:28  iter: 10020  time: 0.2167 (0.2773)  data: 0.0780 (0.1420)  loss: 10.4154 (11.2278)  lr: 0.000100  max mem: 5.6 GB
2025-01-05 14:26:12,605 Train INFO: eta: 1:55:19  iter: 10040  time: 0.2180 (0.2772)  data: 0.0777 (0.1418)  loss: 12.0652 (11.2291)  lr: 0.000100  max mem: 5.6 GB
2025-01-05 14:26:16,933 Train INFO: eta: 1:55:11  iter: 10060  time: 0.2155 (0.2771)  data: 0.0778 (0.1417)  loss: 10.4655 (11.2280)  lr: 0.000100  max mem: 5.6 GB
2025-01-05 14:26:21,271 Train INFO: eta: 1:55:02  iter: 10080  time: 0.2158 (0.2770)  data: 0.0777 (0.1416)  loss: 10.4000 (11.2269)  lr: 0.000100  max mem: 5.6 GB
2025-01-05 14:26:25,617 Train INFO: eta: 1:54:54  iter: 10100  time: 0.2168 (0.2769)  data: 0.0766 (0.1415)  loss: 9.7467 (11.2245)  lr: 0.000100  max mem: 5.6 GB
2025-01-05 14:26:29,967 Train INFO: eta: 1:54:45  iter: 10120  time: 0.2164 (0.2768)  data: 0.0771 (0.1413)  loss: 11.0415 (11.2241)  lr: 0.000100  max mem: 5.6 GB
2025-01-05 14:26:34,274 Train INFO: eta: 1:54:37  iter: 10140  time: 0.2150 (0.2766)  data: 0.0773 (0.1412)  loss: 10.9271 (11.2238)  lr: 0.000100  max mem: 5.6 GB
2025-01-05 14:26:38,608 Train INFO: eta: 1:54:28  iter: 10160  time: 0.2153 (0.2765)  data: 0.0771 (0.1411)  loss: 9.8105 (11.2219)  lr: 0.000100  max mem: 5.6 GB
2025-01-05 14:26:42,952 Train INFO: eta: 1:54:20  iter: 10180  time: 0.2165 (0.2764)  data: 0.0771 (0.1410)  loss: 10.8449 (11.2212)  lr: 0.000100  max mem: 5.6 GB
2025-01-05 14:26:47,264 Train INFO: eta: 1:54:11  iter: 10200  time: 0.2149 (0.2763)  data: 0.0772 (0.1408)  loss: 10.5051 (11.2199)  lr: 0.000100  max mem: 5.6 GB
2025-01-05 14:26:51,572 Train INFO: eta: 1:54:03  iter: 10220  time: 0.2148 (0.2762)  data: 0.0770 (0.1407)  loss: 10.0017 (11.2180)  lr: 0.000100  max mem: 5.6 GB
2025-01-05 14:26:55,883 Train INFO: eta: 1:53:54  iter: 10240  time: 0.2144 (0.2760)  data: 0.0769 (0.1406)  loss: 10.1583 (11.2171)  lr: 0.000100  max mem: 5.6 GB
2025-01-05 14:27:00,171 Train INFO: eta: 1:53:46  iter: 10260  time: 0.2134 (0.2759)  data: 0.0767 (0.1405)  loss: 9.6694 (11.2141)  lr: 0.000100  max mem: 5.6 GB
2025-01-05 14:27:04,494 Train INFO: eta: 1:53:37  iter: 10280  time: 0.2157 (0.2758)  data: 0.0763 (0.1403)  loss: 10.3369 (11.2124)  lr: 0.000100  max mem: 5.6 GB
2025-01-05 14:27:08,871 Train INFO: eta: 1:53:29  iter: 10300  time: 0.2186 (0.2757)  data: 0.0743 (0.1402)  loss: 10.5308 (11.2121)  lr: 0.000100  max mem: 5.6 GB
2025-01-05 14:27:13,173 Train INFO: eta: 1:53:21  iter: 10320  time: 0.2143 (0.2756)  data: 0.0762 (0.1401)  loss: 8.6674 (11.2079)  lr: 0.000100  max mem: 5.6 GB
2025-01-05 14:27:17,498 Train INFO: eta: 1:53:12  iter: 10340  time: 0.2147 (0.2755)  data: 0.0753 (0.1400)  loss: 11.6867 (11.2087)  lr: 0.000100  max mem: 5.6 GB
2025-01-05 14:27:21,772 Train INFO: eta: 1:53:04  iter: 10360  time: 0.2132 (0.2753)  data: 0.0760 (0.1398)  loss: 9.3715 (11.2052)  lr: 0.000100  max mem: 5.6 GB
2025-01-05 14:27:26,062 Train INFO: eta: 1:52:56  iter: 10380  time: 0.2139 (0.2752)  data: 0.0762 (0.1397)  loss: 10.3348 (11.2040)  lr: 0.000100  max mem: 5.6 GB
2025-01-05 14:27:30,346 Train INFO: eta: 1:52:47  iter: 10400  time: 0.2129 (0.2751)  data: 0.0758 (0.1396)  loss: 11.1834 (11.2038)  lr: 0.000100  max mem: 5.6 GB
2025-01-05 14:27:34,633 Train INFO: eta: 1:52:39  iter: 10420  time: 0.2135 (0.2750)  data: 0.0754 (0.1395)  loss: 9.8626 (11.2018)  lr: 0.000100  max mem: 5.6 GB
2025-01-05 14:27:38,912 Train INFO: eta: 1:52:30  iter: 10440  time: 0.2130 (0.2749)  data: 0.0756 (0.1393)  loss: 10.7204 (11.2007)  lr: 0.000100  max mem: 5.6 GB
2025-01-05 14:27:43,199 Train INFO: eta: 1:52:22  iter: 10460  time: 0.2140 (0.2748)  data: 0.0751 (0.1392)  loss: 11.0167 (11.2006)  lr: 0.000100  max mem: 5.6 GB
2025-01-05 14:27:47,496 Train INFO: eta: 1:52:14  iter: 10480  time: 0.2144 (0.2746)  data: 0.0751 (0.1391)  loss: 10.1829 (11.1992)  lr: 0.000100  max mem: 5.6 GB
2025-01-05 14:27:52,155 Train INFO: eta: 1:52:06  iter: 10500  time: 0.2127 (0.2746)  data: 0.0753 (0.1390)  loss: 9.3984 (11.1960)  lr: 0.000100  max mem: 5.6 GB
2025-01-05 14:27:56,523 Train INFO: eta: 1:51:58  iter: 10520  time: 0.2174 (0.2745)  data: 0.0797 (0.1389)  loss: 11.3464 (11.1961)  lr: 0.000100  max mem: 5.6 GB
2025-01-05 14:28:00,902 Train INFO: eta: 1:51:50  iter: 10540  time: 0.2184 (0.2744)  data: 0.0788 (0.1388)  loss: 11.0998 (11.1959)  lr: 0.000100  max mem: 5.6 GB
2025-01-05 14:28:05,278 Train INFO: eta: 1:51:42  iter: 10560  time: 0.2181 (0.2742)  data: 0.0800 (0.1387)  loss: 11.7388 (11.1970)  lr: 0.000100  max mem: 5.6 GB
2025-01-05 14:28:09,647 Train INFO: eta: 1:51:34  iter: 10580  time: 0.2176 (0.2741)  data: 0.0802 (0.1386)  loss: 12.9137 (11.2000)  lr: 0.000100  max mem: 5.6 GB
2025-01-05 14:28:13,995 Train INFO: eta: 1:51:26  iter: 10600  time: 0.2168 (0.2740)  data: 0.0795 (0.1385)  loss: 12.3447 (11.2017)  lr: 0.000100  max mem: 5.6 GB
2025-01-05 14:28:18,361 Train INFO: eta: 1:51:18  iter: 10620  time: 0.2181 (0.2739)  data: 0.0792 (0.1383)  loss: 12.0622 (11.2034)  lr: 0.000100  max mem: 5.6 GB
2025-01-05 14:28:22,741 Train INFO: eta: 1:51:10  iter: 10640  time: 0.2184 (0.2738)  data: 0.0787 (0.1382)  loss: 12.6542 (11.2061)  lr: 0.000100  max mem: 5.6 GB
2025-01-05 14:28:27,118 Train INFO: eta: 1:51:02  iter: 10660  time: 0.2175 (0.2737)  data: 0.0796 (0.1381)  loss: 11.6430 (11.2070)  lr: 0.000100  max mem: 5.6 GB
2025-01-05 14:28:31,474 Train INFO: eta: 1:50:54  iter: 10680  time: 0.2176 (0.2736)  data: 0.0797 (0.1380)  loss: 12.9848 (11.2098)  lr: 0.000100  max mem: 5.6 GB
2025-01-05 14:28:35,839 Train INFO: eta: 1:50:46  iter: 10700  time: 0.2172 (0.2735)  data: 0.0795 (0.1379)  loss: 12.0464 (11.2114)  lr: 0.000100  max mem: 5.6 GB
2025-01-05 14:28:40,196 Train INFO: eta: 1:50:38  iter: 10720  time: 0.2175 (0.2734)  data: 0.0795 (0.1378)  loss: 12.7498 (11.2146)  lr: 0.000100  max mem: 5.6 GB
2025-01-05 14:28:44,589 Train INFO: eta: 1:50:30  iter: 10740  time: 0.2195 (0.2733)  data: 0.0787 (0.1377)  loss: 12.1110 (11.2161)  lr: 0.000100  max mem: 5.6 GB
2025-01-05 14:28:48,956 Train INFO: eta: 1:50:22  iter: 10760  time: 0.2179 (0.2732)  data: 0.0793 (0.1376)  loss: 10.9473 (11.2162)  lr: 0.000100  max mem: 5.6 GB
2025-01-05 14:28:53,319 Train INFO: eta: 1:50:14  iter: 10780  time: 0.2177 (0.2731)  data: 0.0790 (0.1375)  loss: 11.4144 (11.2171)  lr: 0.000100  max mem: 5.6 GB
2025-01-05 14:28:57,676 Train INFO: eta: 1:50:06  iter: 10800  time: 0.2169 (0.2730)  data: 0.0793 (0.1374)  loss: 11.2659 (11.2173)  lr: 0.000100  max mem: 5.6 GB
2025-01-05 14:29:02,059 Train INFO: eta: 1:49:58  iter: 10820  time: 0.2187 (0.2729)  data: 0.0784 (0.1372)  loss: 11.2154 (11.2174)  lr: 0.000100  max mem: 5.6 GB
2025-01-05 14:29:06,418 Train INFO: eta: 1:49:50  iter: 10840  time: 0.2175 (0.2728)  data: 0.0793 (0.1371)  loss: 12.7276 (11.2201)  lr: 0.000100  max mem: 5.6 GB
2025-01-05 14:29:10,767 Train INFO: eta: 1:49:43  iter: 10860  time: 0.2165 (0.2727)  data: 0.0791 (0.1370)  loss: 10.8948 (11.2196)  lr: 0.000100  max mem: 5.6 GB
2025-01-05 14:29:15,122 Train INFO: eta: 1:49:35  iter: 10880  time: 0.2168 (0.2726)  data: 0.0785 (0.1369)  loss: 11.8123 (11.2207)  lr: 0.000100  max mem: 5.6 GB
2025-01-05 14:29:19,484 Train INFO: eta: 1:49:27  iter: 10900  time: 0.2173 (0.2725)  data: 0.0790 (0.1368)  loss: 10.9353 (11.2208)  lr: 0.000100  max mem: 5.6 GB
2025-01-05 14:29:23,875 Train INFO: eta: 1:49:19  iter: 10920  time: 0.2185 (0.2724)  data: 0.0783 (0.1367)  loss: 11.6135 (11.2214)  lr: 0.000100  max mem: 5.6 GB
2025-01-05 14:29:28,229 Train INFO: eta: 1:49:11  iter: 10940  time: 0.2180 (0.2723)  data: 0.0777 (0.1366)  loss: 11.9567 (11.2230)  lr: 0.000100  max mem: 5.6 GB
2025-01-05 14:29:32,607 Train INFO: eta: 1:49:03  iter: 10960  time: 0.2189 (0.2722)  data: 0.0781 (0.1365)  loss: 10.9359 (11.2230)  lr: 0.000100  max mem: 5.6 GB
2025-01-05 14:29:36,955 Train INFO: eta: 1:48:56  iter: 10980  time: 0.2171 (0.2721)  data: 0.0785 (0.1364)  loss: 10.2326 (11.2215)  lr: 0.000100  max mem: 5.6 GB
2025-01-05 14:29:41,296 Train INFO: eta: 1:48:48  iter: 11000  time: 0.2163 (0.2720)  data: 0.0787 (0.1363)  loss: 11.3097 (11.2217)  lr: 0.000100  max mem: 5.6 GB
2025-01-05 14:29:41,679 Train INFO: Validation
2025-01-05 14:29:41,683 Train INFO: Begin extract
2025-01-05 14:30:44,373 Train INFO: Performance at iteration 011000: {'mean_average_precision_at_r': 0.4268692836442696, 'precision_at_1': 0.6957125384284817, 'r_precision': 0.4537474611765544}
2025-01-05 14:30:48,734 Train INFO: eta: 1:50:57  iter: 11020  time: 0.2170 (0.2776)  data: 0.0789 (0.1419)  loss: 11.4699 (11.2225)  lr: 0.000100  max mem: 5.6 GB
2025-01-05 14:30:53,100 Train INFO: eta: 1:50:49  iter: 11040  time: 0.2176 (0.2775)  data: 0.0786 (0.1418)  loss: 11.7040 (11.2236)  lr: 0.000100  max mem: 5.6 GB
2025-01-05 14:30:57,462 Train INFO: eta: 1:50:41  iter: 11060  time: 0.2165 (0.2774)  data: 0.0785 (0.1417)  loss: 11.1275 (11.2235)  lr: 0.000100  max mem: 5.6 GB
2025-01-05 14:31:01,791 Train INFO: eta: 1:50:33  iter: 11080  time: 0.2163 (0.2773)  data: 0.0785 (0.1416)  loss: 10.9456 (11.2228)  lr: 0.000100  max mem: 5.6 GB
2025-01-05 14:31:06,115 Train INFO: eta: 1:50:25  iter: 11100  time: 0.2162 (0.2772)  data: 0.0784 (0.1415)  loss: 10.5166 (11.2218)  lr: 0.000100  max mem: 5.6 GB
2025-01-05 14:31:10,443 Train INFO: eta: 1:50:16  iter: 11120  time: 0.2162 (0.2771)  data: 0.0782 (0.1413)  loss: 10.8288 (11.2211)  lr: 0.000100  max mem: 5.6 GB
2025-01-05 14:31:14,792 Train INFO: eta: 1:50:08  iter: 11140  time: 0.2169 (0.2770)  data: 0.0780 (0.1412)  loss: 11.4055 (11.2214)  lr: 0.000100  max mem: 5.6 GB
2025-01-05 14:31:19,132 Train INFO: eta: 1:50:00  iter: 11160  time: 0.2167 (0.2769)  data: 0.0777 (0.1411)  loss: 11.0621 (11.2214)  lr: 0.000100  max mem: 5.6 GB
2025-01-05 14:31:23,460 Train INFO: eta: 1:49:52  iter: 11180  time: 0.2161 (0.2768)  data: 0.0781 (0.1410)  loss: 10.8388 (11.2214)  lr: 0.000100  max mem: 5.6 GB
2025-01-05 14:31:27,776 Train INFO: eta: 1:49:44  iter: 11200  time: 0.2153 (0.2767)  data: 0.0775 (0.1409)  loss: 10.6175 (11.2210)  lr: 0.000100  max mem: 5.6 GB
2025-01-05 14:31:32,099 Train INFO: eta: 1:49:36  iter: 11220  time: 0.2158 (0.2765)  data: 0.0778 (0.1408)  loss: 10.6634 (11.2203)  lr: 0.000100  max mem: 5.6 GB
2025-01-05 14:31:36,408 Train INFO: eta: 1:49:28  iter: 11240  time: 0.2148 (0.2764)  data: 0.0776 (0.1407)  loss: 10.3302 (11.2188)  lr: 0.000100  max mem: 5.6 GB
2025-01-05 14:31:40,729 Train INFO: eta: 1:49:20  iter: 11260  time: 0.2158 (0.2763)  data: 0.0777 (0.1405)  loss: 9.7845 (11.2172)  lr: 0.000100  max mem: 5.6 GB
2025-01-05 14:31:45,042 Train INFO: eta: 1:49:12  iter: 11280  time: 0.2154 (0.2762)  data: 0.0775 (0.1404)  loss: 11.1056 (11.2172)  lr: 0.000100  max mem: 5.6 GB
2025-01-05 14:31:49,374 Train INFO: eta: 1:49:04  iter: 11300  time: 0.2160 (0.2761)  data: 0.0776 (0.1403)  loss: 11.1329 (11.2174)  lr: 0.000100  max mem: 5.6 GB
2025-01-05 14:31:53,676 Train INFO: eta: 1:48:55  iter: 11320  time: 0.2143 (0.2760)  data: 0.0773 (0.1402)  loss: 10.2700 (11.2154)  lr: 0.000100  max mem: 5.6 GB
2025-01-05 14:31:57,978 Train INFO: eta: 1:48:47  iter: 11340  time: 0.2149 (0.2759)  data: 0.0771 (0.1401)  loss: 11.2720 (11.2156)  lr: 0.000100  max mem: 5.6 GB
2025-01-05 14:32:02,319 Train INFO: eta: 1:48:39  iter: 11360  time: 0.2164 (0.2758)  data: 0.0762 (0.1400)  loss: 9.6110 (11.2122)  lr: 0.000100  max mem: 5.6 GB
2025-01-05 14:32:06,656 Train INFO: eta: 1:48:31  iter: 11380  time: 0.2152 (0.2757)  data: 0.0770 (0.1399)  loss: 10.0757 (11.2107)  lr: 0.000100  max mem: 5.6 GB
2025-01-05 14:32:10,971 Train INFO: eta: 1:48:23  iter: 11400  time: 0.2143 (0.2756)  data: 0.0768 (0.1398)  loss: 9.1497 (11.2077)  lr: 0.000100  max mem: 5.6 GB
2025-01-05 14:32:15,272 Train INFO: eta: 1:48:15  iter: 11420  time: 0.2147 (0.2755)  data: 0.0767 (0.1397)  loss: 11.1609 (11.2079)  lr: 0.000100  max mem: 5.6 GB
2025-01-05 14:32:19,582 Train INFO: eta: 1:48:07  iter: 11440  time: 0.2152 (0.2754)  data: 0.0766 (0.1395)  loss: 9.0307 (11.2050)  lr: 0.000100  max mem: 5.6 GB
2025-01-05 14:32:23,902 Train INFO: eta: 1:48:00  iter: 11460  time: 0.2157 (0.2753)  data: 0.0762 (0.1394)  loss: 10.5703 (11.2042)  lr: 0.000100  max mem: 5.6 GB
2025-01-05 14:32:28,224 Train INFO: eta: 1:47:52  iter: 11480  time: 0.2146 (0.2752)  data: 0.0764 (0.1393)  loss: 10.5485 (11.2037)  lr: 0.000100  max mem: 5.6 GB
2025-01-05 14:32:32,490 Train INFO: eta: 1:47:44  iter: 11500  time: 0.2133 (0.2751)  data: 0.0761 (0.1392)  loss: 8.0281 (11.1990)  lr: 0.000100  max mem: 5.6 GB
2025-01-05 14:32:36,910 Train INFO: eta: 1:47:36  iter: 11520  time: 0.2139 (0.2750)  data: 0.0760 (0.1391)  loss: 10.1362 (11.1980)  lr: 0.000100  max mem: 5.6 GB
2025-01-05 14:32:41,236 Train INFO: eta: 1:47:28  iter: 11540  time: 0.2156 (0.2749)  data: 0.0754 (0.1390)  loss: 10.0570 (11.1965)  lr: 0.000100  max mem: 5.6 GB
2025-01-05 14:32:45,520 Train INFO: eta: 1:47:20  iter: 11560  time: 0.2136 (0.2748)  data: 0.0760 (0.1389)  loss: 9.5764 (11.1944)  lr: 0.000100  max mem: 5.6 GB
2025-01-05 14:32:49,805 Train INFO: eta: 1:47:12  iter: 11580  time: 0.2135 (0.2747)  data: 0.0757 (0.1388)  loss: 8.7655 (11.1912)  lr: 0.000100  max mem: 5.6 GB
2025-01-05 14:32:54,086 Train INFO: eta: 1:47:04  iter: 11600  time: 0.2131 (0.2746)  data: 0.0756 (0.1387)  loss: 10.6412 (11.1907)  lr: 0.000100  max mem: 5.6 GB
2025-01-05 14:32:58,360 Train INFO: eta: 1:46:56  iter: 11620  time: 0.2130 (0.2745)  data: 0.0755 (0.1386)  loss: 9.0598 (11.1880)  lr: 0.000100  max mem: 5.6 GB
2025-01-05 14:33:02,656 Train INFO: eta: 1:46:48  iter: 11640  time: 0.2148 (0.2744)  data: 0.0749 (0.1385)  loss: 10.6023 (11.1873)  lr: 0.000100  max mem: 5.6 GB
2025-01-05 14:33:06,931 Train INFO: eta: 1:46:40  iter: 11660  time: 0.2125 (0.2742)  data: 0.0749 (0.1383)  loss: 10.4957 (11.1862)  lr: 0.000100  max mem: 5.6 GB
2025-01-05 14:33:11,528 Train INFO: eta: 1:46:33  iter: 11680  time: 0.2171 (0.2742)  data: 0.0791 (0.1383)  loss: 8.7575 (11.1826)  lr: 0.000100  max mem: 5.6 GB
2025-01-05 14:33:15,893 Train INFO: eta: 1:46:25  iter: 11700  time: 0.2177 (0.2741)  data: 0.0796 (0.1382)  loss: 10.6592 (11.1821)  lr: 0.000100  max mem: 5.6 GB
2025-01-05 14:33:20,263 Train INFO: eta: 1:46:18  iter: 11720  time: 0.2186 (0.2740)  data: 0.0797 (0.1381)  loss: 11.1126 (11.1828)  lr: 0.000100  max mem: 5.6 GB
2025-01-05 14:33:24,626 Train INFO: eta: 1:46:10  iter: 11740  time: 0.2176 (0.2739)  data: 0.0799 (0.1380)  loss: 11.0063 (11.1826)  lr: 0.000100  max mem: 5.6 GB
2025-01-05 14:33:28,986 Train INFO: eta: 1:46:02  iter: 11760  time: 0.2177 (0.2738)  data: 0.0798 (0.1379)  loss: 12.2719 (11.1851)  lr: 0.000100  max mem: 5.6 GB
2025-01-05 14:33:33,359 Train INFO: eta: 1:45:55  iter: 11780  time: 0.2172 (0.2737)  data: 0.0796 (0.1378)  loss: 11.2605 (11.1858)  lr: 0.000100  max mem: 5.6 GB
2025-01-05 14:33:37,753 Train INFO: eta: 1:45:47  iter: 11800  time: 0.2183 (0.2736)  data: 0.0789 (0.1377)  loss: 12.1575 (11.1873)  lr: 0.000100  max mem: 5.6 GB
2025-01-05 14:33:42,136 Train INFO: eta: 1:45:40  iter: 11820  time: 0.2187 (0.2735)  data: 0.0791 (0.1376)  loss: 12.0302 (11.1886)  lr: 0.000100  max mem: 5.6 GB
2025-01-05 14:33:46,500 Train INFO: eta: 1:45:32  iter: 11840  time: 0.2183 (0.2734)  data: 0.0794 (0.1375)  loss: 12.2002 (11.1904)  lr: 0.000100  max mem: 5.6 GB
2025-01-05 14:33:50,887 Train INFO: eta: 1:45:24  iter: 11860  time: 0.2193 (0.2733)  data: 0.0790 (0.1374)  loss: 11.4449 (11.1908)  lr: 0.000100  max mem: 5.6 GB
2025-01-05 14:33:55,244 Train INFO: eta: 1:45:17  iter: 11880  time: 0.2174 (0.2732)  data: 0.0789 (0.1373)  loss: 11.9453 (11.1922)  lr: 0.000100  max mem: 5.6 GB
2025-01-05 14:33:59,621 Train INFO: eta: 1:45:09  iter: 11900  time: 0.2185 (0.2731)  data: 0.0794 (0.1372)  loss: 11.2605 (11.1924)  lr: 0.000100  max mem: 5.6 GB
2025-01-05 14:34:03,993 Train INFO: eta: 1:45:02  iter: 11920  time: 0.2180 (0.2731)  data: 0.0794 (0.1371)  loss: 11.8473 (11.1933)  lr: 0.000100  max mem: 5.6 GB
2025-01-05 14:34:08,359 Train INFO: eta: 1:44:54  iter: 11940  time: 0.2172 (0.2730)  data: 0.0795 (0.1370)  loss: 11.4387 (11.1935)  lr: 0.000100  max mem: 5.6 GB
2025-01-05 14:34:12,758 Train INFO: eta: 1:44:46  iter: 11960  time: 0.2179 (0.2729)  data: 0.0790 (0.1369)  loss: 12.2268 (11.1949)  lr: 0.000100  max mem: 5.6 GB
2025-01-05 14:34:17,134 Train INFO: eta: 1:44:39  iter: 11980  time: 0.2183 (0.2728)  data: 0.0790 (0.1368)  loss: 11.5169 (11.1959)  lr: 0.000100  max mem: 5.6 GB
2025-01-05 14:34:21,505 Train INFO: eta: 1:44:31  iter: 12000  time: 0.2183 (0.2727)  data: 0.0786 (0.1367)  loss: 11.9633 (11.1969)  lr: 0.000100  max mem: 5.6 GB
2025-01-05 14:34:21,894 Train INFO: Validation
2025-01-05 14:34:21,898 Train INFO: Begin extract
2025-01-05 14:35:24,932 Train INFO: Best iteration 12000: {'mean_average_precision_at_r': 0.47638908956338316, 'precision_at_1': 0.7569667118442366, 'r_precision': 0.5054982625405917}
2025-01-05 14:35:29,315 Train INFO: eta: 1:46:25  iter: 12020  time: 0.2178 (0.2779)  data: 0.0792 (0.1419)  loss: 11.7077 (11.1980)  lr: 0.000100  max mem: 5.6 GB
2025-01-05 14:35:33,692 Train INFO: eta: 1:46:17  iter: 12040  time: 0.2181 (0.2778)  data: 0.0794 (0.1418)  loss: 12.6795 (11.2004)  lr: 0.000100  max mem: 5.6 GB
2025-01-05 14:35:38,057 Train INFO: eta: 1:46:10  iter: 12060  time: 0.2180 (0.2777)  data: 0.0788 (0.1417)  loss: 11.1337 (11.2004)  lr: 0.000100  max mem: 5.6 GB
2025-01-05 14:35:42,425 Train INFO: eta: 1:46:02  iter: 12080  time: 0.2169 (0.2776)  data: 0.0786 (0.1416)  loss: 12.2916 (11.2025)  lr: 0.000100  max mem: 5.6 GB
2025-01-05 14:35:46,779 Train INFO: eta: 1:45:54  iter: 12100  time: 0.2170 (0.2775)  data: 0.0788 (0.1415)  loss: 11.1023 (11.2031)  lr: 0.000100  max mem: 5.6 GB
2025-01-05 14:35:51,126 Train INFO: eta: 1:45:46  iter: 12120  time: 0.2171 (0.2774)  data: 0.0786 (0.1414)  loss: 10.0105 (11.2014)  lr: 0.000100  max mem: 5.6 GB
2025-01-05 14:35:55,595 Train INFO: eta: 1:45:38  iter: 12140  time: 0.2164 (0.2773)  data: 0.0789 (0.1413)  loss: 11.4433 (11.2016)  lr: 0.000100  max mem: 5.6 GB
2025-01-05 14:35:59,924 Train INFO: eta: 1:45:31  iter: 12160  time: 0.2163 (0.2772)  data: 0.0789 (0.1411)  loss: 11.0370 (11.2019)  lr: 0.000100  max mem: 5.6 GB
2025-01-05 14:36:04,271 Train INFO: eta: 1:45:23  iter: 12180  time: 0.2166 (0.2771)  data: 0.0788 (0.1410)  loss: 11.8110 (11.2028)  lr: 0.000100  max mem: 5.6 GB
2025-01-05 14:36:08,603 Train INFO: eta: 1:45:15  iter: 12200  time: 0.2161 (0.2770)  data: 0.0785 (0.1409)  loss: 12.4944 (11.2045)  lr: 0.000100  max mem: 5.6 GB
2025-01-05 14:36:12,925 Train INFO: eta: 1:45:07  iter: 12220  time: 0.2161 (0.2769)  data: 0.0787 (0.1408)  loss: 10.5019 (11.2039)  lr: 0.000100  max mem: 5.6 GB
2025-01-05 14:36:17,243 Train INFO: eta: 1:44:59  iter: 12240  time: 0.2157 (0.2768)  data: 0.0785 (0.1407)  loss: 11.2819 (11.2045)  lr: 0.000100  max mem: 5.6 GB
2025-01-05 14:36:21,574 Train INFO: eta: 1:44:52  iter: 12260  time: 0.2164 (0.2767)  data: 0.0783 (0.1406)  loss: 10.6938 (11.2035)  lr: 0.000100  max mem: 5.6 GB
2025-01-05 14:36:25,900 Train INFO: eta: 1:44:44  iter: 12280  time: 0.2161 (0.2766)  data: 0.0783 (0.1405)  loss: 11.0919 (11.2035)  lr: 0.000100  max mem: 5.6 GB
2025-01-05 14:36:30,213 Train INFO: eta: 1:44:36  iter: 12300  time: 0.2152 (0.2765)  data: 0.0781 (0.1404)  loss: 10.0389 (11.2018)  lr: 0.000100  max mem: 5.6 GB
2025-01-05 14:36:34,530 Train INFO: eta: 1:44:28  iter: 12320  time: 0.2159 (0.2764)  data: 0.0779 (0.1403)  loss: 10.4275 (11.2005)  lr: 0.000100  max mem: 5.6 GB
2025-01-05 14:36:38,855 Train INFO: eta: 1:44:21  iter: 12340  time: 0.2157 (0.2763)  data: 0.0779 (0.1402)  loss: 11.5611 (11.2013)  lr: 0.000100  max mem: 5.6 GB
2025-01-05 14:36:43,172 Train INFO: eta: 1:44:13  iter: 12360  time: 0.2160 (0.2762)  data: 0.0779 (0.1401)  loss: 9.9013 (11.1997)  lr: 0.000100  max mem: 5.6 GB
2025-01-05 14:36:47,509 Train INFO: eta: 1:44:05  iter: 12380  time: 0.2169 (0.2761)  data: 0.0780 (0.1400)  loss: 11.2457 (11.1995)  lr: 0.000100  max mem: 5.6 GB
2025-01-05 14:36:51,828 Train INFO: eta: 1:43:57  iter: 12400  time: 0.2159 (0.2760)  data: 0.0777 (0.1399)  loss: 9.5328 (11.1971)  lr: 0.000100  max mem: 5.6 GB
2025-01-05 14:36:56,143 Train INFO: eta: 1:43:50  iter: 12420  time: 0.2155 (0.2759)  data: 0.0774 (0.1398)  loss: 11.1313 (11.1975)  lr: 0.000100  max mem: 5.6 GB
2025-01-05 14:37:00,451 Train INFO: eta: 1:43:42  iter: 12440  time: 0.2153 (0.2758)  data: 0.0774 (0.1397)  loss: 10.3480 (11.1964)  lr: 0.000100  max mem: 5.6 GB
2025-01-05 14:37:04,789 Train INFO: eta: 1:43:34  iter: 12460  time: 0.2160 (0.2757)  data: 0.0775 (0.1396)  loss: 11.1219 (11.1970)  lr: 0.000100  max mem: 5.6 GB
2025-01-05 14:37:09,088 Train INFO: eta: 1:43:27  iter: 12480  time: 0.2141 (0.2756)  data: 0.0775 (0.1395)  loss: 9.9494 (11.1957)  lr: 0.000100  max mem: 5.6 GB
2025-01-05 14:37:13,400 Train INFO: eta: 1:43:19  iter: 12500  time: 0.2155 (0.2755)  data: 0.0774 (0.1394)  loss: 9.4210 (11.1934)  lr: 0.000100  max mem: 5.6 GB
2025-01-05 14:37:17,707 Train INFO: eta: 1:43:11  iter: 12520  time: 0.2152 (0.2754)  data: 0.0771 (0.1393)  loss: 10.4000 (11.1929)  lr: 0.000100  max mem: 5.6 GB
2025-01-05 14:37:22,029 Train INFO: eta: 1:43:04  iter: 12540  time: 0.2159 (0.2753)  data: 0.0772 (0.1392)  loss: 10.9048 (11.1926)  lr: 0.000100  max mem: 5.6 GB
2025-01-05 14:37:26,329 Train INFO: eta: 1:42:56  iter: 12560  time: 0.2146 (0.2752)  data: 0.0769 (0.1391)  loss: 10.2821 (11.1908)  lr: 0.000100  max mem: 5.6 GB
2025-01-05 14:37:30,645 Train INFO: eta: 1:42:48  iter: 12580  time: 0.2159 (0.2752)  data: 0.0769 (0.1390)  loss: 10.3458 (11.1897)  lr: 0.000100  max mem: 5.6 GB
2025-01-05 14:37:34,929 Train INFO: eta: 1:42:41  iter: 12600  time: 0.2143 (0.2751)  data: 0.0765 (0.1389)  loss: 9.7453 (11.1873)  lr: 0.000100  max mem: 5.6 GB
2025-01-05 14:37:39,252 Train INFO: eta: 1:42:33  iter: 12620  time: 0.2158 (0.2750)  data: 0.0764 (0.1388)  loss: 10.2884 (11.1861)  lr: 0.000100  max mem: 5.6 GB
2025-01-05 14:37:43,536 Train INFO: eta: 1:42:26  iter: 12640  time: 0.2141 (0.2749)  data: 0.0765 (0.1387)  loss: 9.1900 (11.1833)  lr: 0.000100  max mem: 5.6 GB
2025-01-05 14:37:47,822 Train INFO: eta: 1:42:18  iter: 12660  time: 0.2144 (0.2748)  data: 0.0762 (0.1386)  loss: 10.0750 (11.1815)  lr: 0.000100  max mem: 5.6 GB
2025-01-05 14:37:52,157 Train INFO: eta: 1:42:10  iter: 12680  time: 0.2156 (0.2747)  data: 0.0753 (0.1385)  loss: 9.8315 (11.1797)  lr: 0.000100  max mem: 5.6 GB
2025-01-05 14:37:56,436 Train INFO: eta: 1:42:03  iter: 12700  time: 0.2131 (0.2746)  data: 0.0762 (0.1384)  loss: 11.4545 (11.1798)  lr: 0.000100  max mem: 5.6 GB
2025-01-05 14:38:00,684 Train INFO: eta: 1:41:55  iter: 12720  time: 0.2118 (0.2745)  data: 0.0760 (0.1383)  loss: 9.1290 (11.1765)  lr: 0.000100  max mem: 5.6 GB
2025-01-05 14:38:04,974 Train INFO: eta: 1:41:47  iter: 12740  time: 0.2139 (0.2744)  data: 0.0758 (0.1382)  loss: 10.6733 (11.1756)  lr: 0.000100  max mem: 5.6 GB
2025-01-05 14:38:09,232 Train INFO: eta: 1:41:40  iter: 12760  time: 0.2124 (0.2743)  data: 0.0758 (0.1382)  loss: 9.4770 (11.1726)  lr: 0.000100  max mem: 5.6 GB
2025-01-05 14:38:13,509 Train INFO: eta: 1:41:32  iter: 12780  time: 0.2137 (0.2742)  data: 0.0753 (0.1381)  loss: 10.0834 (11.1716)  lr: 0.000100  max mem: 5.6 GB
2025-01-05 14:38:17,810 Train INFO: eta: 1:41:25  iter: 12800  time: 0.2142 (0.2741)  data: 0.0753 (0.1380)  loss: 8.9814 (11.1692)  lr: 0.000100  max mem: 5.6 GB
2025-01-05 14:38:22,096 Train INFO: eta: 1:41:17  iter: 12820  time: 0.2140 (0.2740)  data: 0.0753 (0.1379)  loss: 10.2201 (11.1683)  lr: 0.000100  max mem: 5.6 GB
2025-01-05 14:38:26,646 Train INFO: eta: 1:41:10  iter: 12840  time: 0.2143 (0.2739)  data: 0.0752 (0.1378)  loss: 9.4798 (11.1670)  lr: 0.000100  max mem: 5.6 GB
2025-01-05 14:38:31,178 Train INFO: eta: 1:41:03  iter: 12860  time: 0.2213 (0.2739)  data: 0.0780 (0.1377)  loss: 9.2887 (11.1643)  lr: 0.000100  max mem: 5.6 GB
2025-01-05 14:38:35,582 Train INFO: eta: 1:40:56  iter: 12880  time: 0.2204 (0.2738)  data: 0.0793 (0.1376)  loss: 11.4881 (11.1644)  lr: 0.000100  max mem: 5.6 GB
2025-01-05 14:38:39,952 Train INFO: eta: 1:40:48  iter: 12900  time: 0.2181 (0.2737)  data: 0.0794 (0.1375)  loss: 10.9771 (11.1644)  lr: 0.000100  max mem: 5.6 GB
2025-01-05 14:38:44,343 Train INFO: eta: 1:40:41  iter: 12920  time: 0.2197 (0.2736)  data: 0.0797 (0.1374)  loss: 12.0818 (11.1656)  lr: 0.000100  max mem: 5.6 GB
2025-01-05 14:38:48,695 Train INFO: eta: 1:40:34  iter: 12940  time: 0.2169 (0.2735)  data: 0.0797 (0.1373)  loss: 11.5669 (11.1667)  lr: 0.000100  max mem: 5.6 GB
2025-01-05 14:38:53,045 Train INFO: eta: 1:40:26  iter: 12960  time: 0.2167 (0.2734)  data: 0.0792 (0.1372)  loss: 12.2142 (11.1685)  lr: 0.000100  max mem: 5.6 GB
2025-01-05 14:38:57,396 Train INFO: eta: 1:40:19  iter: 12980  time: 0.2173 (0.2734)  data: 0.0795 (0.1372)  loss: 12.0699 (11.1697)  lr: 0.000100  max mem: 5.6 GB
2025-01-05 14:39:01,745 Train INFO: eta: 1:40:11  iter: 13000  time: 0.2175 (0.2733)  data: 0.0795 (0.1371)  loss: 11.3803 (11.1699)  lr: 0.000100  max mem: 5.6 GB
2025-01-05 14:39:02,130 Train INFO: Validation
2025-01-05 14:39:02,134 Train INFO: Begin extract
2025-01-05 14:40:04,509 Train INFO: Best iteration 13000: {'mean_average_precision_at_r': 0.48143512659361515, 'precision_at_1': 0.7610161647548841, 'r_precision': 0.5109545822319781}
2025-01-05 14:40:08,852 Train INFO: eta: 1:41:50  iter: 13020  time: 0.2168 (0.2780)  data: 0.0797 (0.1418)  loss: 11.8470 (11.1712)  lr: 0.000100  max mem: 5.6 GB
2025-01-05 14:40:13,201 Train INFO: eta: 1:41:42  iter: 13040  time: 0.2170 (0.2779)  data: 0.0793 (0.1417)  loss: 11.6566 (11.1718)  lr: 0.000100  max mem: 5.6 GB
2025-01-05 14:40:17,556 Train INFO: eta: 1:41:35  iter: 13060  time: 0.2169 (0.2778)  data: 0.0793 (0.1416)  loss: 11.8440 (11.1730)  lr: 0.000100  max mem: 5.6 GB
2025-01-05 14:40:21,905 Train INFO: eta: 1:41:27  iter: 13080  time: 0.2176 (0.2777)  data: 0.0791 (0.1415)  loss: 11.6900 (11.1739)  lr: 0.000100  max mem: 5.6 GB
2025-01-05 14:40:26,247 Train INFO: eta: 1:41:20  iter: 13100  time: 0.2171 (0.2776)  data: 0.0793 (0.1414)  loss: 12.5186 (11.1764)  lr: 0.000100  max mem: 5.6 GB
2025-01-05 14:40:30,582 Train INFO: eta: 1:41:12  iter: 13120  time: 0.2163 (0.2775)  data: 0.0792 (0.1413)  loss: 10.5427 (11.1755)  lr: 0.000100  max mem: 5.6 GB
2025-01-05 14:40:34,925 Train INFO: eta: 1:41:05  iter: 13140  time: 0.2170 (0.2775)  data: 0.0793 (0.1412)  loss: 11.8059 (11.1764)  lr: 0.000100  max mem: 5.6 GB
2025-01-05 14:40:39,271 Train INFO: eta: 1:40:57  iter: 13160  time: 0.2169 (0.2774)  data: 0.0793 (0.1411)  loss: 11.4749 (11.1771)  lr: 0.000100  max mem: 5.6 GB
2025-01-05 14:40:43,615 Train INFO: eta: 1:40:49  iter: 13180  time: 0.2169 (0.2773)  data: 0.0791 (0.1410)  loss: 11.8757 (11.1784)  lr: 0.000100  max mem: 5.6 GB
2025-01-05 14:40:47,967 Train INFO: eta: 1:40:42  iter: 13200  time: 0.2168 (0.2772)  data: 0.0790 (0.1409)  loss: 12.4975 (11.1804)  lr: 0.000100  max mem: 5.6 GB
2025-01-05 14:40:52,386 Train INFO: eta: 1:40:35  iter: 13220  time: 0.2201 (0.2771)  data: 0.0777 (0.1408)  loss: 10.2717 (11.1791)  lr: 0.000100  max mem: 5.6 GB
2025-01-05 14:40:56,757 Train INFO: eta: 1:40:27  iter: 13240  time: 0.2178 (0.2770)  data: 0.0787 (0.1408)  loss: 11.8719 (11.1803)  lr: 0.000100  max mem: 5.6 GB
2025-01-05 14:41:01,120 Train INFO: eta: 1:40:20  iter: 13260  time: 0.2175 (0.2769)  data: 0.0785 (0.1407)  loss: 10.5381 (11.1794)  lr: 0.000100  max mem: 5.6 GB
2025-01-05 14:41:05,479 Train INFO: eta: 1:40:12  iter: 13280  time: 0.2178 (0.2768)  data: 0.0789 (0.1406)  loss: 12.5786 (11.1812)  lr: 0.000100  max mem: 5.6 GB
2025-01-05 14:41:09,827 Train INFO: eta: 1:40:05  iter: 13300  time: 0.2175 (0.2767)  data: 0.0786 (0.1405)  loss: 11.2365 (11.1811)  lr: 0.000100  max mem: 5.6 GB
2025-01-05 14:41:14,175 Train INFO: eta: 1:39:57  iter: 13320  time: 0.2172 (0.2766)  data: 0.0786 (0.1404)  loss: 10.7893 (11.1812)  lr: 0.000100  max mem: 5.6 GB
2025-01-05 14:41:18,529 Train INFO: eta: 1:39:50  iter: 13340  time: 0.2178 (0.2766)  data: 0.0781 (0.1403)  loss: 11.2996 (11.1816)  lr: 0.000100  max mem: 5.6 GB
2025-01-05 14:41:22,882 Train INFO: eta: 1:39:42  iter: 13360  time: 0.2173 (0.2765)  data: 0.0785 (0.1402)  loss: 12.0401 (11.1823)  lr: 0.000100  max mem: 5.6 GB
2025-01-05 14:41:27,230 Train INFO: eta: 1:39:35  iter: 13380  time: 0.2175 (0.2764)  data: 0.0780 (0.1401)  loss: 10.0508 (11.1812)  lr: 0.000100  max mem: 5.6 GB
2025-01-05 14:41:31,578 Train INFO: eta: 1:39:27  iter: 13400  time: 0.2159 (0.2763)  data: 0.0784 (0.1400)  loss: 12.1371 (11.1828)  lr: 0.000100  max mem: 5.6 GB
2025-01-05 14:41:35,926 Train INFO: eta: 1:39:20  iter: 13420  time: 0.2174 (0.2762)  data: 0.0784 (0.1399)  loss: 9.7336 (11.1806)  lr: 0.000100  max mem: 5.6 GB
2025-01-05 14:41:40,268 Train INFO: eta: 1:39:13  iter: 13440  time: 0.2162 (0.2761)  data: 0.0784 (0.1398)  loss: 11.4473 (11.1811)  lr: 0.000100  max mem: 5.6 GB
2025-01-05 14:41:44,600 Train INFO: eta: 1:39:05  iter: 13460  time: 0.2164 (0.2760)  data: 0.0781 (0.1397)  loss: 10.5140 (11.1801)  lr: 0.000100  max mem: 5.6 GB
2025-01-05 14:41:48,972 Train INFO: eta: 1:38:58  iter: 13480  time: 0.2180 (0.2759)  data: 0.0779 (0.1396)  loss: 11.4440 (11.1804)  lr: 0.000100  max mem: 5.6 GB
2025-01-05 14:41:53,297 Train INFO: eta: 1:38:50  iter: 13500  time: 0.2153 (0.2759)  data: 0.0777 (0.1396)  loss: 10.4568 (11.1796)  lr: 0.000100  max mem: 5.6 GB
2025-01-05 14:41:57,630 Train INFO: eta: 1:38:43  iter: 13520  time: 0.2157 (0.2758)  data: 0.0778 (0.1395)  loss: 11.0156 (11.1797)  lr: 0.000100  max mem: 5.6 GB
2025-01-05 14:42:01,950 Train INFO: eta: 1:38:36  iter: 13540  time: 0.2155 (0.2757)  data: 0.0779 (0.1394)  loss: 10.3713 (11.1783)  lr: 0.000100  max mem: 5.6 GB
2025-01-05 14:42:06,286 Train INFO: eta: 1:38:28  iter: 13560  time: 0.2159 (0.2756)  data: 0.0778 (0.1393)  loss: 10.7678 (11.1787)  lr: 0.000100  max mem: 5.6 GB
2025-01-05 14:42:10,612 Train INFO: eta: 1:38:21  iter: 13580  time: 0.2152 (0.2755)  data: 0.0776 (0.1392)  loss: 9.9436 (11.1768)  lr: 0.000100  max mem: 5.6 GB
2025-01-05 14:42:14,927 Train INFO: eta: 1:38:13  iter: 13600  time: 0.2157 (0.2754)  data: 0.0778 (0.1391)  loss: 11.8979 (11.1779)  lr: 0.000100  max mem: 5.6 GB
2025-01-05 14:42:19,250 Train INFO: eta: 1:38:06  iter: 13620  time: 0.2154 (0.2753)  data: 0.0770 (0.1390)  loss: 9.6805 (11.1760)  lr: 0.000100  max mem: 5.6 GB
2025-01-05 14:42:23,588 Train INFO: eta: 1:37:59  iter: 13640  time: 0.2158 (0.2752)  data: 0.0770 (0.1389)  loss: 11.4310 (11.1767)  lr: 0.000100  max mem: 5.6 GB
2025-01-05 14:42:27,907 Train INFO: eta: 1:37:51  iter: 13660  time: 0.2159 (0.2752)  data: 0.0774 (0.1388)  loss: 9.2509 (11.1741)  lr: 0.000100  max mem: 5.6 GB
2025-01-05 14:42:32,210 Train INFO: eta: 1:37:44  iter: 13680  time: 0.2145 (0.2751)  data: 0.0772 (0.1387)  loss: 10.7450 (11.1739)  lr: 0.000100  max mem: 5.6 GB
2025-01-05 14:42:36,523 Train INFO: eta: 1:37:37  iter: 13700  time: 0.2157 (0.2750)  data: 0.0772 (0.1386)  loss: 9.6859 (11.1717)  lr: 0.000100  max mem: 5.6 GB
2025-01-05 14:42:40,837 Train INFO: eta: 1:37:29  iter: 13720  time: 0.2158 (0.2749)  data: 0.0771 (0.1386)  loss: 11.6501 (11.1725)  lr: 0.000100  max mem: 5.6 GB
2025-01-05 14:42:45,129 Train INFO: eta: 1:37:22  iter: 13740  time: 0.2146 (0.2748)  data: 0.0769 (0.1385)  loss: 8.2561 (11.1682)  lr: 0.000100  max mem: 5.6 GB
2025-01-05 14:42:49,438 Train INFO: eta: 1:37:15  iter: 13760  time: 0.2151 (0.2747)  data: 0.0769 (0.1384)  loss: 10.9744 (11.1677)  lr: 0.000100  max mem: 5.6 GB
2025-01-05 14:42:53,747 Train INFO: eta: 1:37:07  iter: 13780  time: 0.2150 (0.2746)  data: 0.0766 (0.1383)  loss: 9.7994 (11.1657)  lr: 0.000100  max mem: 5.6 GB
2025-01-05 14:42:58,062 Train INFO: eta: 1:37:00  iter: 13800  time: 0.2151 (0.2746)  data: 0.0766 (0.1382)  loss: 10.6289 (11.1649)  lr: 0.000100  max mem: 5.6 GB
2025-01-05 14:43:02,366 Train INFO: eta: 1:36:53  iter: 13820  time: 0.2142 (0.2745)  data: 0.0763 (0.1381)  loss: 8.3381 (11.1612)  lr: 0.000100  max mem: 5.6 GB
2025-01-05 14:43:06,691 Train INFO: eta: 1:36:45  iter: 13840  time: 0.2164 (0.2744)  data: 0.0763 (0.1380)  loss: 10.7044 (11.1608)  lr: 0.000100  max mem: 5.6 GB
2025-01-05 14:43:10,990 Train INFO: eta: 1:36:38  iter: 13860  time: 0.2146 (0.2743)  data: 0.0760 (0.1379)  loss: 9.0964 (11.1579)  lr: 0.000100  max mem: 5.6 GB
2025-01-05 14:43:15,310 Train INFO: eta: 1:36:31  iter: 13880  time: 0.2158 (0.2742)  data: 0.0758 (0.1378)  loss: 10.4166 (11.1571)  lr: 0.000100  max mem: 5.6 GB
2025-01-05 14:43:19,624 Train INFO: eta: 1:36:24  iter: 13900  time: 0.2153 (0.2741)  data: 0.0755 (0.1378)  loss: 10.1222 (11.1558)  lr: 0.000100  max mem: 5.6 GB
2025-01-05 14:43:23,943 Train INFO: eta: 1:36:16  iter: 13920  time: 0.2142 (0.2740)  data: 0.0757 (0.1377)  loss: 8.9458 (11.1526)  lr: 0.000100  max mem: 5.6 GB
2025-01-05 14:43:28,341 Train INFO: eta: 1:36:09  iter: 13940  time: 0.2143 (0.2740)  data: 0.0755 (0.1376)  loss: 10.4696 (11.1520)  lr: 0.000100  max mem: 5.6 GB
2025-01-05 14:43:32,625 Train INFO: eta: 1:36:02  iter: 13960  time: 0.2134 (0.2739)  data: 0.0754 (0.1375)  loss: 10.2905 (11.1510)  lr: 0.000100  max mem: 5.6 GB
2025-01-05 14:43:36,907 Train INFO: eta: 1:35:55  iter: 13980  time: 0.2134 (0.2738)  data: 0.0755 (0.1374)  loss: 9.1727 (11.1489)  lr: 0.000100  max mem: 5.6 GB
2025-01-05 14:43:41,187 Train INFO: eta: 1:35:47  iter: 14000  time: 0.2133 (0.2737)  data: 0.0750 (0.1373)  loss: 10.5312 (11.1481)  lr: 0.000100  max mem: 5.6 GB
2025-01-05 14:43:41,561 Train INFO: Validation
2025-01-05 14:43:41,565 Train INFO: Begin extract
2025-01-05 14:44:42,574 Train INFO: Performance at iteration 014000: {'mean_average_precision_at_r': 0.4310018788820952, 'precision_at_1': 0.7000760305444448, 'r_precision': 0.4571242007049914}
2025-01-05 14:44:47,214 Train INFO: eta: 1:37:13  iter: 14020  time: 0.2188 (0.2780)  data: 0.0789 (0.1416)  loss: 8.2190 (11.1447)  lr: 0.000100  max mem: 5.6 GB
2025-01-05 14:44:51,610 Train INFO: eta: 1:37:05  iter: 14040  time: 0.2183 (0.2779)  data: 0.0794 (0.1415)  loss: 11.9254 (11.1455)  lr: 0.000100  max mem: 5.6 GB
2025-01-05 14:44:55,987 Train INFO: eta: 1:36:58  iter: 14060  time: 0.2181 (0.2779)  data: 0.0797 (0.1414)  loss: 11.2055 (11.1457)  lr: 0.000100  max mem: 5.6 GB
2025-01-05 14:45:00,349 Train INFO: eta: 1:36:51  iter: 14080  time: 0.2171 (0.2778)  data: 0.0795 (0.1414)  loss: 10.3818 (11.1448)  lr: 0.000100  max mem: 5.6 GB
2025-01-05 14:45:04,717 Train INFO: eta: 1:36:43  iter: 14100  time: 0.2167 (0.2777)  data: 0.0793 (0.1413)  loss: 12.4430 (11.1466)  lr: 0.000100  max mem: 5.6 GB
2025-01-05 14:45:09,081 Train INFO: eta: 1:36:36  iter: 14120  time: 0.2178 (0.2776)  data: 0.0789 (0.1412)  loss: 11.6331 (11.1478)  lr: 0.000100  max mem: 5.6 GB
2025-01-05 14:45:13,470 Train INFO: eta: 1:36:29  iter: 14140  time: 0.2178 (0.2775)  data: 0.0794 (0.1411)  loss: 12.7087 (11.1498)  lr: 0.000100  max mem: 5.6 GB
2025-01-05 14:45:17,832 Train INFO: eta: 1:36:21  iter: 14160  time: 0.2181 (0.2774)  data: 0.0794 (0.1410)  loss: 11.8657 (11.1510)  lr: 0.000100  max mem: 5.6 GB
2025-01-05 14:45:22,202 Train INFO: eta: 1:36:14  iter: 14180  time: 0.2177 (0.2774)  data: 0.0799 (0.1409)  loss: 11.3046 (11.1513)  lr: 0.000100  max mem: 5.6 GB
2025-01-05 14:45:26,565 Train INFO: eta: 1:36:07  iter: 14200  time: 0.2175 (0.2773)  data: 0.0791 (0.1408)  loss: 11.0339 (11.1514)  lr: 0.000100  max mem: 5.6 GB
2025-01-05 14:45:30,937 Train INFO: eta: 1:36:00  iter: 14220  time: 0.2174 (0.2772)  data: 0.0786 (0.1407)  loss: 12.3978 (11.1534)  lr: 0.000100  max mem: 5.6 GB
2025-01-05 14:45:35,296 Train INFO: eta: 1:35:52  iter: 14240  time: 0.2165 (0.2771)  data: 0.0795 (0.1407)  loss: 11.4676 (11.1539)  lr: 0.000100  max mem: 5.6 GB
2025-01-05 14:45:39,668 Train INFO: eta: 1:35:45  iter: 14260  time: 0.2187 (0.2770)  data: 0.0785 (0.1406)  loss: 11.7383 (11.1551)  lr: 0.000100  max mem: 5.6 GB
2025-01-05 14:45:44,024 Train INFO: eta: 1:35:38  iter: 14280  time: 0.2171 (0.2769)  data: 0.0791 (0.1405)  loss: 12.0400 (11.1561)  lr: 0.000100  max mem: 5.6 GB
2025-01-05 14:45:48,383 Train INFO: eta: 1:35:31  iter: 14300  time: 0.2171 (0.2769)  data: 0.0789 (0.1404)  loss: 12.1574 (11.1572)  lr: 0.000100  max mem: 5.6 GB
2025-01-05 14:45:52,746 Train INFO: eta: 1:35:23  iter: 14320  time: 0.2166 (0.2768)  data: 0.0791 (0.1403)  loss: 10.5941 (11.1569)  lr: 0.000100  max mem: 5.6 GB
2025-01-05 14:45:57,072 Train INFO: eta: 1:35:16  iter: 14340  time: 0.2158 (0.2767)  data: 0.0793 (0.1402)  loss: 10.3367 (11.1562)  lr: 0.000100  max mem: 5.6 GB
2025-01-05 14:46:01,411 Train INFO: eta: 1:35:09  iter: 14360  time: 0.2163 (0.2766)  data: 0.0791 (0.1401)  loss: 11.9883 (11.1573)  lr: 0.000100  max mem: 5.6 GB
2025-01-05 14:46:05,742 Train INFO: eta: 1:35:02  iter: 14380  time: 0.2158 (0.2765)  data: 0.0790 (0.1401)  loss: 11.1731 (11.1575)  lr: 0.000100  max mem: 5.6 GB
2025-01-05 14:46:10,109 Train INFO: eta: 1:34:54  iter: 14400  time: 0.2174 (0.2765)  data: 0.0788 (0.1400)  loss: 12.5442 (11.1595)  lr: 0.000100  max mem: 5.6 GB
2025-01-05 14:46:14,443 Train INFO: eta: 1:34:47  iter: 14420  time: 0.2169 (0.2764)  data: 0.0783 (0.1399)  loss: 10.8423 (11.1590)  lr: 0.000100  max mem: 5.6 GB
2025-01-05 14:46:18,817 Train INFO: eta: 1:34:40  iter: 14440  time: 0.2171 (0.2763)  data: 0.0785 (0.1398)  loss: 11.5832 (11.1597)  lr: 0.000100  max mem: 5.6 GB
2025-01-05 14:46:23,179 Train INFO: eta: 1:34:33  iter: 14460  time: 0.2174 (0.2762)  data: 0.0784 (0.1397)  loss: 11.7399 (11.1602)  lr: 0.000100  max mem: 5.6 GB
2025-01-05 14:46:27,502 Train INFO: eta: 1:34:26  iter: 14480  time: 0.2153 (0.2761)  data: 0.0786 (0.1396)  loss: 10.8260 (11.1599)  lr: 0.000100  max mem: 5.6 GB
2025-01-05 14:46:31,849 Train INFO: eta: 1:34:18  iter: 14500  time: 0.2164 (0.2760)  data: 0.0786 (0.1396)  loss: 11.1509 (11.1601)  lr: 0.000100  max mem: 5.6 GB
2025-01-05 14:46:36,215 Train INFO: eta: 1:34:11  iter: 14520  time: 0.2175 (0.2760)  data: 0.0783 (0.1395)  loss: 11.5914 (11.1607)  lr: 0.000100  max mem: 5.6 GB
2025-01-05 14:46:40,564 Train INFO: eta: 1:34:04  iter: 14540  time: 0.2173 (0.2759)  data: 0.0780 (0.1394)  loss: 10.8612 (11.1607)  lr: 0.000100  max mem: 5.6 GB
2025-01-05 14:46:45,018 Train INFO: eta: 1:33:57  iter: 14560  time: 0.2154 (0.2758)  data: 0.0783 (0.1393)  loss: 10.4066 (11.1596)  lr: 0.000100  max mem: 5.6 GB
2025-01-05 14:46:49,373 Train INFO: eta: 1:33:50  iter: 14580  time: 0.2164 (0.2757)  data: 0.0781 (0.1392)  loss: 10.7065 (11.1594)  lr: 0.000100  max mem: 5.6 GB
2025-01-05 14:46:53,716 Train INFO: eta: 1:33:43  iter: 14600  time: 0.2160 (0.2757)  data: 0.0779 (0.1391)  loss: 10.7481 (11.1590)  lr: 0.000100  max mem: 5.6 GB
2025-01-05 14:46:58,044 Train INFO: eta: 1:33:36  iter: 14620  time: 0.2158 (0.2756)  data: 0.0780 (0.1391)  loss: 11.2830 (11.1590)  lr: 0.000100  max mem: 5.6 GB
2025-01-05 14:47:02,388 Train INFO: eta: 1:33:28  iter: 14640  time: 0.2162 (0.2755)  data: 0.0781 (0.1390)  loss: 10.3267 (11.1580)  lr: 0.000100  max mem: 5.6 GB
2025-01-05 14:47:06,737 Train INFO: eta: 1:33:21  iter: 14660  time: 0.2160 (0.2754)  data: 0.0778 (0.1389)  loss: 11.0015 (11.1576)  lr: 0.000100  max mem: 5.6 GB
2025-01-05 14:47:11,062 Train INFO: eta: 1:33:14  iter: 14680  time: 0.2162 (0.2753)  data: 0.0778 (0.1388)  loss: 10.1973 (11.1566)  lr: 0.000100  max mem: 5.6 GB
2025-01-05 14:47:15,395 Train INFO: eta: 1:33:07  iter: 14700  time: 0.2160 (0.2753)  data: 0.0779 (0.1387)  loss: 10.8172 (11.1567)  lr: 0.000100  max mem: 5.6 GB
2025-01-05 14:47:19,730 Train INFO: eta: 1:33:00  iter: 14720  time: 0.2163 (0.2752)  data: 0.0776 (0.1386)  loss: 10.0226 (11.1555)  lr: 0.000100  max mem: 5.6 GB
2025-01-05 14:47:24,043 Train INFO: eta: 1:32:53  iter: 14740  time: 0.2154 (0.2751)  data: 0.0778 (0.1386)  loss: 9.5503 (11.1535)  lr: 0.000100  max mem: 5.6 GB
2025-01-05 14:47:28,358 Train INFO: eta: 1:32:46  iter: 14760  time: 0.2155 (0.2750)  data: 0.0777 (0.1385)  loss: 10.8367 (11.1531)  lr: 0.000100  max mem: 5.6 GB
2025-01-05 14:47:32,658 Train INFO: eta: 1:32:39  iter: 14780  time: 0.2149 (0.2749)  data: 0.0777 (0.1384)  loss: 10.1460 (11.1516)  lr: 0.000100  max mem: 5.6 GB
2025-01-05 14:47:36,965 Train INFO: eta: 1:32:31  iter: 14800  time: 0.2152 (0.2748)  data: 0.0776 (0.1383)  loss: 10.8385 (11.1511)  lr: 0.000100  max mem: 5.6 GB
2025-01-05 14:47:41,273 Train INFO: eta: 1:32:24  iter: 14820  time: 0.2151 (0.2748)  data: 0.0774 (0.1382)  loss: 10.2443 (11.1502)  lr: 0.000100  max mem: 5.6 GB
2025-01-05 14:47:45,556 Train INFO: eta: 1:32:17  iter: 14840  time: 0.2139 (0.2747)  data: 0.0770 (0.1381)  loss: 10.4676 (11.1490)  lr: 0.000100  max mem: 5.6 GB
2025-01-05 14:47:49,862 Train INFO: eta: 1:32:10  iter: 14860  time: 0.2150 (0.2746)  data: 0.0773 (0.1381)  loss: 10.2125 (11.1481)  lr: 0.000100  max mem: 5.6 GB
2025-01-05 14:47:54,154 Train INFO: eta: 1:32:03  iter: 14880  time: 0.2143 (0.2745)  data: 0.0772 (0.1380)  loss: 9.5883 (11.1461)  lr: 0.000100  max mem: 5.6 GB
2025-01-05 14:47:58,486 Train INFO: eta: 1:31:56  iter: 14900  time: 0.2157 (0.2744)  data: 0.0769 (0.1379)  loss: 10.5188 (11.1453)  lr: 0.000100  max mem: 5.6 GB
2025-01-05 14:48:02,758 Train INFO: eta: 1:31:49  iter: 14920  time: 0.2137 (0.2744)  data: 0.0770 (0.1378)  loss: 8.9279 (11.1422)  lr: 0.000100  max mem: 5.6 GB
2025-01-05 14:48:07,040 Train INFO: eta: 1:31:42  iter: 14940  time: 0.2140 (0.2743)  data: 0.0767 (0.1377)  loss: 10.1246 (11.1415)  lr: 0.000100  max mem: 5.6 GB
2025-01-05 14:48:11,338 Train INFO: eta: 1:31:35  iter: 14960  time: 0.2147 (0.2742)  data: 0.0767 (0.1377)  loss: 9.7957 (11.1399)  lr: 0.000100  max mem: 5.6 GB
2025-01-05 14:48:15,616 Train INFO: eta: 1:31:27  iter: 14980  time: 0.2134 (0.2741)  data: 0.0766 (0.1376)  loss: 9.3359 (11.1382)  lr: 0.000100  max mem: 5.6 GB
2025-01-05 14:48:19,903 Train INFO: eta: 1:31:20  iter: 15000  time: 0.2143 (0.2740)  data: 0.0765 (0.1375)  loss: 9.9474 (11.1368)  lr: 0.000100  max mem: 5.6 GB
2025-01-05 14:48:20,290 Train INFO: Validation
2025-01-05 14:48:20,294 Train INFO: Begin extract
2025-01-05 14:49:19,761 Train INFO: Performance at iteration 015000: {'mean_average_precision_at_r': 0.47932470465664695, 'precision_at_1': 0.7540907738587154, 'r_precision': 0.5079274662214069}
2025-01-05 14:49:24,077 Train INFO: eta: 1:32:33  iter: 15020  time: 0.2152 (0.2780)  data: 0.0761 (0.1414)  loss: 9.7866 (11.1351)  lr: 0.000100  max mem: 5.6 GB
2025-01-05 14:49:28,389 Train INFO: eta: 1:32:26  iter: 15040  time: 0.2153 (0.2779)  data: 0.0761 (0.1413)  loss: 9.9868 (11.1338)  lr: 0.000100  max mem: 5.6 GB
2025-01-05 14:49:32,685 Train INFO: eta: 1:32:19  iter: 15060  time: 0.2143 (0.2778)  data: 0.0761 (0.1412)  loss: 9.4028 (11.1313)  lr: 0.000100  max mem: 5.6 GB
2025-01-05 14:49:37,020 Train INFO: eta: 1:32:11  iter: 15080  time: 0.2163 (0.2777)  data: 0.0753 (0.1411)  loss: 10.4754 (11.1301)  lr: 0.000100  max mem: 5.6 GB
2025-01-05 14:49:41,344 Train INFO: eta: 1:32:04  iter: 15100  time: 0.2164 (0.2776)  data: 0.0751 (0.1410)  loss: 8.7833 (11.1271)  lr: 0.000100  max mem: 5.6 GB
2025-01-05 14:49:45,633 Train INFO: eta: 1:31:57  iter: 15120  time: 0.2140 (0.2775)  data: 0.0757 (0.1410)  loss: 10.0574 (11.1258)  lr: 0.000100  max mem: 5.6 GB
2025-01-05 14:49:49,910 Train INFO: eta: 1:31:50  iter: 15140  time: 0.2128 (0.2775)  data: 0.0754 (0.1409)  loss: 8.7097 (11.1224)  lr: 0.000100  max mem: 5.6 GB
2025-01-05 14:49:54,209 Train INFO: eta: 1:31:43  iter: 15160  time: 0.2145 (0.2774)  data: 0.0752 (0.1408)  loss: 10.4056 (11.1224)  lr: 0.000100  max mem: 5.6 GB
2025-01-05 14:49:58,764 Train INFO: eta: 1:31:36  iter: 15180  time: 0.2143 (0.2773)  data: 0.0745 (0.1407)  loss: 8.7028 (11.1195)  lr: 0.000100  max mem: 5.6 GB
2025-01-05 14:50:03,141 Train INFO: eta: 1:31:29  iter: 15200  time: 0.2184 (0.2772)  data: 0.0795 (0.1406)  loss: 10.2769 (11.1183)  lr: 0.000100  max mem: 5.6 GB
2025-01-05 14:50:07,509 Train INFO: eta: 1:31:22  iter: 15220  time: 0.2177 (0.2772)  data: 0.0795 (0.1406)  loss: 9.8122 (11.1166)  lr: 0.000100  max mem: 5.6 GB
2025-01-05 14:50:12,001 Train INFO: eta: 1:31:15  iter: 15240  time: 0.2186 (0.2771)  data: 0.0797 (0.1405)  loss: 11.6700 (11.1175)  lr: 0.000100  max mem: 5.6 GB
2025-01-05 14:50:16,366 Train INFO: eta: 1:31:08  iter: 15260  time: 0.2182 (0.2770)  data: 0.0801 (0.1404)  loss: 10.6659 (11.1171)  lr: 0.000100  max mem: 5.6 GB
2025-01-05 14:50:20,759 Train INFO: eta: 1:31:01  iter: 15280  time: 0.2187 (0.2769)  data: 0.0795 (0.1403)  loss: 11.4696 (11.1178)  lr: 0.000100  max mem: 5.6 GB
2025-01-05 14:50:25,133 Train INFO: eta: 1:30:54  iter: 15300  time: 0.2179 (0.2769)  data: 0.0797 (0.1402)  loss: 11.9961 (11.1191)  lr: 0.000100  max mem: 5.6 GB
2025-01-05 14:50:29,504 Train INFO: eta: 1:30:47  iter: 15320  time: 0.2177 (0.2768)  data: 0.0793 (0.1402)  loss: 10.4234 (11.1188)  lr: 0.000100  max mem: 5.6 GB
2025-01-05 14:50:33,875 Train INFO: eta: 1:30:40  iter: 15340  time: 0.2177 (0.2767)  data: 0.0794 (0.1401)  loss: 11.7971 (11.1197)  lr: 0.000100  max mem: 5.6 GB
2025-01-05 14:50:38,229 Train INFO: eta: 1:30:32  iter: 15360  time: 0.2170 (0.2766)  data: 0.0794 (0.1400)  loss: 11.0526 (11.1196)  lr: 0.000100  max mem: 5.6 GB
2025-01-05 14:50:42,594 Train INFO: eta: 1:30:25  iter: 15380  time: 0.2179 (0.2766)  data: 0.0795 (0.1399)  loss: 12.1384 (11.1210)  lr: 0.000100  max mem: 5.6 GB
2025-01-05 14:50:46,959 Train INFO: eta: 1:30:18  iter: 15400  time: 0.2171 (0.2765)  data: 0.0798 (0.1398)  loss: 10.4627 (11.1200)  lr: 0.000100  max mem: 5.6 GB
2025-01-05 14:50:51,343 Train INFO: eta: 1:30:11  iter: 15420  time: 0.2180 (0.2764)  data: 0.0795 (0.1398)  loss: 11.2290 (11.1207)  lr: 0.000100  max mem: 5.6 GB
2025-01-05 14:50:55,689 Train INFO: eta: 1:30:04  iter: 15440  time: 0.2168 (0.2763)  data: 0.0791 (0.1397)  loss: 11.2515 (11.1209)  lr: 0.000100  max mem: 5.6 GB
2025-01-05 14:51:00,031 Train INFO: eta: 1:29:57  iter: 15460  time: 0.2166 (0.2762)  data: 0.0794 (0.1396)  loss: 10.8941 (11.1214)  lr: 0.000100  max mem: 5.6 GB
2025-01-05 14:51:04,374 Train INFO: eta: 1:29:50  iter: 15480  time: 0.2169 (0.2762)  data: 0.0793 (0.1395)  loss: 12.6151 (11.1233)  lr: 0.000100  max mem: 5.6 GB
2025-01-05 14:51:08,722 Train INFO: eta: 1:29:43  iter: 15500  time: 0.2168 (0.2761)  data: 0.0794 (0.1395)  loss: 10.1083 (11.1219)  lr: 0.000100  max mem: 5.6 GB
2025-01-05 14:51:13,069 Train INFO: eta: 1:29:36  iter: 15520  time: 0.2170 (0.2760)  data: 0.0791 (0.1394)  loss: 12.0424 (11.1233)  lr: 0.000100  max mem: 5.6 GB
2025-01-05 14:51:17,401 Train INFO: eta: 1:29:29  iter: 15540  time: 0.2163 (0.2759)  data: 0.0794 (0.1393)  loss: 10.7992 (11.1232)  lr: 0.000100  max mem: 5.6 GB
2025-01-05 14:51:21,752 Train INFO: eta: 1:29:22  iter: 15560  time: 0.2171 (0.2759)  data: 0.0790 (0.1392)  loss: 11.3505 (11.1235)  lr: 0.000100  max mem: 5.6 GB
2025-01-05 14:51:26,082 Train INFO: eta: 1:29:15  iter: 15580  time: 0.2163 (0.2758)  data: 0.0791 (0.1391)  loss: 10.7654 (11.1239)  lr: 0.000100  max mem: 5.6 GB
2025-01-05 14:51:30,428 Train INFO: eta: 1:29:08  iter: 15600  time: 0.2171 (0.2757)  data: 0.0785 (0.1391)  loss: 10.3447 (11.1230)  lr: 0.000100  max mem: 5.6 GB
2025-01-05 14:51:34,780 Train INFO: eta: 1:29:01  iter: 15620  time: 0.2170 (0.2756)  data: 0.0788 (0.1390)  loss: 11.1009 (11.1230)  lr: 0.000100  max mem: 5.6 GB
2025-01-05 14:51:39,123 Train INFO: eta: 1:28:55  iter: 15640  time: 0.2171 (0.2756)  data: 0.0787 (0.1389)  loss: 10.8591 (11.1226)  lr: 0.000100  max mem: 5.6 GB
2025-01-05 14:51:43,454 Train INFO: eta: 1:28:48  iter: 15660  time: 0.2163 (0.2755)  data: 0.0786 (0.1388)  loss: 11.3398 (11.1229)  lr: 0.000100  max mem: 5.6 GB
2025-01-05 14:51:47,807 Train INFO: eta: 1:28:41  iter: 15680  time: 0.2173 (0.2754)  data: 0.0789 (0.1388)  loss: 10.3827 (11.1218)  lr: 0.000100  max mem: 5.6 GB
2025-01-05 14:51:52,159 Train INFO: eta: 1:28:34  iter: 15700  time: 0.2170 (0.2753)  data: 0.0784 (0.1387)  loss: 11.2775 (11.1218)  lr: 0.000100  max mem: 5.6 GB
2025-01-05 14:51:56,531 Train INFO: eta: 1:28:27  iter: 15720  time: 0.2173 (0.2753)  data: 0.0783 (0.1386)  loss: 11.4741 (11.1221)  lr: 0.000100  max mem: 5.6 GB
2025-01-05 14:52:00,872 Train INFO: eta: 1:28:20  iter: 15740  time: 0.2165 (0.2752)  data: 0.0783 (0.1385)  loss: 10.2980 (11.1211)  lr: 0.000100  max mem: 5.6 GB
2025-01-05 14:52:05,215 Train INFO: eta: 1:28:13  iter: 15760  time: 0.2161 (0.2751)  data: 0.0785 (0.1385)  loss: 10.1605 (11.1206)  lr: 0.000100  max mem: 5.6 GB
2025-01-05 14:52:09,543 Train INFO: eta: 1:28:06  iter: 15780  time: 0.2159 (0.2751)  data: 0.0785 (0.1384)  loss: 10.8747 (11.1208)  lr: 0.000100  max mem: 5.6 GB
2025-01-05 14:52:13,885 Train INFO: eta: 1:27:59  iter: 15800  time: 0.2165 (0.2750)  data: 0.0777 (0.1383)  loss: 10.2426 (11.1197)  lr: 0.000100  max mem: 5.6 GB
2025-01-05 14:52:18,219 Train INFO: eta: 1:27:52  iter: 15820  time: 0.2163 (0.2749)  data: 0.0784 (0.1382)  loss: 10.4111 (11.1190)  lr: 0.000100  max mem: 5.6 GB
2025-01-05 14:52:22,566 Train INFO: eta: 1:27:45  iter: 15840  time: 0.2166 (0.2748)  data: 0.0781 (0.1381)  loss: 10.7318 (11.1183)  lr: 0.000100  max mem: 5.6 GB
2025-01-05 14:52:26,909 Train INFO: eta: 1:27:38  iter: 15860  time: 0.2171 (0.2748)  data: 0.0776 (0.1381)  loss: 10.7966 (11.1183)  lr: 0.000100  max mem: 5.6 GB
2025-01-05 14:52:31,244 Train INFO: eta: 1:27:32  iter: 15880  time: 0.2158 (0.2747)  data: 0.0780 (0.1380)  loss: 8.7827 (11.1160)  lr: 0.000100  max mem: 5.6 GB
2025-01-05 14:52:35,576 Train INFO: eta: 1:27:25  iter: 15900  time: 0.2156 (0.2746)  data: 0.0774 (0.1379)  loss: 11.6479 (11.1167)  lr: 0.000100  max mem: 5.6 GB
2025-01-05 14:52:39,900 Train INFO: eta: 1:27:18  iter: 15920  time: 0.2164 (0.2745)  data: 0.0778 (0.1378)  loss: 10.6042 (11.1162)  lr: 0.000100  max mem: 5.6 GB
2025-01-05 14:52:44,225 Train INFO: eta: 1:27:11  iter: 15940  time: 0.2157 (0.2745)  data: 0.0776 (0.1378)  loss: 10.1238 (11.1155)  lr: 0.000100  max mem: 5.6 GB
2025-01-05 14:52:48,557 Train INFO: eta: 1:27:04  iter: 15960  time: 0.2163 (0.2744)  data: 0.0775 (0.1377)  loss: 9.9789 (11.1146)  lr: 0.000100  max mem: 5.6 GB
2025-01-05 14:52:52,920 Train INFO: eta: 1:26:57  iter: 15980  time: 0.2173 (0.2743)  data: 0.0764 (0.1376)  loss: 10.7738 (11.1144)  lr: 0.000100  max mem: 5.6 GB
2025-01-05 14:52:57,253 Train INFO: eta: 1:26:50  iter: 16000  time: 0.2163 (0.2743)  data: 0.0771 (0.1375)  loss: 9.5449 (11.1129)  lr: 0.000100  max mem: 5.6 GB
2025-01-05 14:52:57,789 Train INFO: Validation
2025-01-05 14:52:57,792 Train INFO: Begin extract
2025-01-05 14:54:02,136 Train INFO: Best iteration 16000: {'mean_average_precision_at_r': 0.4935133886991434, 'precision_at_1': 0.7701067733298073, 'r_precision': 0.5223192382034239}
2025-01-05 14:54:06,480 Train INFO: eta: 1:28:00  iter: 16020  time: 0.2169 (0.2782)  data: 0.0764 (0.1415)  loss: 9.3082 (11.1111)  lr: 0.000100  max mem: 5.6 GB
2025-01-05 14:54:10,848 Train INFO: eta: 1:27:53  iter: 16040  time: 0.2184 (0.2782)  data: 0.0760 (0.1414)  loss: 11.3139 (11.1112)  lr: 0.000100  max mem: 5.6 GB
2025-01-05 14:54:15,180 Train INFO: eta: 1:27:46  iter: 16060  time: 0.2168 (0.2781)  data: 0.0760 (0.1414)  loss: 8.7491 (11.1084)  lr: 0.000100  max mem: 5.6 GB
2025-01-05 14:54:19,518 Train INFO: eta: 1:27:39  iter: 16080  time: 0.2168 (0.2780)  data: 0.0766 (0.1413)  loss: 10.6229 (11.1081)  lr: 0.000100  max mem: 5.6 GB
2025-01-05 14:54:23,835 Train INFO: eta: 1:27:32  iter: 16100  time: 0.2148 (0.2779)  data: 0.0764 (0.1412)  loss: 8.8718 (11.1055)  lr: 0.000100  max mem: 5.6 GB
2025-01-05 14:54:28,175 Train INFO: eta: 1:27:25  iter: 16120  time: 0.2154 (0.2779)  data: 0.0766 (0.1411)  loss: 10.1993 (11.1043)  lr: 0.000100  max mem: 5.6 GB
2025-01-05 14:54:32,469 Train INFO: eta: 1:27:18  iter: 16140  time: 0.2144 (0.2778)  data: 0.0765 (0.1410)  loss: 10.2674 (11.1027)  lr: 0.000100  max mem: 5.6 GB
2025-01-05 14:54:36,774 Train INFO: eta: 1:27:11  iter: 16160  time: 0.2144 (0.2777)  data: 0.0764 (0.1410)  loss: 8.7919 (11.1003)  lr: 0.000100  max mem: 5.6 GB
2025-01-05 14:54:41,066 Train INFO: eta: 1:27:04  iter: 16180  time: 0.2137 (0.2776)  data: 0.0763 (0.1409)  loss: 10.0374 (11.0991)  lr: 0.000100  max mem: 5.6 GB
2025-01-05 14:54:45,366 Train INFO: eta: 1:26:57  iter: 16200  time: 0.2145 (0.2775)  data: 0.0756 (0.1408)  loss: 10.2434 (11.0984)  lr: 0.000100  max mem: 5.6 GB
2025-01-05 14:54:49,656 Train INFO: eta: 1:26:50  iter: 16220  time: 0.2145 (0.2775)  data: 0.0761 (0.1407)  loss: 10.1941 (11.0972)  lr: 0.000100  max mem: 5.6 GB
2025-01-05 14:54:53,967 Train INFO: eta: 1:26:43  iter: 16240  time: 0.2150 (0.2774)  data: 0.0757 (0.1406)  loss: 9.6354 (11.0955)  lr: 0.000100  max mem: 5.6 GB
2025-01-05 14:54:58,248 Train INFO: eta: 1:26:36  iter: 16260  time: 0.2125 (0.2773)  data: 0.0757 (0.1406)  loss: 9.3459 (11.0937)  lr: 0.000100  max mem: 5.6 GB
2025-01-05 14:55:02,533 Train INFO: eta: 1:26:29  iter: 16280  time: 0.2139 (0.2772)  data: 0.0756 (0.1405)  loss: 10.3157 (11.0927)  lr: 0.000100  max mem: 5.6 GB
2025-01-05 14:55:06,831 Train INFO: eta: 1:26:22  iter: 16300  time: 0.2139 (0.2772)  data: 0.0752 (0.1404)  loss: 9.3445 (11.0907)  lr: 0.000100  max mem: 5.6 GB
2025-01-05 14:55:11,070 Train INFO: eta: 1:26:15  iter: 16320  time: 0.2118 (0.2771)  data: 0.0754 (0.1403)  loss: 9.6540 (11.0888)  lr: 0.000100  max mem: 5.6 GB
2025-01-05 14:55:17,086 Train INFO: eta: 1:26:10  iter: 16340  time: 0.2136 (0.2771)  data: 0.0751 (0.1403)  loss: 10.5682 (11.0883)  lr: 0.000100  max mem: 5.6 GB
2025-01-05 14:55:21,667 Train INFO: eta: 1:26:04  iter: 16360  time: 0.2158 (0.2770)  data: 0.0782 (0.1403)  loss: 8.4450 (11.0854)  lr: 0.000100  max mem: 5.6 GB
2025-01-05 14:55:26,056 Train INFO: eta: 1:25:57  iter: 16380  time: 0.2185 (0.2770)  data: 0.0795 (0.1402)  loss: 10.1442 (11.0843)  lr: 0.000100  max mem: 5.6 GB
2025-01-05 14:55:30,413 Train INFO: eta: 1:25:50  iter: 16400  time: 0.2177 (0.2769)  data: 0.0796 (0.1401)  loss: 11.1247 (11.0843)  lr: 0.000100  max mem: 5.6 GB
2025-01-05 14:55:34,801 Train INFO: eta: 1:25:43  iter: 16420  time: 0.2190 (0.2768)  data: 0.0793 (0.1400)  loss: 10.8264 (11.0845)  lr: 0.000100  max mem: 5.6 GB
2025-01-05 14:55:39,178 Train INFO: eta: 1:25:36  iter: 16440  time: 0.2189 (0.2768)  data: 0.0792 (0.1400)  loss: 10.7455 (11.0845)  lr: 0.000100  max mem: 5.6 GB
2025-01-05 14:55:43,535 Train INFO: eta: 1:25:29  iter: 16460  time: 0.2176 (0.2767)  data: 0.0800 (0.1399)  loss: 11.4878 (11.0850)  lr: 0.000100  max mem: 5.6 GB
2025-01-05 14:55:47,898 Train INFO: eta: 1:25:22  iter: 16480  time: 0.2175 (0.2766)  data: 0.0796 (0.1398)  loss: 11.7667 (11.0857)  lr: 0.000100  max mem: 5.6 GB
2025-01-05 14:55:52,261 Train INFO: eta: 1:25:16  iter: 16500  time: 0.2175 (0.2765)  data: 0.0793 (0.1398)  loss: 11.6781 (11.0862)  lr: 0.000100  max mem: 5.6 GB
2025-01-05 14:55:56,613 Train INFO: eta: 1:25:09  iter: 16520  time: 0.2173 (0.2765)  data: 0.0795 (0.1397)  loss: 11.4592 (11.0867)  lr: 0.000100  max mem: 5.6 GB
2025-01-05 14:56:00,952 Train INFO: eta: 1:25:02  iter: 16540  time: 0.2170 (0.2764)  data: 0.0797 (0.1396)  loss: 11.5001 (11.0869)  lr: 0.000100  max mem: 5.6 GB
2025-01-05 14:56:05,306 Train INFO: eta: 1:24:55  iter: 16560  time: 0.2178 (0.2763)  data: 0.0799 (0.1395)  loss: 11.9067 (11.0875)  lr: 0.000100  max mem: 5.6 GB
2025-01-05 14:56:09,672 Train INFO: eta: 1:24:48  iter: 16580  time: 0.2179 (0.2763)  data: 0.0792 (0.1395)  loss: 10.9149 (11.0874)  lr: 0.000100  max mem: 5.6 GB
2025-01-05 14:56:14,033 Train INFO: eta: 1:24:41  iter: 16600  time: 0.2175 (0.2762)  data: 0.0795 (0.1394)  loss: 11.0866 (11.0880)  lr: 0.000100  max mem: 5.6 GB
2025-01-05 14:56:18,387 Train INFO: eta: 1:24:35  iter: 16620  time: 0.2172 (0.2761)  data: 0.0790 (0.1393)  loss: 11.6563 (11.0885)  lr: 0.000100  max mem: 5.6 GB
2025-01-05 14:56:22,765 Train INFO: eta: 1:24:28  iter: 16640  time: 0.2174 (0.2761)  data: 0.0788 (0.1392)  loss: 10.5552 (11.0881)  lr: 0.000100  max mem: 5.6 GB
2025-01-05 14:56:27,142 Train INFO: eta: 1:24:21  iter: 16660  time: 0.2176 (0.2760)  data: 0.0796 (0.1392)  loss: 11.3073 (11.0886)  lr: 0.000100  max mem: 5.6 GB
2025-01-05 14:56:31,485 Train INFO: eta: 1:24:14  iter: 16680  time: 0.2170 (0.2759)  data: 0.0790 (0.1391)  loss: 10.6846 (11.0879)  lr: 0.000100  max mem: 5.6 GB
2025-01-05 14:56:35,840 Train INFO: eta: 1:24:07  iter: 16700  time: 0.2174 (0.2758)  data: 0.0792 (0.1390)  loss: 11.5749 (11.0884)  lr: 0.000100  max mem: 5.6 GB
2025-01-05 14:56:40,178 Train INFO: eta: 1:24:01  iter: 16720  time: 0.2163 (0.2758)  data: 0.0790 (0.1390)  loss: 11.0536 (11.0883)  lr: 0.000100  max mem: 5.6 GB
2025-01-05 14:56:44,524 Train INFO: eta: 1:23:54  iter: 16740  time: 0.2166 (0.2757)  data: 0.0789 (0.1389)  loss: 11.8580 (11.0897)  lr: 0.000100  max mem: 5.6 GB
2025-01-05 14:56:48,867 Train INFO: eta: 1:23:47  iter: 16760  time: 0.2171 (0.2756)  data: 0.0787 (0.1388)  loss: 10.1546 (11.0890)  lr: 0.000100  max mem: 5.6 GB
2025-01-05 14:56:53,210 Train INFO: eta: 1:23:40  iter: 16780  time: 0.2171 (0.2756)  data: 0.0788 (0.1387)  loss: 11.4611 (11.0896)  lr: 0.000100  max mem: 5.6 GB
2025-01-05 14:56:57,536 Train INFO: eta: 1:23:34  iter: 16800  time: 0.2161 (0.2755)  data: 0.0788 (0.1387)  loss: 10.1603 (11.0887)  lr: 0.000100  max mem: 5.6 GB
2025-01-05 14:57:01,864 Train INFO: eta: 1:23:27  iter: 16820  time: 0.2162 (0.2754)  data: 0.0785 (0.1386)  loss: 10.3697 (11.0878)  lr: 0.000100  max mem: 5.6 GB
2025-01-05 14:57:06,201 Train INFO: eta: 1:23:20  iter: 16840  time: 0.2164 (0.2754)  data: 0.0786 (0.1385)  loss: 11.6686 (11.0884)  lr: 0.000100  max mem: 5.6 GB
2025-01-05 14:57:10,539 Train INFO: eta: 1:23:13  iter: 16860  time: 0.2167 (0.2753)  data: 0.0784 (0.1385)  loss: 10.1189 (11.0876)  lr: 0.000100  max mem: 5.6 GB
2025-01-05 14:57:14,884 Train INFO: eta: 1:23:06  iter: 16880  time: 0.2174 (0.2752)  data: 0.0787 (0.1384)  loss: 10.9385 (11.0871)  lr: 0.000100  max mem: 5.6 GB
2025-01-05 14:57:19,228 Train INFO: eta: 1:23:00  iter: 16900  time: 0.2166 (0.2751)  data: 0.0782 (0.1383)  loss: 11.3967 (11.0877)  lr: 0.000100  max mem: 5.6 GB
2025-01-05 14:57:23,588 Train INFO: eta: 1:22:53  iter: 16920  time: 0.2173 (0.2751)  data: 0.0781 (0.1382)  loss: 10.0736 (11.0868)  lr: 0.000100  max mem: 5.6 GB
2025-01-05 14:57:27,925 Train INFO: eta: 1:22:46  iter: 16940  time: 0.2169 (0.2750)  data: 0.0781 (0.1382)  loss: 10.6893 (11.0868)  lr: 0.000100  max mem: 5.6 GB
2025-01-05 14:57:32,286 Train INFO: eta: 1:22:40  iter: 16960  time: 0.2178 (0.2749)  data: 0.0782 (0.1381)  loss: 10.1143 (11.0862)  lr: 0.000100  max mem: 5.6 GB
2025-01-05 14:57:36,628 Train INFO: eta: 1:22:33  iter: 16980  time: 0.2164 (0.2749)  data: 0.0777 (0.1380)  loss: 10.4079 (11.0859)  lr: 0.000100  max mem: 5.6 GB
2025-01-05 14:57:41,087 Train INFO: eta: 1:22:26  iter: 17000  time: 0.2171 (0.2748)  data: 0.0782 (0.1380)  loss: 10.6215 (11.0856)  lr: 0.000100  max mem: 5.6 GB
2025-01-05 14:57:41,484 Train INFO: Validation
2025-01-05 14:57:41,487 Train INFO: Begin extract
2025-01-05 14:58:44,597 Train INFO: Performance at iteration 017000: {'mean_average_precision_at_r': 0.4835721635548357, 'precision_at_1': 0.7608508809626128, 'r_precision': 0.512405625458913}
2025-01-05 14:58:48,946 Train INFO: eta: 1:23:27  iter: 17020  time: 0.2166 (0.2785)  data: 0.0781 (0.1416)  loss: 9.9608 (11.0847)  lr: 0.000100  max mem: 5.6 GB
2025-01-05 14:58:53,290 Train INFO: eta: 1:23:20  iter: 17040  time: 0.2168 (0.2784)  data: 0.0782 (0.1415)  loss: 10.9978 (11.0844)  lr: 0.000100  max mem: 5.6 GB
2025-01-05 14:58:57,616 Train INFO: eta: 1:23:13  iter: 17060  time: 0.2164 (0.2783)  data: 0.0782 (0.1415)  loss: 9.5062 (11.0829)  lr: 0.000100  max mem: 5.6 GB
2025-01-05 14:59:01,947 Train INFO: eta: 1:23:06  iter: 17080  time: 0.2163 (0.2783)  data: 0.0776 (0.1414)  loss: 10.5846 (11.0821)  lr: 0.000100  max mem: 5.6 GB
2025-01-05 14:59:06,279 Train INFO: eta: 1:22:59  iter: 17100  time: 0.2167 (0.2782)  data: 0.0772 (0.1413)  loss: 10.6599 (11.0816)  lr: 0.000100  max mem: 5.6 GB
2025-01-05 14:59:10,578 Train INFO: eta: 1:22:52  iter: 17120  time: 0.2148 (0.2781)  data: 0.0776 (0.1412)  loss: 10.3280 (11.0807)  lr: 0.000100  max mem: 5.6 GB
2025-01-05 14:59:14,946 Train INFO: eta: 1:22:45  iter: 17140  time: 0.2180 (0.2780)  data: 0.0763 (0.1412)  loss: 11.1841 (11.0808)  lr: 0.000100  max mem: 5.6 GB
2025-01-05 14:59:19,320 Train INFO: eta: 1:22:39  iter: 17160  time: 0.2171 (0.2780)  data: 0.0765 (0.1411)  loss: 9.6806 (11.0793)  lr: 0.000100  max mem: 5.6 GB
2025-01-05 14:59:23,638 Train INFO: eta: 1:22:32  iter: 17180  time: 0.2156 (0.2779)  data: 0.0771 (0.1410)  loss: 9.6066 (11.0777)  lr: 0.000100  max mem: 5.6 GB
2025-01-05 14:59:27,953 Train INFO: eta: 1:22:25  iter: 17200  time: 0.2152 (0.2778)  data: 0.0773 (0.1409)  loss: 10.4443 (11.0768)  lr: 0.000100  max mem: 5.6 GB
2025-01-05 14:59:32,280 Train INFO: eta: 1:22:18  iter: 17220  time: 0.2152 (0.2778)  data: 0.0770 (0.1409)  loss: 10.2578 (11.0761)  lr: 0.000100  max mem: 5.6 GB
2025-01-05 14:59:36,580 Train INFO: eta: 1:22:11  iter: 17240  time: 0.2144 (0.2777)  data: 0.0768 (0.1408)  loss: 9.4892 (11.0746)  lr: 0.000100  max mem: 5.6 GB
2025-01-05 14:59:40,880 Train INFO: eta: 1:22:04  iter: 17260  time: 0.2147 (0.2776)  data: 0.0770 (0.1407)  loss: 10.1878 (11.0737)  lr: 0.000100  max mem: 5.6 GB
2025-01-05 14:59:45,163 Train INFO: eta: 1:21:58  iter: 17280  time: 0.2144 (0.2775)  data: 0.0771 (0.1407)  loss: 9.0050 (11.0717)  lr: 0.000100  max mem: 5.6 GB
2025-01-05 14:59:49,473 Train INFO: eta: 1:21:51  iter: 17300  time: 0.2155 (0.2775)  data: 0.0768 (0.1406)  loss: 10.6699 (11.0711)  lr: 0.000100  max mem: 5.6 GB
2025-01-05 14:59:53,768 Train INFO: eta: 1:21:44  iter: 17320  time: 0.2147 (0.2774)  data: 0.0764 (0.1405)  loss: 11.1582 (11.0708)  lr: 0.000100  max mem: 5.6 GB
2025-01-05 14:59:58,019 Train INFO: eta: 1:21:37  iter: 17340  time: 0.2124 (0.2773)  data: 0.0763 (0.1404)  loss: 8.4017 (11.0678)  lr: 0.000100  max mem: 5.6 GB
2025-01-05 15:00:02,325 Train INFO: eta: 1:21:30  iter: 17360  time: 0.2133 (0.2773)  data: 0.0762 (0.1404)  loss: 10.6320 (11.0672)  lr: 0.000100  max mem: 5.6 GB
2025-01-05 15:00:06,612 Train INFO: eta: 1:21:23  iter: 17380  time: 0.2138 (0.2772)  data: 0.0759 (0.1403)  loss: 8.5180 (11.0644)  lr: 0.000100  max mem: 5.6 GB
2025-01-05 15:00:10,887 Train INFO: eta: 1:21:17  iter: 17400  time: 0.2136 (0.2771)  data: 0.0759 (0.1402)  loss: 9.5034 (11.0626)  lr: 0.000100  max mem: 5.6 GB
2025-01-05 15:00:15,153 Train INFO: eta: 1:21:10  iter: 17420  time: 0.2125 (0.2770)  data: 0.0760 (0.1401)  loss: 9.5861 (11.0609)  lr: 0.000100  max mem: 5.6 GB
2025-01-05 15:00:19,437 Train INFO: eta: 1:21:03  iter: 17440  time: 0.2136 (0.2770)  data: 0.0756 (0.1401)  loss: 10.2168 (11.0597)  lr: 0.000100  max mem: 5.6 GB
2025-01-05 15:00:23,696 Train INFO: eta: 1:20:56  iter: 17460  time: 0.2129 (0.2769)  data: 0.0757 (0.1400)  loss: 8.5815 (11.0575)  lr: 0.000100  max mem: 5.6 GB
2025-01-05 15:00:27,969 Train INFO: eta: 1:20:49  iter: 17480  time: 0.2134 (0.2768)  data: 0.0753 (0.1399)  loss: 9.6202 (11.0563)  lr: 0.000100  max mem: 5.6 GB
2025-01-05 15:00:32,251 Train INFO: eta: 1:20:43  iter: 17500  time: 0.2132 (0.2767)  data: 0.0751 (0.1398)  loss: 9.5326 (11.0546)  lr: 0.000100  max mem: 5.6 GB
2025-01-05 15:00:36,792 Train INFO: eta: 1:20:36  iter: 17520  time: 0.2129 (0.2767)  data: 0.0752 (0.1398)  loss: 10.3363 (11.0538)  lr: 0.000100  max mem: 5.6 GB
2025-01-05 15:00:41,167 Train INFO: eta: 1:20:29  iter: 17540  time: 0.2180 (0.2766)  data: 0.0794 (0.1397)  loss: 9.4150 (11.0526)  lr: 0.000100  max mem: 5.6 GB
2025-01-05 15:00:45,519 Train INFO: eta: 1:20:23  iter: 17560  time: 0.2172 (0.2766)  data: 0.0797 (0.1396)  loss: 10.5536 (11.0520)  lr: 0.000100  max mem: 5.6 GB
2025-01-05 15:00:49,868 Train INFO: eta: 1:20:16  iter: 17580  time: 0.2172 (0.2765)  data: 0.0804 (0.1396)  loss: 10.4370 (11.0515)  lr: 0.000100  max mem: 5.6 GB
2025-01-05 15:00:54,218 Train INFO: eta: 1:20:09  iter: 17600  time: 0.2167 (0.2764)  data: 0.0795 (0.1395)  loss: 12.5402 (11.0530)  lr: 0.000100  max mem: 5.6 GB
2025-01-05 15:00:58,559 Train INFO: eta: 1:20:03  iter: 17620  time: 0.2165 (0.2764)  data: 0.0797 (0.1394)  loss: 11.1043 (11.0533)  lr: 0.000100  max mem: 5.6 GB
2025-01-05 15:01:02,912 Train INFO: eta: 1:19:56  iter: 17640  time: 0.2170 (0.2763)  data: 0.0796 (0.1394)  loss: 11.5809 (11.0539)  lr: 0.000100  max mem: 5.6 GB
2025-01-05 15:01:07,383 Train INFO: eta: 1:19:49  iter: 17660  time: 0.2171 (0.2762)  data: 0.0795 (0.1393)  loss: 11.0170 (11.0541)  lr: 0.000100  max mem: 5.6 GB
2025-01-05 15:01:11,733 Train INFO: eta: 1:19:43  iter: 17680  time: 0.2166 (0.2762)  data: 0.0791 (0.1392)  loss: 11.3900 (11.0547)  lr: 0.000100  max mem: 5.6 GB
2025-01-05 15:01:16,089 Train INFO: eta: 1:19:36  iter: 17700  time: 0.2174 (0.2761)  data: 0.0798 (0.1392)  loss: 10.8034 (11.0545)  lr: 0.000100  max mem: 5.6 GB
2025-01-05 15:01:20,475 Train INFO: eta: 1:19:29  iter: 17720  time: 0.2192 (0.2760)  data: 0.0790 (0.1391)  loss: 10.5959 (11.0543)  lr: 0.000100  max mem: 5.6 GB
2025-01-05 15:01:24,820 Train INFO: eta: 1:19:23  iter: 17740  time: 0.2162 (0.2760)  data: 0.0797 (0.1390)  loss: 10.6463 (11.0544)  lr: 0.000100  max mem: 5.6 GB
2025-01-05 15:01:29,161 Train INFO: eta: 1:19:16  iter: 17760  time: 0.2169 (0.2759)  data: 0.0796 (0.1390)  loss: 11.4620 (11.0550)  lr: 0.000100  max mem: 5.6 GB
2025-01-05 15:01:33,511 Train INFO: eta: 1:19:09  iter: 17780  time: 0.2170 (0.2758)  data: 0.0795 (0.1389)  loss: 11.4326 (11.0556)  lr: 0.000100  max mem: 5.6 GB
2025-01-05 15:01:37,866 Train INFO: eta: 1:19:03  iter: 17800  time: 0.2175 (0.2758)  data: 0.0792 (0.1388)  loss: 10.9184 (11.0555)  lr: 0.000100  max mem: 5.6 GB
2025-01-05 15:01:42,220 Train INFO: eta: 1:18:56  iter: 17820  time: 0.2168 (0.2757)  data: 0.0797 (0.1388)  loss: 11.6237 (11.0562)  lr: 0.000100  max mem: 5.6 GB
2025-01-05 15:01:46,560 Train INFO: eta: 1:18:49  iter: 17840  time: 0.2164 (0.2756)  data: 0.0789 (0.1387)  loss: 10.2359 (11.0555)  lr: 0.000100  max mem: 5.6 GB
2025-01-05 15:01:50,917 Train INFO: eta: 1:18:43  iter: 17860  time: 0.2169 (0.2756)  data: 0.0792 (0.1386)  loss: 11.2799 (11.0558)  lr: 0.000100  max mem: 5.6 GB
2025-01-05 15:01:55,263 Train INFO: eta: 1:18:36  iter: 17880  time: 0.2164 (0.2755)  data: 0.0791 (0.1386)  loss: 11.6268 (11.0563)  lr: 0.000100  max mem: 5.6 GB
2025-01-05 15:01:59,584 Train INFO: eta: 1:18:30  iter: 17900  time: 0.2161 (0.2754)  data: 0.0788 (0.1385)  loss: 10.9043 (11.0560)  lr: 0.000100  max mem: 5.6 GB
2025-01-05 15:02:03,939 Train INFO: eta: 1:18:23  iter: 17920  time: 0.2172 (0.2754)  data: 0.0786 (0.1384)  loss: 11.5683 (11.0573)  lr: 0.000100  max mem: 5.6 GB
2025-01-05 15:02:08,279 Train INFO: eta: 1:18:16  iter: 17940  time: 0.2165 (0.2753)  data: 0.0787 (0.1384)  loss: 9.7609 (11.0566)  lr: 0.000100  max mem: 5.6 GB
2025-01-05 15:02:12,628 Train INFO: eta: 1:18:10  iter: 17960  time: 0.2166 (0.2752)  data: 0.0788 (0.1383)  loss: 11.4531 (11.0569)  lr: 0.000100  max mem: 5.6 GB
2025-01-05 15:02:17,087 Train INFO: eta: 1:18:03  iter: 17980  time: 0.2157 (0.2752)  data: 0.0787 (0.1382)  loss: 10.1244 (11.0562)  lr: 0.000100  max mem: 5.6 GB
2025-01-05 15:02:21,430 Train INFO: eta: 1:17:57  iter: 18000  time: 0.2168 (0.2751)  data: 0.0786 (0.1382)  loss: 11.5193 (11.0568)  lr: 0.000100  max mem: 5.6 GB
2025-01-05 15:02:21,811 Train INFO: Validation
2025-01-05 15:02:21,815 Train INFO: Begin extract
2025-01-05 15:03:24,183 Train INFO: Performance at iteration 018000: {'mean_average_precision_at_r': 0.4921812720979767, 'precision_at_1': 0.7693960530230406, 'r_precision': 0.5208618292846914}
2025-01-05 15:03:28,557 Train INFO: eta: 1:18:49  iter: 18020  time: 0.2177 (0.2785)  data: 0.0784 (0.1416)  loss: 10.2692 (11.0563)  lr: 0.000100  max mem: 5.6 GB
2025-01-05 15:03:32,904 Train INFO: eta: 1:18:42  iter: 18040  time: 0.2171 (0.2785)  data: 0.0781 (0.1415)  loss: 11.3572 (11.0567)  lr: 0.000100  max mem: 5.6 GB
2025-01-05 15:03:37,272 Train INFO: eta: 1:18:36  iter: 18060  time: 0.2177 (0.2784)  data: 0.0787 (0.1414)  loss: 11.1976 (11.0569)  lr: 0.000100  max mem: 5.6 GB
2025-01-05 15:03:41,613 Train INFO: eta: 1:18:29  iter: 18080  time: 0.2177 (0.2783)  data: 0.0781 (0.1414)  loss: 9.9022 (11.0564)  lr: 0.000100  max mem: 5.6 GB
2025-01-05 15:03:45,972 Train INFO: eta: 1:18:22  iter: 18100  time: 0.2160 (0.2783)  data: 0.0783 (0.1413)  loss: 10.9239 (11.0563)  lr: 0.000100  max mem: 5.6 GB
2025-01-05 15:03:50,283 Train INFO: eta: 1:18:16  iter: 18120  time: 0.2146 (0.2782)  data: 0.0782 (0.1412)  loss: 11.0384 (11.0562)  lr: 0.000100  max mem: 5.6 GB
2025-01-05 15:03:54,633 Train INFO: eta: 1:18:09  iter: 18140  time: 0.2171 (0.2781)  data: 0.0780 (0.1412)  loss: 10.6093 (11.0558)  lr: 0.000100  max mem: 5.6 GB
2025-01-05 15:03:58,955 Train INFO: eta: 1:18:02  iter: 18160  time: 0.2144 (0.2781)  data: 0.0782 (0.1411)  loss: 10.3966 (11.0555)  lr: 0.000100  max mem: 5.6 GB
2025-01-05 15:04:03,298 Train INFO: eta: 1:17:55  iter: 18180  time: 0.2169 (0.2780)  data: 0.0778 (0.1410)  loss: 10.9753 (11.0554)  lr: 0.000100  max mem: 5.6 GB
2025-01-05 15:04:07,630 Train INFO: eta: 1:17:49  iter: 18200  time: 0.2158 (0.2779)  data: 0.0774 (0.1410)  loss: 10.2065 (11.0545)  lr: 0.000100  max mem: 5.6 GB
2025-01-05 15:04:11,978 Train INFO: eta: 1:17:42  iter: 18220  time: 0.2167 (0.2779)  data: 0.0769 (0.1409)  loss: 10.0509 (11.0536)  lr: 0.000100  max mem: 5.6 GB
2025-01-05 15:04:16,329 Train INFO: eta: 1:17:35  iter: 18240  time: 0.2162 (0.2778)  data: 0.0767 (0.1408)  loss: 10.4057 (11.0528)  lr: 0.000100  max mem: 5.6 GB
2025-01-05 15:04:20,631 Train INFO: eta: 1:17:29  iter: 18260  time: 0.2146 (0.2777)  data: 0.0779 (0.1408)  loss: 10.6041 (11.0521)  lr: 0.000100  max mem: 5.6 GB
2025-01-05 15:04:24,950 Train INFO: eta: 1:17:22  iter: 18280  time: 0.2153 (0.2777)  data: 0.0775 (0.1407)  loss: 10.1983 (11.0517)  lr: 0.000100  max mem: 5.6 GB
2025-01-05 15:04:29,240 Train INFO: eta: 1:17:15  iter: 18300  time: 0.2146 (0.2776)  data: 0.0776 (0.1406)  loss: 9.7438 (11.0504)  lr: 0.000100  max mem: 5.6 GB
2025-01-05 15:04:33,556 Train INFO: eta: 1:17:09  iter: 18320  time: 0.2154 (0.2775)  data: 0.0773 (0.1405)  loss: 9.8179 (11.0493)  lr: 0.000100  max mem: 5.6 GB
2025-01-05 15:04:37,846 Train INFO: eta: 1:17:02  iter: 18340  time: 0.2135 (0.2775)  data: 0.0772 (0.1405)  loss: 9.5906 (11.0480)  lr: 0.000100  max mem: 5.6 GB
2025-01-05 15:04:42,151 Train INFO: eta: 1:16:55  iter: 18360  time: 0.2155 (0.2774)  data: 0.0773 (0.1404)  loss: 10.1476 (11.0475)  lr: 0.000100  max mem: 5.6 GB
2025-01-05 15:04:46,442 Train INFO: eta: 1:16:49  iter: 18380  time: 0.2146 (0.2773)  data: 0.0767 (0.1403)  loss: 9.1273 (11.0455)  lr: 0.000100  max mem: 5.6 GB
2025-01-05 15:04:50,716 Train INFO: eta: 1:16:42  iter: 18400  time: 0.2134 (0.2773)  data: 0.0769 (0.1403)  loss: 10.1551 (11.0445)  lr: 0.000100  max mem: 5.6 GB
2025-01-05 15:04:55,018 Train INFO: eta: 1:16:35  iter: 18420  time: 0.2148 (0.2772)  data: 0.0764 (0.1402)  loss: 8.6216 (11.0424)  lr: 0.000100  max mem: 5.6 GB
2025-01-05 15:04:59,321 Train INFO: eta: 1:16:29  iter: 18440  time: 0.2139 (0.2771)  data: 0.0770 (0.1401)  loss: 9.5546 (11.0414)  lr: 0.000100  max mem: 5.6 GB
2025-01-05 15:05:03,606 Train INFO: eta: 1:16:22  iter: 18460  time: 0.2137 (0.2771)  data: 0.0771 (0.1401)  loss: 10.5319 (11.0409)  lr: 0.000100  max mem: 5.6 GB
2025-01-05 15:05:07,888 Train INFO: eta: 1:16:15  iter: 18480  time: 0.2141 (0.2770)  data: 0.0769 (0.1400)  loss: 9.5997 (11.0392)  lr: 0.000100  max mem: 5.6 GB
2025-01-05 15:05:12,153 Train INFO: eta: 1:16:09  iter: 18500  time: 0.2129 (0.2769)  data: 0.0764 (0.1399)  loss: 9.9553 (11.0382)  lr: 0.000100  max mem: 5.6 GB
2025-01-05 15:05:16,426 Train INFO: eta: 1:16:02  iter: 18520  time: 0.2133 (0.2768)  data: 0.0766 (0.1399)  loss: 8.6502 (11.0359)  lr: 0.000100  max mem: 5.6 GB
2025-01-05 15:05:20,689 Train INFO: eta: 1:15:55  iter: 18540  time: 0.2128 (0.2768)  data: 0.0763 (0.1398)  loss: 8.8176 (11.0337)  lr: 0.000100  max mem: 5.6 GB
2025-01-05 15:05:24,979 Train INFO: eta: 1:15:49  iter: 18560  time: 0.2149 (0.2767)  data: 0.0762 (0.1397)  loss: 9.0389 (11.0317)  lr: 0.000100  max mem: 5.6 GB
2025-01-05 15:05:29,247 Train INFO: eta: 1:15:42  iter: 18580  time: 0.2135 (0.2766)  data: 0.0756 (0.1397)  loss: 9.3239 (11.0298)  lr: 0.000100  max mem: 5.6 GB
2025-01-05 15:05:33,509 Train INFO: eta: 1:15:35  iter: 18600  time: 0.2130 (0.2766)  data: 0.0757 (0.1396)  loss: 10.2429 (11.0288)  lr: 0.000100  max mem: 5.6 GB
2025-01-05 15:05:37,775 Train INFO: eta: 1:15:29  iter: 18620  time: 0.2130 (0.2765)  data: 0.0757 (0.1395)  loss: 9.2006 (11.0272)  lr: 0.000100  max mem: 5.6 GB
2025-01-05 15:05:42,035 Train INFO: eta: 1:15:22  iter: 18640  time: 0.2127 (0.2764)  data: 0.0755 (0.1394)  loss: 9.4452 (11.0258)  lr: 0.000100  max mem: 5.6 GB
2025-01-05 15:05:46,349 Train INFO: eta: 1:15:15  iter: 18660  time: 0.2146 (0.2764)  data: 0.0749 (0.1394)  loss: 9.6479 (11.0245)  lr: 0.000100  max mem: 5.6 GB
2025-01-05 15:05:50,651 Train INFO: eta: 1:15:09  iter: 18680  time: 0.2149 (0.2763)  data: 0.0744 (0.1393)  loss: 10.0411 (11.0234)  lr: 0.000100  max mem: 5.6 GB
2025-01-05 15:05:55,435 Train INFO: eta: 1:15:03  iter: 18700  time: 0.2206 (0.2763)  data: 0.0787 (0.1393)  loss: 9.5099 (11.0219)  lr: 0.000100  max mem: 5.6 GB
2025-01-05 15:05:59,815 Train INFO: eta: 1:14:56  iter: 18720  time: 0.2176 (0.2762)  data: 0.0796 (0.1392)  loss: 9.2138 (11.0210)  lr: 0.000100  max mem: 5.6 GB
2025-01-05 15:06:04,179 Train INFO: eta: 1:14:50  iter: 18740  time: 0.2183 (0.2761)  data: 0.0799 (0.1391)  loss: 10.3714 (11.0205)  lr: 0.000100  max mem: 5.6 GB
2025-01-05 15:06:08,520 Train INFO: eta: 1:14:43  iter: 18760  time: 0.2164 (0.2761)  data: 0.0803 (0.1391)  loss: 11.2169 (11.0208)  lr: 0.000100  max mem: 5.6 GB
2025-01-05 15:06:12,887 Train INFO: eta: 1:14:37  iter: 18780  time: 0.2177 (0.2760)  data: 0.0792 (0.1390)  loss: 11.3363 (11.0211)  lr: 0.000100  max mem: 5.6 GB
2025-01-05 15:06:17,262 Train INFO: eta: 1:14:30  iter: 18800  time: 0.2189 (0.2760)  data: 0.0796 (0.1389)  loss: 12.1078 (11.0223)  lr: 0.000100  max mem: 5.6 GB
2025-01-05 15:06:21,624 Train INFO: eta: 1:14:24  iter: 18820  time: 0.2177 (0.2759)  data: 0.0794 (0.1389)  loss: 11.6287 (11.0228)  lr: 0.000100  max mem: 5.6 GB
2025-01-05 15:06:25,986 Train INFO: eta: 1:14:17  iter: 18840  time: 0.2186 (0.2758)  data: 0.0792 (0.1388)  loss: 11.3438 (11.0230)  lr: 0.000100  max mem: 5.6 GB
2025-01-05 15:06:30,342 Train INFO: eta: 1:14:11  iter: 18860  time: 0.2169 (0.2758)  data: 0.0794 (0.1388)  loss: 10.7904 (11.0232)  lr: 0.000100  max mem: 5.6 GB
2025-01-05 15:06:34,687 Train INFO: eta: 1:14:04  iter: 18880  time: 0.2166 (0.2757)  data: 0.0796 (0.1387)  loss: 10.6317 (11.0232)  lr: 0.000100  max mem: 5.6 GB
2025-01-05 15:06:39,061 Train INFO: eta: 1:13:58  iter: 18900  time: 0.2182 (0.2757)  data: 0.0789 (0.1386)  loss: 11.0243 (11.0231)  lr: 0.000100  max mem: 5.6 GB
2025-01-05 15:06:43,444 Train INFO: eta: 1:13:51  iter: 18920  time: 0.2180 (0.2756)  data: 0.0791 (0.1386)  loss: 10.7443 (11.0232)  lr: 0.000100  max mem: 5.6 GB
2025-01-05 15:06:47,819 Train INFO: eta: 1:13:45  iter: 18940  time: 0.2179 (0.2755)  data: 0.0794 (0.1385)  loss: 10.2732 (11.0225)  lr: 0.000100  max mem: 5.6 GB
2025-01-05 15:06:52,154 Train INFO: eta: 1:13:38  iter: 18960  time: 0.2164 (0.2755)  data: 0.0788 (0.1384)  loss: 12.1531 (11.0238)  lr: 0.000100  max mem: 5.6 GB
2025-01-05 15:06:56,516 Train INFO: eta: 1:13:32  iter: 18980  time: 0.2182 (0.2754)  data: 0.0786 (0.1384)  loss: 10.5490 (11.0238)  lr: 0.000100  max mem: 5.6 GB
2025-01-05 15:07:00,874 Train INFO: eta: 1:13:25  iter: 19000  time: 0.2173 (0.2754)  data: 0.0787 (0.1383)  loss: 11.3352 (11.0243)  lr: 0.000100  max mem: 5.6 GB
2025-01-05 15:07:01,267 Train INFO: Validation
2025-01-05 15:07:01,271 Train INFO: Begin extract
2025-01-05 15:08:03,486 Train INFO: Performance at iteration 019000: {'mean_average_precision_at_r': 0.48759451066408127, 'precision_at_1': 0.7645367095302634, 'r_precision': 0.5168815439442858}
2025-01-05 15:08:07,871 Train INFO: eta: 1:14:11  iter: 19020  time: 0.2185 (0.2786)  data: 0.0785 (0.1415)  loss: 10.5109 (11.0241)  lr: 0.000100  max mem: 5.6 GB
2025-01-05 15:08:12,265 Train INFO: eta: 1:14:05  iter: 19040  time: 0.2186 (0.2785)  data: 0.0786 (0.1415)  loss: 11.8579 (11.0246)  lr: 0.000100  max mem: 5.6 GB
2025-01-05 15:08:16,644 Train INFO: eta: 1:13:58  iter: 19060  time: 0.2182 (0.2785)  data: 0.0788 (0.1414)  loss: 11.2537 (11.0249)  lr: 0.000100  max mem: 5.6 GB
2025-01-05 15:08:20,992 Train INFO: eta: 1:13:52  iter: 19080  time: 0.2167 (0.2784)  data: 0.0789 (0.1413)  loss: 10.5940 (11.0245)  lr: 0.000100  max mem: 5.6 GB
2025-01-05 15:08:25,348 Train INFO: eta: 1:13:45  iter: 19100  time: 0.2165 (0.2783)  data: 0.0790 (0.1413)  loss: 10.4723 (11.0244)  lr: 0.000100  max mem: 5.6 GB
2025-01-05 15:08:29,659 Train INFO: eta: 1:13:38  iter: 19120  time: 0.2154 (0.2783)  data: 0.0794 (0.1412)  loss: 11.1599 (11.0245)  lr: 0.000100  max mem: 5.6 GB
2025-01-05 15:08:33,979 Train INFO: eta: 1:13:32  iter: 19140  time: 0.2157 (0.2782)  data: 0.0792 (0.1412)  loss: 10.7364 (11.0243)  lr: 0.000100  max mem: 5.6 GB
2025-01-05 15:08:38,288 Train INFO: eta: 1:13:25  iter: 19160  time: 0.2150 (0.2781)  data: 0.0789 (0.1411)  loss: 10.8503 (11.0244)  lr: 0.000100  max mem: 5.6 GB
2025-01-05 15:08:42,603 Train INFO: eta: 1:13:19  iter: 19180  time: 0.2154 (0.2781)  data: 0.0789 (0.1410)  loss: 10.9515 (11.0245)  lr: 0.000100  max mem: 5.6 GB
2025-01-05 15:08:46,906 Train INFO: eta: 1:13:12  iter: 19200  time: 0.2149 (0.2780)  data: 0.0786 (0.1410)  loss: 9.9043 (11.0235)  lr: 0.000100  max mem: 5.6 GB
2025-01-05 15:08:51,259 Train INFO: eta: 1:13:05  iter: 19220  time: 0.2171 (0.2779)  data: 0.0780 (0.1409)  loss: 10.9352 (11.0233)  lr: 0.000100  max mem: 5.6 GB
2025-01-05 15:08:55,597 Train INFO: eta: 1:12:59  iter: 19240  time: 0.2155 (0.2779)  data: 0.0785 (0.1408)  loss: 9.5822 (11.0222)  lr: 0.000100  max mem: 5.6 GB
2025-01-05 15:08:59,942 Train INFO: eta: 1:12:52  iter: 19260  time: 0.2163 (0.2778)  data: 0.0790 (0.1408)  loss: 10.2557 (11.0218)  lr: 0.000100  max mem: 5.6 GB
2025-01-05 15:09:04,253 Train INFO: eta: 1:12:46  iter: 19280  time: 0.2153 (0.2778)  data: 0.0784 (0.1407)  loss: 9.9060 (11.0207)  lr: 0.000100  max mem: 5.6 GB
2025-01-05 15:09:08,593 Train INFO: eta: 1:12:39  iter: 19300  time: 0.2158 (0.2777)  data: 0.0782 (0.1406)  loss: 10.0060 (11.0199)  lr: 0.000100  max mem: 5.6 GB
2025-01-05 15:09:12,932 Train INFO: eta: 1:12:33  iter: 19320  time: 0.2171 (0.2776)  data: 0.0781 (0.1406)  loss: 10.9680 (11.0202)  lr: 0.000100  max mem: 5.6 GB
2025-01-05 15:09:17,262 Train INFO: eta: 1:12:26  iter: 19340  time: 0.2151 (0.2776)  data: 0.0783 (0.1405)  loss: 10.4288 (11.0196)  lr: 0.000100  max mem: 5.6 GB
2025-01-05 15:09:21,582 Train INFO: eta: 1:12:20  iter: 19360  time: 0.2152 (0.2775)  data: 0.0783 (0.1404)  loss: 10.0579 (11.0189)  lr: 0.000100  max mem: 5.6 GB
2025-01-05 15:09:25,921 Train INFO: eta: 1:12:13  iter: 19380  time: 0.2169 (0.2774)  data: 0.0776 (0.1404)  loss: 10.3321 (11.0182)  lr: 0.000100  max mem: 5.6 GB
2025-01-05 15:09:30,266 Train INFO: eta: 1:12:07  iter: 19400  time: 0.2167 (0.2774)  data: 0.0776 (0.1403)  loss: 10.0996 (11.0175)  lr: 0.000100  max mem: 5.6 GB
2025-01-05 15:09:34,617 Train INFO: eta: 1:12:00  iter: 19420  time: 0.2165 (0.2773)  data: 0.0772 (0.1402)  loss: 11.3203 (11.0176)  lr: 0.000100  max mem: 5.6 GB
2025-01-05 15:09:39,043 Train INFO: eta: 1:11:54  iter: 19440  time: 0.2156 (0.2773)  data: 0.0778 (0.1402)  loss: 10.1133 (11.0170)  lr: 0.000100  max mem: 5.6 GB
2025-01-05 15:09:43,321 Train INFO: eta: 1:11:47  iter: 19460  time: 0.2135 (0.2772)  data: 0.0778 (0.1401)  loss: 10.1166 (11.0161)  lr: 0.000100  max mem: 5.6 GB
2025-01-05 15:09:47,659 Train INFO: eta: 1:11:41  iter: 19480  time: 0.2164 (0.2771)  data: 0.0776 (0.1401)  loss: 11.6438 (11.0163)  lr: 0.000100  max mem: 5.6 GB
2025-01-05 15:09:51,960 Train INFO: eta: 1:11:34  iter: 19500  time: 0.2138 (0.2771)  data: 0.0776 (0.1400)  loss: 9.1380 (11.0147)  lr: 0.000100  max mem: 5.6 GB
2025-01-05 15:09:56,286 Train INFO: eta: 1:11:27  iter: 19520  time: 0.2157 (0.2770)  data: 0.0764 (0.1399)  loss: 10.1474 (11.0141)  lr: 0.000100  max mem: 5.6 GB
2025-01-05 15:10:00,586 Train INFO: eta: 1:11:21  iter: 19540  time: 0.2136 (0.2769)  data: 0.0771 (0.1399)  loss: 9.2552 (11.0124)  lr: 0.000100  max mem: 5.6 GB
2025-01-05 15:10:04,884 Train INFO: eta: 1:11:14  iter: 19560  time: 0.2146 (0.2769)  data: 0.0774 (0.1398)  loss: 10.4795 (11.0116)  lr: 0.000100  max mem: 5.6 GB
2025-01-05 15:10:09,179 Train INFO: eta: 1:11:08  iter: 19580  time: 0.2139 (0.2768)  data: 0.0772 (0.1397)  loss: 9.0222 (11.0095)  lr: 0.000100  max mem: 5.6 GB
2025-01-05 15:10:13,484 Train INFO: eta: 1:11:01  iter: 19600  time: 0.2145 (0.2767)  data: 0.0770 (0.1397)  loss: 10.0435 (11.0086)  lr: 0.000100  max mem: 5.6 GB
2025-01-05 15:10:17,777 Train INFO: eta: 1:10:55  iter: 19620  time: 0.2145 (0.2767)  data: 0.0768 (0.1396)  loss: 9.5085 (11.0074)  lr: 0.000100  max mem: 5.6 GB
2025-01-05 15:10:22,097 Train INFO: eta: 1:10:48  iter: 19640  time: 0.2150 (0.2766)  data: 0.0768 (0.1395)  loss: 9.3421 (11.0059)  lr: 0.000100  max mem: 5.6 GB
2025-01-05 15:10:26,393 Train INFO: eta: 1:10:42  iter: 19660  time: 0.2144 (0.2766)  data: 0.0766 (0.1395)  loss: 9.5430 (11.0044)  lr: 0.000100  max mem: 5.6 GB
2025-01-05 15:10:30,685 Train INFO: eta: 1:10:35  iter: 19680  time: 0.2148 (0.2765)  data: 0.0760 (0.1394)  loss: 9.2942 (11.0028)  lr: 0.000100  max mem: 5.6 GB
2025-01-05 15:10:35,032 Train INFO: eta: 1:10:29  iter: 19700  time: 0.2160 (0.2764)  data: 0.0762 (0.1393)  loss: 10.3842 (11.0019)  lr: 0.000100  max mem: 5.6 GB
2025-01-05 15:10:39,326 Train INFO: eta: 1:10:23  iter: 19720  time: 0.2139 (0.2764)  data: 0.0763 (0.1393)  loss: 8.9609 (11.0003)  lr: 0.000100  max mem: 5.6 GB
2025-01-05 15:10:43,634 Train INFO: eta: 1:10:16  iter: 19740  time: 0.2141 (0.2763)  data: 0.0762 (0.1392)  loss: 10.1055 (10.9996)  lr: 0.000100  max mem: 5.6 GB
2025-01-05 15:10:47,910 Train INFO: eta: 1:10:10  iter: 19760  time: 0.2129 (0.2762)  data: 0.0760 (0.1392)  loss: 9.1271 (10.9981)  lr: 0.000100  max mem: 5.6 GB
2025-01-05 15:10:52,221 Train INFO: eta: 1:10:03  iter: 19780  time: 0.2157 (0.2762)  data: 0.0754 (0.1391)  loss: 9.6199 (10.9969)  lr: 0.000100  max mem: 5.6 GB
2025-01-05 15:10:56,509 Train INFO: eta: 1:09:57  iter: 19800  time: 0.2126 (0.2761)  data: 0.0754 (0.1390)  loss: 9.3781 (10.9954)  lr: 0.000100  max mem: 5.6 GB
2025-01-05 15:11:00,771 Train INFO: eta: 1:09:50  iter: 19820  time: 0.2128 (0.2761)  data: 0.0757 (0.1390)  loss: 9.9750 (10.9943)  lr: 0.000100  max mem: 5.6 GB
2025-01-05 15:11:05,040 Train INFO: eta: 1:09:44  iter: 19840  time: 0.2125 (0.2760)  data: 0.0755 (0.1389)  loss: 9.4263 (10.9928)  lr: 0.000100  max mem: 5.6 GB
2025-01-05 15:11:09,575 Train INFO: eta: 1:09:37  iter: 19860  time: 0.2127 (0.2759)  data: 0.0752 (0.1388)  loss: 9.3412 (10.9913)  lr: 0.000100  max mem: 5.6 GB
2025-01-05 15:11:13,976 Train INFO: eta: 1:09:31  iter: 19880  time: 0.2195 (0.2759)  data: 0.0793 (0.1388)  loss: 10.6561 (10.9909)  lr: 0.000100  max mem: 5.6 GB
2025-01-05 15:11:18,332 Train INFO: eta: 1:09:25  iter: 19900  time: 0.2171 (0.2758)  data: 0.0799 (0.1387)  loss: 10.1910 (10.9899)  lr: 0.000100  max mem: 5.6 GB
2025-01-05 15:11:22,695 Train INFO: eta: 1:09:18  iter: 19920  time: 0.2165 (0.2758)  data: 0.0792 (0.1387)  loss: 11.1755 (10.9900)  lr: 0.000100  max mem: 5.6 GB
2025-01-05 15:11:27,068 Train INFO: eta: 1:09:12  iter: 19940  time: 0.2176 (0.2757)  data: 0.0802 (0.1386)  loss: 11.0734 (10.9904)  lr: 0.000100  max mem: 5.6 GB
2025-01-05 15:11:31,403 Train INFO: eta: 1:09:05  iter: 19960  time: 0.2171 (0.2757)  data: 0.0798 (0.1386)  loss: 11.0408 (10.9905)  lr: 0.000100  max mem: 5.6 GB
2025-01-05 15:11:35,740 Train INFO: eta: 1:08:59  iter: 19980  time: 0.2165 (0.2756)  data: 0.0798 (0.1385)  loss: 10.7740 (10.9904)  lr: 0.000100  max mem: 5.6 GB
2025-01-05 15:11:40,103 Train INFO: eta: 1:08:53  iter: 20000  time: 0.2182 (0.2755)  data: 0.0796 (0.1384)  loss: 11.6090 (10.9910)  lr: 0.000100  max mem: 5.6 GB
2025-01-05 15:11:40,504 Train INFO: Validation
2025-01-05 15:11:40,508 Train INFO: Begin extract
2025-01-05 15:12:43,949 Train INFO: Best iteration 20000: {'mean_average_precision_at_r': 0.5003287048740332, 'precision_at_1': 0.7729827113153284, 'r_precision': 0.528946562557435}
2025-01-05 15:12:48,352 Train INFO: eta: 1:09:34  iter: 20020  time: 0.2191 (0.2787)  data: 0.0797 (0.1416)  loss: 11.3850 (10.9912)  lr: 0.000100  max mem: 5.6 GB
2025-01-05 15:12:52,717 Train INFO: eta: 1:09:28  iter: 20040  time: 0.2177 (0.2786)  data: 0.0795 (0.1415)  loss: 10.3327 (10.9912)  lr: 0.000100  max mem: 5.6 GB
2025-01-05 15:12:57,056 Train INFO: eta: 1:09:21  iter: 20060  time: 0.2169 (0.2786)  data: 0.0794 (0.1414)  loss: 11.7051 (10.9919)  lr: 0.000100  max mem: 5.6 GB
2025-01-05 15:13:01,497 Train INFO: eta: 1:09:15  iter: 20080  time: 0.2157 (0.2785)  data: 0.0796 (0.1414)  loss: 10.1998 (10.9914)  lr: 0.000100  max mem: 5.6 GB
2025-01-05 15:13:05,835 Train INFO: eta: 1:09:08  iter: 20100  time: 0.2170 (0.2784)  data: 0.0796 (0.1413)  loss: 11.9803 (10.9923)  lr: 0.000100  max mem: 5.6 GB
2025-01-05 15:13:10,161 Train INFO: eta: 1:09:02  iter: 20120  time: 0.2162 (0.2784)  data: 0.0789 (0.1413)  loss: 10.3495 (10.9920)  lr: 0.000100  max mem: 5.6 GB
2025-01-05 15:13:14,500 Train INFO: eta: 1:08:55  iter: 20140  time: 0.2165 (0.2783)  data: 0.0787 (0.1412)  loss: 11.2521 (10.9923)  lr: 0.000100  max mem: 5.6 GB
2025-01-05 15:13:18,917 Train INFO: eta: 1:08:49  iter: 20160  time: 0.2198 (0.2783)  data: 0.0786 (0.1411)  loss: 10.7409 (10.9926)  lr: 0.000100  max mem: 5.6 GB
2025-01-05 15:13:23,271 Train INFO: eta: 1:08:42  iter: 20180  time: 0.2165 (0.2782)  data: 0.0788 (0.1411)  loss: 10.6386 (10.9921)  lr: 0.000100  max mem: 5.6 GB
2025-01-05 15:13:27,618 Train INFO: eta: 1:08:36  iter: 20200  time: 0.2167 (0.2781)  data: 0.0789 (0.1410)  loss: 10.8728 (10.9920)  lr: 0.000100  max mem: 5.6 GB
2025-01-05 15:13:31,959 Train INFO: eta: 1:08:29  iter: 20220  time: 0.2169 (0.2781)  data: 0.0794 (0.1409)  loss: 11.0795 (10.9922)  lr: 0.000100  max mem: 5.6 GB
2025-01-05 15:13:36,280 Train INFO: eta: 1:08:23  iter: 20240  time: 0.2150 (0.2780)  data: 0.0792 (0.1409)  loss: 10.6055 (10.9917)  lr: 0.000100  max mem: 5.6 GB
2025-01-05 15:13:40,612 Train INFO: eta: 1:08:17  iter: 20260  time: 0.2162 (0.2780)  data: 0.0792 (0.1408)  loss: 10.8069 (10.9918)  lr: 0.000100  max mem: 5.6 GB
2025-01-05 15:13:44,951 Train INFO: eta: 1:08:10  iter: 20280  time: 0.2168 (0.2779)  data: 0.0780 (0.1408)  loss: 10.6838 (10.9916)  lr: 0.000100  max mem: 5.6 GB
2025-01-05 15:13:49,312 Train INFO: eta: 1:08:04  iter: 20300  time: 0.2176 (0.2778)  data: 0.0775 (0.1407)  loss: 10.9531 (10.9918)  lr: 0.000100  max mem: 5.6 GB
2025-01-05 15:13:53,643 Train INFO: eta: 1:07:57  iter: 20320  time: 0.2163 (0.2778)  data: 0.0787 (0.1406)  loss: 10.3260 (10.9911)  lr: 0.000100  max mem: 5.6 GB
2025-01-05 15:13:57,966 Train INFO: eta: 1:07:51  iter: 20340  time: 0.2160 (0.2777)  data: 0.0787 (0.1406)  loss: 11.3142 (10.9913)  lr: 0.000100  max mem: 5.6 GB
2025-01-05 15:14:02,279 Train INFO: eta: 1:07:44  iter: 20360  time: 0.2152 (0.2777)  data: 0.0788 (0.1405)  loss: 10.0684 (10.9905)  lr: 0.000100  max mem: 5.6 GB
2025-01-05 15:14:06,631 Train INFO: eta: 1:07:38  iter: 20380  time: 0.2175 (0.2776)  data: 0.0783 (0.1405)  loss: 11.0187 (10.9906)  lr: 0.000100  max mem: 5.6 GB
2025-01-05 15:14:10,949 Train INFO: eta: 1:07:32  iter: 20400  time: 0.2153 (0.2775)  data: 0.0783 (0.1404)  loss: 10.0762 (10.9900)  lr: 0.000100  max mem: 5.6 GB
2025-01-05 15:14:15,295 Train INFO: eta: 1:07:25  iter: 20420  time: 0.2162 (0.2775)  data: 0.0784 (0.1403)  loss: 10.6930 (10.9896)  lr: 0.000100  max mem: 5.6 GB
2025-01-05 15:14:19,655 Train INFO: eta: 1:07:19  iter: 20440  time: 0.2170 (0.2774)  data: 0.0779 (0.1403)  loss: 9.9535 (10.9891)  lr: 0.000100  max mem: 5.6 GB
2025-01-05 15:14:23,987 Train INFO: eta: 1:07:12  iter: 20460  time: 0.2166 (0.2774)  data: 0.0779 (0.1402)  loss: 10.8981 (10.9892)  lr: 0.000100  max mem: 5.6 GB
2025-01-05 15:14:28,304 Train INFO: eta: 1:07:06  iter: 20480  time: 0.2154 (0.2773)  data: 0.0783 (0.1402)  loss: 10.9129 (10.9891)  lr: 0.000100  max mem: 5.6 GB
2025-01-05 15:14:32,618 Train INFO: eta: 1:06:59  iter: 20500  time: 0.2152 (0.2772)  data: 0.0778 (0.1401)  loss: 9.3680 (10.9878)  lr: 0.000100  max mem: 5.6 GB
2025-01-05 15:14:36,959 Train INFO: eta: 1:06:53  iter: 20520  time: 0.2167 (0.2772)  data: 0.0782 (0.1400)  loss: 10.3883 (10.9874)  lr: 0.000100  max mem: 5.6 GB
2025-01-05 15:14:41,277 Train INFO: eta: 1:06:47  iter: 20540  time: 0.2152 (0.2771)  data: 0.0781 (0.1400)  loss: 9.5207 (10.9861)  lr: 0.000100  max mem: 5.6 GB
2025-01-05 15:14:45,623 Train INFO: eta: 1:06:40  iter: 20560  time: 0.2171 (0.2771)  data: 0.0770 (0.1399)  loss: 11.2227 (10.9865)  lr: 0.000100  max mem: 5.6 GB
2025-01-05 15:14:49,945 Train INFO: eta: 1:06:34  iter: 20580  time: 0.2150 (0.2770)  data: 0.0779 (0.1399)  loss: 11.3993 (10.9867)  lr: 0.000100  max mem: 5.6 GB
2025-01-05 15:14:54,279 Train INFO: eta: 1:06:28  iter: 20600  time: 0.2155 (0.2769)  data: 0.0768 (0.1398)  loss: 9.5762 (10.9851)  lr: 0.000100  max mem: 5.6 GB
2025-01-05 15:14:58,585 Train INFO: eta: 1:06:21  iter: 20620  time: 0.2143 (0.2769)  data: 0.0778 (0.1397)  loss: 9.9742 (10.9842)  lr: 0.000100  max mem: 5.6 GB
2025-01-05 15:15:02,903 Train INFO: eta: 1:06:15  iter: 20640  time: 0.2141 (0.2768)  data: 0.0779 (0.1397)  loss: 9.7568 (10.9830)  lr: 0.000100  max mem: 5.6 GB
2025-01-05 15:15:07,204 Train INFO: eta: 1:06:08  iter: 20660  time: 0.2140 (0.2768)  data: 0.0776 (0.1396)  loss: 11.2760 (10.9837)  lr: 0.000100  max mem: 5.6 GB
2025-01-05 15:15:11,502 Train INFO: eta: 1:06:02  iter: 20680  time: 0.2149 (0.2767)  data: 0.0776 (0.1396)  loss: 10.0542 (10.9827)  lr: 0.000100  max mem: 5.6 GB
2025-01-05 15:15:15,789 Train INFO: eta: 1:05:56  iter: 20700  time: 0.2141 (0.2766)  data: 0.0772 (0.1395)  loss: 9.7597 (10.9816)  lr: 0.000100  max mem: 5.6 GB
2025-01-05 15:15:20,088 Train INFO: eta: 1:05:49  iter: 20720  time: 0.2149 (0.2766)  data: 0.0772 (0.1394)  loss: 9.6651 (10.9805)  lr: 0.000100  max mem: 5.6 GB
2025-01-05 15:15:24,371 Train INFO: eta: 1:05:43  iter: 20740  time: 0.2139 (0.2765)  data: 0.0771 (0.1394)  loss: 10.0718 (10.9794)  lr: 0.000100  max mem: 5.6 GB
2025-01-05 15:15:28,663 Train INFO: eta: 1:05:36  iter: 20760  time: 0.2138 (0.2765)  data: 0.0769 (0.1393)  loss: 9.9516 (10.9785)  lr: 0.000100  max mem: 5.6 GB
2025-01-05 15:15:32,930 Train INFO: eta: 1:05:30  iter: 20780  time: 0.2136 (0.2764)  data: 0.0771 (0.1393)  loss: 8.7946 (10.9769)  lr: 0.000100  max mem: 5.6 GB
2025-01-05 15:15:37,210 Train INFO: eta: 1:05:24  iter: 20800  time: 0.2140 (0.2763)  data: 0.0769 (0.1392)  loss: 9.2858 (10.9755)  lr: 0.000100  max mem: 5.6 GB
2025-01-05 15:15:41,515 Train INFO: eta: 1:05:17  iter: 20820  time: 0.2146 (0.2763)  data: 0.0765 (0.1391)  loss: 10.1533 (10.9746)  lr: 0.000100  max mem: 5.6 GB
2025-01-05 15:15:45,786 Train INFO: eta: 1:05:11  iter: 20840  time: 0.2128 (0.2762)  data: 0.0767 (0.1391)  loss: 9.7444 (10.9735)  lr: 0.000100  max mem: 5.6 GB
2025-01-05 15:15:50,057 Train INFO: eta: 1:05:04  iter: 20860  time: 0.2128 (0.2762)  data: 0.0764 (0.1390)  loss: 9.3527 (10.9718)  lr: 0.000100  max mem: 5.6 GB
2025-01-05 15:15:54,342 Train INFO: eta: 1:04:58  iter: 20880  time: 0.2141 (0.2761)  data: 0.0764 (0.1390)  loss: 9.7754 (10.9713)  lr: 0.000100  max mem: 5.6 GB
2025-01-05 15:15:58,633 Train INFO: eta: 1:04:52  iter: 20900  time: 0.2139 (0.2760)  data: 0.0760 (0.1389)  loss: 8.9752 (10.9696)  lr: 0.000100  max mem: 5.6 GB
2025-01-05 15:16:02,910 Train INFO: eta: 1:04:45  iter: 20920  time: 0.2137 (0.2760)  data: 0.0760 (0.1388)  loss: 10.5851 (10.9692)  lr: 0.000100  max mem: 5.6 GB
2025-01-05 15:16:07,214 Train INFO: eta: 1:04:39  iter: 20940  time: 0.2150 (0.2759)  data: 0.0750 (0.1388)  loss: 9.0790 (10.9675)  lr: 0.000100  max mem: 5.6 GB
2025-01-05 15:16:11,515 Train INFO: eta: 1:04:33  iter: 20960  time: 0.2144 (0.2759)  data: 0.0747 (0.1387)  loss: 9.6204 (10.9662)  lr: 0.000100  max mem: 5.6 GB
2025-01-05 15:16:15,806 Train INFO: eta: 1:04:26  iter: 20980  time: 0.2138 (0.2758)  data: 0.0744 (0.1386)  loss: 8.6902 (10.9643)  lr: 0.000100  max mem: 5.6 GB
2025-01-05 15:16:20,064 Train INFO: eta: 1:04:20  iter: 21000  time: 0.2125 (0.2758)  data: 0.0753 (0.1386)  loss: 10.3534 (10.9635)  lr: 0.000100  max mem: 5.6 GB
2025-01-05 15:16:20,442 Train INFO: Validation
2025-01-05 15:16:20,446 Train INFO: Begin extract
2025-01-05 15:17:23,768 Train INFO: Performance at iteration 021000: {'mean_average_precision_at_r': 0.4996087940148116, 'precision_at_1': 0.7730818815906912, 'r_precision': 0.5278230835439688}
2025-01-05 15:17:28,079 Train INFO: eta: 1:04:56  iter: 21020  time: 0.2143 (0.2787)  data: 0.0749 (0.1416)  loss: 8.7537 (10.9617)  lr: 0.000100  max mem: 5.6 GB
2025-01-05 15:17:32,812 Train INFO: eta: 1:04:50  iter: 21040  time: 0.2180 (0.2787)  data: 0.0786 (0.1415)  loss: 9.1339 (10.9603)  lr: 0.000100  max mem: 5.6 GB
2025-01-05 15:17:37,214 Train INFO: eta: 1:04:44  iter: 21060  time: 0.2198 (0.2786)  data: 0.0792 (0.1415)  loss: 9.4485 (10.9593)  lr: 0.000100  max mem: 5.6 GB
2025-01-05 15:17:41,619 Train INFO: eta: 1:04:37  iter: 21080  time: 0.2202 (0.2786)  data: 0.0788 (0.1414)  loss: 10.6156 (10.9590)  lr: 0.000100  max mem: 5.6 GB
2025-01-05 15:17:45,978 Train INFO: eta: 1:04:31  iter: 21100  time: 0.2179 (0.2785)  data: 0.0795 (0.1413)  loss: 10.6547 (10.9590)  lr: 0.000100  max mem: 5.6 GB
2025-01-05 15:17:50,324 Train INFO: eta: 1:04:25  iter: 21120  time: 0.2174 (0.2785)  data: 0.0789 (0.1413)  loss: 10.9041 (10.9591)  lr: 0.000100  max mem: 5.6 GB
2025-01-05 15:17:54,663 Train INFO: eta: 1:04:18  iter: 21140  time: 0.2161 (0.2784)  data: 0.0789 (0.1412)  loss: 10.4448 (10.9593)  lr: 0.000100  max mem: 5.6 GB
2025-01-05 15:17:59,024 Train INFO: eta: 1:04:12  iter: 21160  time: 0.2171 (0.2783)  data: 0.0798 (0.1412)  loss: 11.7252 (10.9600)  lr: 0.000100  max mem: 5.6 GB
2025-01-05 15:18:03,375 Train INFO: eta: 1:04:05  iter: 21180  time: 0.2163 (0.2783)  data: 0.0791 (0.1411)  loss: 11.3554 (10.9605)  lr: 0.000100  max mem: 5.6 GB
2025-01-05 15:18:07,742 Train INFO: eta: 1:03:59  iter: 21200  time: 0.2174 (0.2782)  data: 0.0786 (0.1410)  loss: 10.8785 (10.9606)  lr: 0.000100  max mem: 5.6 GB
2025-01-05 15:18:12,090 Train INFO: eta: 1:03:53  iter: 21220  time: 0.2168 (0.2782)  data: 0.0795 (0.1410)  loss: 10.7520 (10.9609)  lr: 0.000100  max mem: 5.6 GB
2025-01-05 15:18:16,453 Train INFO: eta: 1:03:46  iter: 21240  time: 0.2171 (0.2781)  data: 0.0782 (0.1409)  loss: 10.5615 (10.9609)  lr: 0.000100  max mem: 5.6 GB
2025-01-05 15:18:20,818 Train INFO: eta: 1:03:40  iter: 21260  time: 0.2172 (0.2781)  data: 0.0791 (0.1409)  loss: 10.7165 (10.9610)  lr: 0.000100  max mem: 5.6 GB
2025-01-05 15:18:25,192 Train INFO: eta: 1:03:34  iter: 21280  time: 0.2180 (0.2780)  data: 0.0786 (0.1408)  loss: 11.6416 (10.9616)  lr: 0.000100  max mem: 5.6 GB
2025-01-05 15:18:29,551 Train INFO: eta: 1:03:27  iter: 21300  time: 0.2167 (0.2779)  data: 0.0790 (0.1408)  loss: 10.6551 (10.9614)  lr: 0.000100  max mem: 5.6 GB
2025-01-05 15:18:33,905 Train INFO: eta: 1:03:21  iter: 21320  time: 0.2166 (0.2779)  data: 0.0783 (0.1407)  loss: 10.4262 (10.9609)  lr: 0.000100  max mem: 5.6 GB
2025-01-05 15:18:38,240 Train INFO: eta: 1:03:15  iter: 21340  time: 0.2162 (0.2778)  data: 0.0787 (0.1406)  loss: 10.8226 (10.9606)  lr: 0.000100  max mem: 5.6 GB
2025-01-05 15:18:42,593 Train INFO: eta: 1:03:08  iter: 21360  time: 0.2162 (0.2778)  data: 0.0788 (0.1406)  loss: 11.0149 (10.9606)  lr: 0.000100  max mem: 5.6 GB
2025-01-05 15:18:46,938 Train INFO: eta: 1:03:02  iter: 21380  time: 0.2169 (0.2777)  data: 0.0795 (0.1405)  loss: 10.7172 (10.9607)  lr: 0.000100  max mem: 5.6 GB
2025-01-05 15:18:51,278 Train INFO: eta: 1:02:56  iter: 21400  time: 0.2172 (0.2777)  data: 0.0794 (0.1405)  loss: 10.6710 (10.9605)  lr: 0.000100  max mem: 5.6 GB
2025-01-05 15:18:55,642 Train INFO: eta: 1:02:49  iter: 21420  time: 0.2175 (0.2776)  data: 0.0786 (0.1404)  loss: 11.4447 (10.9611)  lr: 0.000100  max mem: 5.6 GB
2025-01-05 15:18:59,975 Train INFO: eta: 1:02:43  iter: 21440  time: 0.2157 (0.2776)  data: 0.0791 (0.1404)  loss: 10.6122 (10.9609)  lr: 0.000100  max mem: 5.6 GB
2025-01-05 15:19:04,304 Train INFO: eta: 1:02:37  iter: 21460  time: 0.2162 (0.2775)  data: 0.0788 (0.1403)  loss: 11.1970 (10.9610)  lr: 0.000100  max mem: 5.6 GB
2025-01-05 15:19:08,632 Train INFO: eta: 1:02:30  iter: 21480  time: 0.2162 (0.2774)  data: 0.0787 (0.1402)  loss: 10.3119 (10.9607)  lr: 0.000100  max mem: 5.6 GB
2025-01-05 15:19:12,967 Train INFO: eta: 1:02:24  iter: 21500  time: 0.2162 (0.2774)  data: 0.0786 (0.1402)  loss: 10.7773 (10.9606)  lr: 0.000100  max mem: 5.6 GB
2025-01-05 15:19:17,289 Train INFO: eta: 1:02:18  iter: 21520  time: 0.2158 (0.2773)  data: 0.0791 (0.1401)  loss: 9.8688 (10.9598)  lr: 0.000100  max mem: 5.6 GB
2025-01-05 15:19:21,633 Train INFO: eta: 1:02:12  iter: 21540  time: 0.2169 (0.2773)  data: 0.0783 (0.1401)  loss: 10.6293 (10.9598)  lr: 0.000100  max mem: 5.6 GB
2025-01-05 15:19:25,990 Train INFO: eta: 1:02:05  iter: 21560  time: 0.2183 (0.2772)  data: 0.0775 (0.1400)  loss: 10.3346 (10.9592)  lr: 0.000100  max mem: 5.6 GB
2025-01-05 15:19:30,356 Train INFO: eta: 1:01:59  iter: 21580  time: 0.2188 (0.2772)  data: 0.0780 (0.1400)  loss: 10.8977 (10.9591)  lr: 0.000100  max mem: 5.6 GB
2025-01-05 15:19:34,724 Train INFO: eta: 1:01:53  iter: 21600  time: 0.2175 (0.2771)  data: 0.0775 (0.1399)  loss: 10.9155 (10.9592)  lr: 0.000100  max mem: 5.6 GB
2025-01-05 15:19:39,068 Train INFO: eta: 1:01:46  iter: 21620  time: 0.2164 (0.2771)  data: 0.0779 (0.1398)  loss: 9.4279 (10.9580)  lr: 0.000100  max mem: 5.6 GB
2025-01-05 15:19:43,388 Train INFO: eta: 1:01:40  iter: 21640  time: 0.2157 (0.2770)  data: 0.0784 (0.1398)  loss: 11.4595 (10.9583)  lr: 0.000100  max mem: 5.6 GB
2025-01-05 15:19:47,708 Train INFO: eta: 1:01:34  iter: 21660  time: 0.2161 (0.2769)  data: 0.0782 (0.1397)  loss: 10.5483 (10.9581)  lr: 0.000100  max mem: 5.6 GB
2025-01-05 15:19:52,023 Train INFO: eta: 1:01:28  iter: 21680  time: 0.2154 (0.2769)  data: 0.0781 (0.1397)  loss: 10.1291 (10.9573)  lr: 0.000100  max mem: 5.6 GB
2025-01-05 15:19:56,375 Train INFO: eta: 1:01:21  iter: 21700  time: 0.2167 (0.2768)  data: 0.0770 (0.1396)  loss: 10.6080 (10.9570)  lr: 0.000100  max mem: 5.6 GB
2025-01-05 15:20:00,703 Train INFO: eta: 1:01:15  iter: 21720  time: 0.2163 (0.2768)  data: 0.0771 (0.1395)  loss: 10.2334 (10.9564)  lr: 0.000100  max mem: 5.6 GB
2025-01-05 15:20:05,009 Train INFO: eta: 1:01:09  iter: 21740  time: 0.2151 (0.2767)  data: 0.0776 (0.1395)  loss: 9.8358 (10.9558)  lr: 0.000100  max mem: 5.6 GB
2025-01-05 15:20:09,318 Train INFO: eta: 1:01:02  iter: 21760  time: 0.2151 (0.2767)  data: 0.0779 (0.1394)  loss: 11.6279 (10.9564)  lr: 0.000100  max mem: 5.6 GB
2025-01-05 15:20:13,639 Train INFO: eta: 1:00:56  iter: 21780  time: 0.2150 (0.2766)  data: 0.0781 (0.1394)  loss: 10.0268 (10.9555)  lr: 0.000100  max mem: 5.6 GB
2025-01-05 15:20:17,953 Train INFO: eta: 1:00:50  iter: 21800  time: 0.2151 (0.2765)  data: 0.0771 (0.1393)  loss: 10.3518 (10.9550)  lr: 0.000100  max mem: 5.6 GB
2025-01-05 15:20:22,268 Train INFO: eta: 1:00:44  iter: 21820  time: 0.2157 (0.2765)  data: 0.0776 (0.1393)  loss: 10.0729 (10.9539)  lr: 0.000100  max mem: 5.6 GB
2025-01-05 15:20:26,577 Train INFO: eta: 1:00:37  iter: 21840  time: 0.2146 (0.2764)  data: 0.0773 (0.1392)  loss: 8.6727 (10.9524)  lr: 0.000100  max mem: 5.6 GB
2025-01-05 15:20:30,907 Train INFO: eta: 1:00:31  iter: 21860  time: 0.2159 (0.2764)  data: 0.0767 (0.1392)  loss: 10.8211 (10.9523)  lr: 0.000100  max mem: 5.6 GB
2025-01-05 15:20:35,253 Train INFO: eta: 1:00:25  iter: 21880  time: 0.2162 (0.2763)  data: 0.0770 (0.1391)  loss: 8.9902 (10.9507)  lr: 0.000100  max mem: 5.6 GB
2025-01-05 15:20:39,567 Train INFO: eta: 1:00:19  iter: 21900  time: 0.2150 (0.2763)  data: 0.0769 (0.1390)  loss: 9.8119 (10.9497)  lr: 0.000100  max mem: 5.6 GB
2025-01-05 15:20:43,880 Train INFO: eta: 1:00:12  iter: 21920  time: 0.2152 (0.2762)  data: 0.0770 (0.1390)  loss: 9.7464 (10.9488)  lr: 0.000100  max mem: 5.6 GB
2025-01-05 15:20:48,187 Train INFO: eta: 1:00:06  iter: 21940  time: 0.2145 (0.2762)  data: 0.0768 (0.1389)  loss: 10.7535 (10.9487)  lr: 0.000100  max mem: 5.6 GB
2025-01-05 15:20:52,584 Train INFO: eta: 1:00:00  iter: 21960  time: 0.2131 (0.2761)  data: 0.0767 (0.1389)  loss: 8.3871 (10.9465)  lr: 0.000100  max mem: 5.6 GB
2025-01-05 15:20:56,889 Train INFO: eta: 0:59:54  iter: 21980  time: 0.2151 (0.2761)  data: 0.0764 (0.1388)  loss: 9.9350 (10.9456)  lr: 0.000100  max mem: 5.6 GB
2025-01-05 15:21:01,173 Train INFO: eta: 0:59:47  iter: 22000  time: 0.2141 (0.2760)  data: 0.0763 (0.1388)  loss: 9.7140 (10.9445)  lr: 0.000100  max mem: 5.6 GB
2025-01-05 15:21:01,564 Train INFO: Validation
2025-01-05 15:21:01,568 Train INFO: Begin extract
2025-01-05 15:22:04,872 Train INFO: Performance at iteration 022000: {'mean_average_precision_at_r': 0.4923735603967378, 'precision_at_1': 0.7675448745496016, 'r_precision': 0.5212796353481786}
2025-01-05 15:22:09,208 Train INFO: eta: 1:00:19  iter: 22020  time: 0.2161 (0.2788)  data: 0.0765 (0.1416)  loss: 9.8031 (10.9434)  lr: 0.000100  max mem: 5.6 GB
2025-01-05 15:22:13,559 Train INFO: eta: 1:00:13  iter: 22040  time: 0.2172 (0.2788)  data: 0.0764 (0.1415)  loss: 9.3112 (10.9423)  lr: 0.000100  max mem: 5.6 GB
2025-01-05 15:22:17,889 Train INFO: eta: 1:00:06  iter: 22060  time: 0.2150 (0.2787)  data: 0.0760 (0.1415)  loss: 9.5023 (10.9412)  lr: 0.000100  max mem: 5.6 GB
2025-01-05 15:22:22,163 Train INFO: eta: 1:00:00  iter: 22080  time: 0.2129 (0.2787)  data: 0.0758 (0.1414)  loss: 8.8709 (10.9395)  lr: 0.000100  max mem: 5.6 GB
2025-01-05 15:22:26,485 Train INFO: eta: 0:59:54  iter: 22100  time: 0.2137 (0.2786)  data: 0.0752 (0.1414)  loss: 9.8873 (10.9386)  lr: 0.000100  max mem: 5.6 GB
2025-01-05 15:22:30,765 Train INFO: eta: 0:59:47  iter: 22120  time: 0.2130 (0.2786)  data: 0.0756 (0.1413)  loss: 8.4946 (10.9365)  lr: 0.000100  max mem: 5.6 GB
2025-01-05 15:22:35,041 Train INFO: eta: 0:59:41  iter: 22140  time: 0.2127 (0.2785)  data: 0.0755 (0.1412)  loss: 9.6917 (10.9355)  lr: 0.000100  max mem: 5.6 GB
2025-01-05 15:22:39,339 Train INFO: eta: 0:59:35  iter: 22160  time: 0.2138 (0.2784)  data: 0.0752 (0.1412)  loss: 9.6142 (10.9345)  lr: 0.000100  max mem: 5.6 GB
2025-01-05 15:22:43,624 Train INFO: eta: 0:59:28  iter: 22180  time: 0.2139 (0.2784)  data: 0.0751 (0.1411)  loss: 10.2013 (10.9339)  lr: 0.000100  max mem: 5.6 GB
2025-01-05 15:22:48,159 Train INFO: eta: 0:59:22  iter: 22200  time: 0.2121 (0.2783)  data: 0.0753 (0.1411)  loss: 8.4951 (10.9317)  lr: 0.000100  max mem: 5.6 GB
2025-01-05 15:22:52,568 Train INFO: eta: 0:59:16  iter: 22220  time: 0.2203 (0.2783)  data: 0.0791 (0.1410)  loss: 9.9043 (10.9312)  lr: 0.000100  max mem: 5.6 GB
2025-01-05 15:22:56,945 Train INFO: eta: 0:59:10  iter: 22240  time: 0.2177 (0.2782)  data: 0.0798 (0.1410)  loss: 10.8492 (10.9311)  lr: 0.000100  max mem: 5.6 GB
2025-01-05 15:23:01,322 Train INFO: eta: 0:59:03  iter: 22260  time: 0.2180 (0.2782)  data: 0.0798 (0.1409)  loss: 10.3162 (10.9308)  lr: 0.000100  max mem: 5.6 GB
2025-01-05 15:23:05,670 Train INFO: eta: 0:58:57  iter: 22280  time: 0.2167 (0.2781)  data: 0.0792 (0.1408)  loss: 11.3461 (10.9313)  lr: 0.000100  max mem: 5.6 GB
2025-01-05 15:23:10,048 Train INFO: eta: 0:58:51  iter: 22300  time: 0.2174 (0.2781)  data: 0.0796 (0.1408)  loss: 10.9159 (10.9315)  lr: 0.000100  max mem: 5.6 GB
2025-01-05 15:23:14,412 Train INFO: eta: 0:58:45  iter: 22320  time: 0.2182 (0.2780)  data: 0.0790 (0.1407)  loss: 11.5617 (10.9321)  lr: 0.000100  max mem: 5.6 GB
2025-01-05 15:23:18,759 Train INFO: eta: 0:58:38  iter: 22340  time: 0.2172 (0.2780)  data: 0.0795 (0.1407)  loss: 10.7330 (10.9322)  lr: 0.000100  max mem: 5.6 GB
2025-01-05 15:23:23,102 Train INFO: eta: 0:58:32  iter: 22360  time: 0.2164 (0.2779)  data: 0.0792 (0.1406)  loss: 11.3687 (10.9326)  lr: 0.000100  max mem: 5.6 GB
2025-01-05 15:23:27,454 Train INFO: eta: 0:58:26  iter: 22380  time: 0.2169 (0.2778)  data: 0.0789 (0.1406)  loss: 10.6712 (10.9325)  lr: 0.000100  max mem: 5.6 GB
2025-01-05 15:23:31,814 Train INFO: eta: 0:58:20  iter: 22400  time: 0.2177 (0.2778)  data: 0.0794 (0.1405)  loss: 11.2939 (10.9331)  lr: 0.000100  max mem: 5.6 GB
2025-01-05 15:23:36,168 Train INFO: eta: 0:58:13  iter: 22420  time: 0.2172 (0.2777)  data: 0.0792 (0.1405)  loss: 10.5298 (10.9329)  lr: 0.000100  max mem: 5.6 GB
2025-01-05 15:23:40,545 Train INFO: eta: 0:58:07  iter: 22440  time: 0.2189 (0.2777)  data: 0.0795 (0.1404)  loss: 11.1229 (10.9331)  lr: 0.000100  max mem: 5.6 GB
2025-01-05 15:23:44,928 Train INFO: eta: 0:58:01  iter: 22460  time: 0.2174 (0.2776)  data: 0.0793 (0.1404)  loss: 11.0282 (10.9334)  lr: 0.000100  max mem: 5.6 GB
2025-01-05 15:23:49,286 Train INFO: eta: 0:57:55  iter: 22480  time: 0.2170 (0.2776)  data: 0.0791 (0.1403)  loss: 11.2503 (10.9338)  lr: 0.000100  max mem: 5.6 GB
2025-01-05 15:23:53,643 Train INFO: eta: 0:57:49  iter: 22500  time: 0.2175 (0.2775)  data: 0.0794 (0.1402)  loss: 10.9794 (10.9337)  lr: 0.000100  max mem: 5.6 GB
2025-01-05 15:23:57,980 Train INFO: eta: 0:57:42  iter: 22520  time: 0.2167 (0.2775)  data: 0.0796 (0.1402)  loss: 10.7175 (10.9336)  lr: 0.000100  max mem: 5.6 GB
2025-01-05 15:24:02,319 Train INFO: eta: 0:57:36  iter: 22540  time: 0.2174 (0.2774)  data: 0.0792 (0.1401)  loss: 11.4839 (10.9339)  lr: 0.000100  max mem: 5.6 GB
2025-01-05 15:24:06,655 Train INFO: eta: 0:57:30  iter: 22560  time: 0.2165 (0.2774)  data: 0.0788 (0.1401)  loss: 11.5547 (10.9342)  lr: 0.000100  max mem: 5.6 GB
2025-01-05 15:24:11,128 Train INFO: eta: 0:57:24  iter: 22580  time: 0.2178 (0.2773)  data: 0.0788 (0.1400)  loss: 10.7499 (10.9340)  lr: 0.000100  max mem: 5.6 GB
2025-01-05 15:24:15,489 Train INFO: eta: 0:57:18  iter: 22600  time: 0.2169 (0.2773)  data: 0.0789 (0.1400)  loss: 10.7805 (10.9339)  lr: 0.000100  max mem: 5.6 GB
2025-01-05 15:24:19,830 Train INFO: eta: 0:57:11  iter: 22620  time: 0.2165 (0.2772)  data: 0.0789 (0.1399)  loss: 10.5254 (10.9337)  lr: 0.000100  max mem: 5.6 GB
2025-01-05 15:24:24,168 Train INFO: eta: 0:57:05  iter: 22640  time: 0.2164 (0.2772)  data: 0.0789 (0.1399)  loss: 10.1386 (10.9333)  lr: 0.000100  max mem: 5.6 GB
2025-01-05 15:24:28,519 Train INFO: eta: 0:56:59  iter: 22660  time: 0.2169 (0.2771)  data: 0.0789 (0.1398)  loss: 10.4770 (10.9329)  lr: 0.000100  max mem: 5.6 GB
2025-01-05 15:24:32,872 Train INFO: eta: 0:56:53  iter: 22680  time: 0.2176 (0.2771)  data: 0.0780 (0.1398)  loss: 10.6929 (10.9326)  lr: 0.000100  max mem: 5.6 GB
2025-01-05 15:24:37,195 Train INFO: eta: 0:56:47  iter: 22700  time: 0.2157 (0.2770)  data: 0.0787 (0.1397)  loss: 10.5047 (10.9322)  lr: 0.000100  max mem: 5.6 GB
2025-01-05 15:24:41,547 Train INFO: eta: 0:56:40  iter: 22720  time: 0.2171 (0.2770)  data: 0.0785 (0.1397)  loss: 10.2645 (10.9315)  lr: 0.000100  max mem: 5.6 GB
2025-01-05 15:24:45,885 Train INFO: eta: 0:56:34  iter: 22740  time: 0.2162 (0.2769)  data: 0.0781 (0.1396)  loss: 10.7976 (10.9316)  lr: 0.000100  max mem: 5.6 GB
2025-01-05 15:24:50,238 Train INFO: eta: 0:56:28  iter: 22760  time: 0.2168 (0.2768)  data: 0.0781 (0.1395)  loss: 10.5926 (10.9312)  lr: 0.000100  max mem: 5.6 GB
2025-01-05 15:24:54,575 Train INFO: eta: 0:56:22  iter: 22780  time: 0.2169 (0.2768)  data: 0.0787 (0.1395)  loss: 11.2660 (10.9313)  lr: 0.000100  max mem: 5.6 GB
2025-01-05 15:24:58,898 Train INFO: eta: 0:56:16  iter: 22800  time: 0.2160 (0.2767)  data: 0.0785 (0.1394)  loss: 9.6975 (10.9301)  lr: 0.000100  max mem: 5.6 GB
2025-01-05 15:25:03,238 Train INFO: eta: 0:56:10  iter: 22820  time: 0.2172 (0.2767)  data: 0.0785 (0.1394)  loss: 10.7401 (10.9300)  lr: 0.000100  max mem: 5.6 GB
2025-01-05 15:25:07,607 Train INFO: eta: 0:56:03  iter: 22840  time: 0.2177 (0.2766)  data: 0.0768 (0.1393)  loss: 10.2614 (10.9296)  lr: 0.000100  max mem: 5.6 GB
2025-01-05 15:25:11,964 Train INFO: eta: 0:55:57  iter: 22860  time: 0.2175 (0.2766)  data: 0.0770 (0.1393)  loss: 10.6580 (10.9295)  lr: 0.000100  max mem: 5.6 GB
2025-01-05 15:25:16,342 Train INFO: eta: 0:55:51  iter: 22880  time: 0.2181 (0.2765)  data: 0.0773 (0.1392)  loss: 10.3072 (10.9290)  lr: 0.000100  max mem: 5.6 GB
2025-01-05 15:25:20,709 Train INFO: eta: 0:55:45  iter: 22900  time: 0.2184 (0.2765)  data: 0.0770 (0.1392)  loss: 9.9822 (10.9283)  lr: 0.000100  max mem: 5.6 GB
2025-01-05 15:25:25,054 Train INFO: eta: 0:55:39  iter: 22920  time: 0.2169 (0.2764)  data: 0.0769 (0.1391)  loss: 9.4929 (10.9274)  lr: 0.000100  max mem: 5.6 GB
2025-01-05 15:25:29,404 Train INFO: eta: 0:55:33  iter: 22940  time: 0.2168 (0.2764)  data: 0.0768 (0.1391)  loss: 10.3123 (10.9270)  lr: 0.000100  max mem: 5.6 GB
2025-01-05 15:25:33,768 Train INFO: eta: 0:55:27  iter: 22960  time: 0.2177 (0.2763)  data: 0.0766 (0.1390)  loss: 9.6017 (10.9258)  lr: 0.000100  max mem: 5.6 GB
2025-01-05 15:25:38,154 Train INFO: eta: 0:55:20  iter: 22980  time: 0.2194 (0.2763)  data: 0.0767 (0.1389)  loss: 10.6080 (10.9254)  lr: 0.000100  max mem: 5.6 GB
2025-01-05 15:25:42,500 Train INFO: eta: 0:55:14  iter: 23000  time: 0.2172 (0.2762)  data: 0.0767 (0.1389)  loss: 9.3361 (10.9241)  lr: 0.000100  max mem: 5.6 GB
2025-01-05 15:25:42,897 Train INFO: Validation
2025-01-05 15:25:42,901 Train INFO: Begin extract
2025-01-05 15:26:45,544 Train INFO: Performance at iteration 023000: {'mean_average_precision_at_r': 0.4941711589723076, 'precision_at_1': 0.7685200489240025, 'r_precision': 0.5228854771022798}
2025-01-05 15:26:49,907 Train INFO: eta: 0:55:41  iter: 23020  time: 0.2174 (0.2789)  data: 0.0765 (0.1416)  loss: 10.4701 (10.9237)  lr: 0.000100  max mem: 5.6 GB
2025-01-05 15:26:54,267 Train INFO: eta: 0:55:35  iter: 23040  time: 0.2179 (0.2789)  data: 0.0765 (0.1415)  loss: 9.1594 (10.9224)  lr: 0.000100  max mem: 5.6 GB
2025-01-05 15:26:58,626 Train INFO: eta: 0:55:29  iter: 23060  time: 0.2173 (0.2788)  data: 0.0764 (0.1415)  loss: 10.8952 (10.9224)  lr: 0.000100  max mem: 5.6 GB
2025-01-05 15:27:02,962 Train INFO: eta: 0:55:22  iter: 23080  time: 0.2171 (0.2788)  data: 0.0766 (0.1414)  loss: 8.0525 (10.9201)  lr: 0.000100  max mem: 5.6 GB
2025-01-05 15:27:07,302 Train INFO: eta: 0:55:16  iter: 23100  time: 0.2167 (0.2787)  data: 0.0762 (0.1414)  loss: 10.7142 (10.9199)  lr: 0.000100  max mem: 5.6 GB
2025-01-05 15:27:11,624 Train INFO: eta: 0:55:10  iter: 23120  time: 0.2154 (0.2787)  data: 0.0766 (0.1413)  loss: 9.1890 (10.9185)  lr: 0.000100  max mem: 5.6 GB
2025-01-05 15:27:15,960 Train INFO: eta: 0:55:04  iter: 23140  time: 0.2165 (0.2786)  data: 0.0760 (0.1412)  loss: 8.9462 (10.9171)  lr: 0.000100  max mem: 5.6 GB
2025-01-05 15:27:20,291 Train INFO: eta: 0:54:57  iter: 23160  time: 0.2160 (0.2785)  data: 0.0756 (0.1412)  loss: 9.8548 (10.9163)  lr: 0.000100  max mem: 5.6 GB
2025-01-05 15:27:24,591 Train INFO: eta: 0:54:51  iter: 23180  time: 0.2151 (0.2785)  data: 0.0759 (0.1411)  loss: 10.0073 (10.9155)  lr: 0.000100  max mem: 5.6 GB
2025-01-05 15:27:28,864 Train INFO: eta: 0:54:45  iter: 23200  time: 0.2130 (0.2784)  data: 0.0763 (0.1411)  loss: 9.3449 (10.9141)  lr: 0.000100  max mem: 5.6 GB
2025-01-05 15:27:33,138 Train INFO: eta: 0:54:39  iter: 23220  time: 0.2131 (0.2784)  data: 0.0765 (0.1410)  loss: 9.0540 (10.9131)  lr: 0.000100  max mem: 5.6 GB
2025-01-05 15:27:37,411 Train INFO: eta: 0:54:33  iter: 23240  time: 0.2126 (0.2783)  data: 0.0761 (0.1410)  loss: 9.4013 (10.9116)  lr: 0.000100  max mem: 5.6 GB
2025-01-05 15:27:41,698 Train INFO: eta: 0:54:26  iter: 23260  time: 0.2136 (0.2783)  data: 0.0757 (0.1409)  loss: 10.0367 (10.9108)  lr: 0.000100  max mem: 5.6 GB
2025-01-05 15:27:45,987 Train INFO: eta: 0:54:20  iter: 23280  time: 0.2140 (0.2782)  data: 0.0758 (0.1409)  loss: 9.3371 (10.9096)  lr: 0.000100  max mem: 5.6 GB
2025-01-05 15:27:50,279 Train INFO: eta: 0:54:14  iter: 23300  time: 0.2138 (0.2782)  data: 0.0758 (0.1408)  loss: 8.8583 (10.9081)  lr: 0.000100  max mem: 5.6 GB
2025-01-05 15:27:54,612 Train INFO: eta: 0:54:08  iter: 23320  time: 0.2145 (0.2781)  data: 0.0748 (0.1407)  loss: 10.8601 (10.9078)  lr: 0.000100  max mem: 5.6 GB
2025-01-05 15:27:58,892 Train INFO: eta: 0:54:02  iter: 23340  time: 0.2132 (0.2780)  data: 0.0755 (0.1407)  loss: 8.5775 (10.9059)  lr: 0.000100  max mem: 5.6 GB
2025-01-05 15:28:03,168 Train INFO: eta: 0:53:55  iter: 23360  time: 0.2134 (0.2780)  data: 0.0750 (0.1406)  loss: 9.7939 (10.9051)  lr: 0.000100  max mem: 5.6 GB
2025-01-05 15:28:07,896 Train INFO: eta: 0:53:49  iter: 23380  time: 0.2181 (0.2780)  data: 0.0791 (0.1406)  loss: 9.4221 (10.9039)  lr: 0.000100  max mem: 5.6 GB
2025-01-05 15:28:12,256 Train INFO: eta: 0:53:43  iter: 23400  time: 0.2178 (0.2779)  data: 0.0799 (0.1405)  loss: 8.6075 (10.9023)  lr: 0.000100  max mem: 5.6 GB
2025-01-05 15:28:16,613 Train INFO: eta: 0:53:37  iter: 23420  time: 0.2176 (0.2779)  data: 0.0796 (0.1405)  loss: 10.6015 (10.9022)  lr: 0.000100  max mem: 5.6 GB
2025-01-05 15:28:20,962 Train INFO: eta: 0:53:31  iter: 23440  time: 0.2173 (0.2778)  data: 0.0799 (0.1404)  loss: 10.7015 (10.9020)  lr: 0.000100  max mem: 5.6 GB
2025-01-05 15:28:25,316 Train INFO: eta: 0:53:25  iter: 23460  time: 0.2169 (0.2778)  data: 0.0792 (0.1404)  loss: 11.4531 (10.9025)  lr: 0.000100  max mem: 5.6 GB
2025-01-05 15:28:29,670 Train INFO: eta: 0:53:19  iter: 23480  time: 0.2172 (0.2777)  data: 0.0797 (0.1403)  loss: 11.0223 (10.9027)  lr: 0.000100  max mem: 5.6 GB
2025-01-05 15:28:34,025 Train INFO: eta: 0:53:12  iter: 23500  time: 0.2175 (0.2777)  data: 0.0792 (0.1403)  loss: 11.4662 (10.9032)  lr: 0.000100  max mem: 5.6 GB
2025-01-05 15:28:38,382 Train INFO: eta: 0:53:06  iter: 23520  time: 0.2171 (0.2776)  data: 0.0790 (0.1402)  loss: 10.8846 (10.9032)  lr: 0.000100  max mem: 5.6 GB
2025-01-05 15:28:42,749 Train INFO: eta: 0:53:00  iter: 23540  time: 0.2180 (0.2776)  data: 0.0799 (0.1402)  loss: 11.2035 (10.9036)  lr: 0.000100  max mem: 5.6 GB
2025-01-05 15:28:47,133 Train INFO: eta: 0:52:54  iter: 23560  time: 0.2178 (0.2775)  data: 0.0795 (0.1401)  loss: 11.1745 (10.9039)  lr: 0.000100  max mem: 5.6 GB
2025-01-05 15:28:51,485 Train INFO: eta: 0:52:48  iter: 23580  time: 0.2164 (0.2774)  data: 0.0798 (0.1401)  loss: 10.8953 (10.9039)  lr: 0.000100  max mem: 5.6 GB
2025-01-05 15:28:55,862 Train INFO: eta: 0:52:42  iter: 23600  time: 0.2200 (0.2774)  data: 0.0790 (0.1400)  loss: 10.3753 (10.9036)  lr: 0.000100  max mem: 5.6 GB
2025-01-05 15:29:00,241 Train INFO: eta: 0:52:36  iter: 23620  time: 0.2187 (0.2774)  data: 0.0790 (0.1400)  loss: 10.5139 (10.9035)  lr: 0.000100  max mem: 5.6 GB
2025-01-05 15:29:04,607 Train INFO: eta: 0:52:30  iter: 23640  time: 0.2182 (0.2773)  data: 0.0791 (0.1399)  loss: 10.8819 (10.9037)  lr: 0.000100  max mem: 5.6 GB
2025-01-05 15:29:08,952 Train INFO: eta: 0:52:24  iter: 23660  time: 0.2170 (0.2772)  data: 0.0792 (0.1399)  loss: 10.4320 (10.9035)  lr: 0.000100  max mem: 5.6 GB
2025-01-05 15:29:13,297 Train INFO: eta: 0:52:17  iter: 23680  time: 0.2164 (0.2772)  data: 0.0794 (0.1398)  loss: 11.2070 (10.9038)  lr: 0.000100  max mem: 5.6 GB
2025-01-05 15:29:17,630 Train INFO: eta: 0:52:11  iter: 23700  time: 0.2169 (0.2771)  data: 0.0790 (0.1398)  loss: 10.5173 (10.9036)  lr: 0.000100  max mem: 5.6 GB
2025-01-05 15:29:21,977 Train INFO: eta: 0:52:05  iter: 23720  time: 0.2170 (0.2771)  data: 0.0790 (0.1397)  loss: 10.2115 (10.9031)  lr: 0.000100  max mem: 5.6 GB
2025-01-05 15:29:26,327 Train INFO: eta: 0:51:59  iter: 23740  time: 0.2171 (0.2770)  data: 0.0788 (0.1397)  loss: 10.7989 (10.9032)  lr: 0.000100  max mem: 5.6 GB
2025-01-05 15:29:30,669 Train INFO: eta: 0:51:53  iter: 23760  time: 0.2169 (0.2770)  data: 0.0791 (0.1396)  loss: 9.4733 (10.9022)  lr: 0.000100  max mem: 5.6 GB
2025-01-05 15:29:35,030 Train INFO: eta: 0:51:47  iter: 23780  time: 0.2175 (0.2769)  data: 0.0785 (0.1396)  loss: 11.1057 (10.9024)  lr: 0.000100  max mem: 5.6 GB
2025-01-05 15:29:39,362 Train INFO: eta: 0:51:41  iter: 23800  time: 0.2159 (0.2769)  data: 0.0790 (0.1395)  loss: 10.4168 (10.9021)  lr: 0.000100  max mem: 5.6 GB
2025-01-05 15:29:43,696 Train INFO: eta: 0:51:35  iter: 23820  time: 0.2166 (0.2768)  data: 0.0790 (0.1395)  loss: 10.7981 (10.9018)  lr: 0.000100  max mem: 5.6 GB
2025-01-05 15:29:48,029 Train INFO: eta: 0:51:29  iter: 23840  time: 0.2161 (0.2768)  data: 0.0788 (0.1394)  loss: 10.0906 (10.9010)  lr: 0.000100  max mem: 5.6 GB
2025-01-05 15:29:52,376 Train INFO: eta: 0:51:22  iter: 23860  time: 0.2163 (0.2767)  data: 0.0784 (0.1394)  loss: 10.4986 (10.9007)  lr: 0.000100  max mem: 5.6 GB
2025-01-05 15:29:56,700 Train INFO: eta: 0:51:16  iter: 23880  time: 0.2159 (0.2767)  data: 0.0787 (0.1393)  loss: 10.2153 (10.9003)  lr: 0.000100  max mem: 5.6 GB
2025-01-05 15:30:01,024 Train INFO: eta: 0:51:10  iter: 23900  time: 0.2157 (0.2766)  data: 0.0786 (0.1393)  loss: 9.8415 (10.8997)  lr: 0.000100  max mem: 5.6 GB
2025-01-05 15:30:05,337 Train INFO: eta: 0:51:04  iter: 23920  time: 0.2154 (0.2766)  data: 0.0784 (0.1392)  loss: 10.3870 (10.8993)  lr: 0.000100  max mem: 5.6 GB
2025-01-05 15:30:09,663 Train INFO: eta: 0:50:58  iter: 23940  time: 0.2162 (0.2765)  data: 0.0786 (0.1392)  loss: 9.9695 (10.8989)  lr: 0.000100  max mem: 5.6 GB
2025-01-05 15:30:13,984 Train INFO: eta: 0:50:52  iter: 23960  time: 0.2158 (0.2765)  data: 0.0784 (0.1391)  loss: 10.6061 (10.8987)  lr: 0.000100  max mem: 5.6 GB
2025-01-05 15:30:18,319 Train INFO: eta: 0:50:46  iter: 23980  time: 0.2168 (0.2764)  data: 0.0786 (0.1391)  loss: 10.2276 (10.8982)  lr: 0.000100  max mem: 5.6 GB
2025-01-05 15:30:22,659 Train INFO: eta: 0:50:40  iter: 24000  time: 0.2165 (0.2764)  data: 0.0780 (0.1390)  loss: 11.0292 (10.8985)  lr: 0.000100  max mem: 5.6 GB
2025-01-05 15:30:23,039 Train INFO: Validation
2025-01-05 15:30:23,043 Train INFO: Begin extract
2025-01-05 15:31:26,145 Train INFO: Performance at iteration 024000: {'mean_average_precision_at_r': 0.48518765785242907, 'precision_at_1': 0.7621070377838749, 'r_precision': 0.5137315401496751}
2025-01-05 15:31:30,537 Train INFO: eta: 0:51:03  iter: 24020  time: 0.2184 (0.2790)  data: 0.0770 (0.1416)  loss: 9.6334 (10.8976)  lr: 0.000100  max mem: 5.6 GB
2025-01-05 15:31:34,920 Train INFO: eta: 0:50:57  iter: 24040  time: 0.2183 (0.2789)  data: 0.0773 (0.1415)  loss: 10.5499 (10.8975)  lr: 0.000100  max mem: 5.6 GB
2025-01-05 15:31:39,255 Train INFO: eta: 0:50:51  iter: 24060  time: 0.2168 (0.2789)  data: 0.0779 (0.1415)  loss: 9.0177 (10.8964)  lr: 0.000100  max mem: 5.6 GB
2025-01-05 15:31:43,585 Train INFO: eta: 0:50:44  iter: 24080  time: 0.2161 (0.2788)  data: 0.0775 (0.1414)  loss: 9.9227 (10.8959)  lr: 0.000100  max mem: 5.6 GB
2025-01-05 15:31:47,921 Train INFO: eta: 0:50:38  iter: 24100  time: 0.2160 (0.2788)  data: 0.0776 (0.1414)  loss: 10.0882 (10.8957)  lr: 0.000100  max mem: 5.6 GB
2025-01-05 15:31:52,227 Train INFO: eta: 0:50:32  iter: 24120  time: 0.2155 (0.2787)  data: 0.0775 (0.1413)  loss: 9.1626 (10.8944)  lr: 0.000100  max mem: 5.6 GB
2025-01-05 15:31:56,562 Train INFO: eta: 0:50:26  iter: 24140  time: 0.2153 (0.2787)  data: 0.0778 (0.1413)  loss: 10.4884 (10.8941)  lr: 0.000100  max mem: 5.6 GB
2025-01-05 15:32:00,879 Train INFO: eta: 0:50:20  iter: 24160  time: 0.2153 (0.2786)  data: 0.0773 (0.1412)  loss: 10.2158 (10.8938)  lr: 0.000100  max mem: 5.6 GB
2025-01-05 15:32:05,201 Train INFO: eta: 0:50:14  iter: 24180  time: 0.2152 (0.2786)  data: 0.0772 (0.1412)  loss: 9.2764 (10.8926)  lr: 0.000100  max mem: 5.6 GB
2025-01-05 15:32:09,499 Train INFO: eta: 0:50:08  iter: 24200  time: 0.2147 (0.2785)  data: 0.0771 (0.1411)  loss: 9.7355 (10.8921)  lr: 0.000100  max mem: 5.6 GB
2025-01-05 15:32:13,803 Train INFO: eta: 0:50:01  iter: 24220  time: 0.2155 (0.2785)  data: 0.0772 (0.1411)  loss: 9.8499 (10.8911)  lr: 0.000100  max mem: 5.6 GB
2025-01-05 15:32:18,108 Train INFO: eta: 0:49:55  iter: 24240  time: 0.2151 (0.2784)  data: 0.0772 (0.1410)  loss: 9.0260 (10.8897)  lr: 0.000100  max mem: 5.6 GB
2025-01-05 15:32:22,435 Train INFO: eta: 0:49:49  iter: 24260  time: 0.2146 (0.2784)  data: 0.0770 (0.1410)  loss: 8.9555 (10.8883)  lr: 0.000100  max mem: 5.6 GB
2025-01-05 15:32:26,743 Train INFO: eta: 0:49:43  iter: 24280  time: 0.2147 (0.2783)  data: 0.0768 (0.1409)  loss: 10.9033 (10.8881)  lr: 0.000100  max mem: 5.6 GB
2025-01-05 15:32:31,049 Train INFO: eta: 0:49:37  iter: 24300  time: 0.2154 (0.2783)  data: 0.0766 (0.1409)  loss: 8.8147 (10.8863)  lr: 0.000100  max mem: 5.6 GB
2025-01-05 15:32:35,360 Train INFO: eta: 0:49:31  iter: 24320  time: 0.2149 (0.2782)  data: 0.0765 (0.1408)  loss: 10.4468 (10.8859)  lr: 0.000100  max mem: 5.6 GB
2025-01-05 15:32:39,642 Train INFO: eta: 0:49:25  iter: 24340  time: 0.2134 (0.2782)  data: 0.0765 (0.1407)  loss: 9.8011 (10.8852)  lr: 0.000100  max mem: 5.6 GB
2025-01-05 15:32:43,955 Train INFO: eta: 0:49:19  iter: 24360  time: 0.2154 (0.2781)  data: 0.0757 (0.1407)  loss: 9.2972 (10.8842)  lr: 0.000100  max mem: 5.6 GB
2025-01-05 15:32:48,238 Train INFO: eta: 0:49:12  iter: 24380  time: 0.2133 (0.2781)  data: 0.0762 (0.1406)  loss: 9.9482 (10.8836)  lr: 0.000100  max mem: 5.6 GB
2025-01-05 15:32:52,503 Train INFO: eta: 0:49:06  iter: 24400  time: 0.2129 (0.2780)  data: 0.0761 (0.1406)  loss: 8.7599 (10.8820)  lr: 0.000100  max mem: 5.6 GB
2025-01-05 15:32:56,802 Train INFO: eta: 0:49:00  iter: 24420  time: 0.2140 (0.2780)  data: 0.0761 (0.1405)  loss: 9.4975 (10.8812)  lr: 0.000100  max mem: 5.6 GB
2025-01-05 15:33:01,205 Train INFO: eta: 0:48:54  iter: 24440  time: 0.2141 (0.2779)  data: 0.0756 (0.1405)  loss: 9.6333 (10.8804)  lr: 0.000100  max mem: 5.6 GB
2025-01-05 15:33:05,489 Train INFO: eta: 0:48:48  iter: 24460  time: 0.2140 (0.2779)  data: 0.0757 (0.1404)  loss: 9.4301 (10.8791)  lr: 0.000100  max mem: 5.6 GB
2025-01-05 15:33:09,760 Train INFO: eta: 0:48:42  iter: 24480  time: 0.2131 (0.2778)  data: 0.0757 (0.1404)  loss: 10.9511 (10.8790)  lr: 0.000100  max mem: 5.6 GB
2025-01-05 15:33:14,023 Train INFO: eta: 0:48:36  iter: 24500  time: 0.2131 (0.2777)  data: 0.0756 (0.1403)  loss: 8.9789 (10.8776)  lr: 0.000100  max mem: 5.6 GB
2025-01-05 15:33:18,326 Train INFO: eta: 0:48:30  iter: 24520  time: 0.2146 (0.2777)  data: 0.0755 (0.1403)  loss: 10.0172 (10.8769)  lr: 0.000100  max mem: 5.6 GB
2025-01-05 15:33:22,862 Train INFO: eta: 0:48:24  iter: 24540  time: 0.2133 (0.2777)  data: 0.0753 (0.1402)  loss: 8.8427 (10.8753)  lr: 0.000100  max mem: 5.6 GB
2025-01-05 15:33:27,220 Train INFO: eta: 0:48:18  iter: 24560  time: 0.2175 (0.2776)  data: 0.0803 (0.1402)  loss: 8.7531 (10.8737)  lr: 0.000100  max mem: 5.6 GB
2025-01-05 15:33:31,576 Train INFO: eta: 0:48:12  iter: 24580  time: 0.2176 (0.2776)  data: 0.0798 (0.1401)  loss: 9.9171 (10.8732)  lr: 0.000100  max mem: 5.6 GB
2025-01-05 15:33:35,910 Train INFO: eta: 0:48:06  iter: 24600  time: 0.2163 (0.2775)  data: 0.0794 (0.1401)  loss: 9.9593 (10.8729)  lr: 0.000100  max mem: 5.6 GB
2025-01-05 15:33:40,235 Train INFO: eta: 0:48:00  iter: 24620  time: 0.2160 (0.2775)  data: 0.0794 (0.1400)  loss: 10.9532 (10.8732)  lr: 0.000100  max mem: 5.6 GB
2025-01-05 15:33:44,591 Train INFO: eta: 0:47:53  iter: 24640  time: 0.2176 (0.2774)  data: 0.0799 (0.1400)  loss: 10.8861 (10.8733)  lr: 0.000100  max mem: 5.6 GB
2025-01-05 15:33:48,950 Train INFO: eta: 0:47:47  iter: 24660  time: 0.2175 (0.2774)  data: 0.0795 (0.1399)  loss: 11.3829 (10.8735)  lr: 0.000100  max mem: 5.6 GB
2025-01-05 15:33:53,317 Train INFO: eta: 0:47:41  iter: 24680  time: 0.2183 (0.2773)  data: 0.0801 (0.1399)  loss: 11.5840 (10.8742)  lr: 0.000100  max mem: 5.6 GB
2025-01-05 15:33:57,680 Train INFO: eta: 0:47:35  iter: 24700  time: 0.2179 (0.2773)  data: 0.0798 (0.1398)  loss: 10.5193 (10.8740)  lr: 0.000100  max mem: 5.6 GB
2025-01-05 15:34:02,029 Train INFO: eta: 0:47:29  iter: 24720  time: 0.2173 (0.2772)  data: 0.0794 (0.1398)  loss: 11.0414 (10.8742)  lr: 0.000100  max mem: 5.6 GB
2025-01-05 15:34:06,385 Train INFO: eta: 0:47:23  iter: 24740  time: 0.2175 (0.2772)  data: 0.0795 (0.1397)  loss: 11.0278 (10.8745)  lr: 0.000100  max mem: 5.6 GB
2025-01-05 15:34:10,725 Train INFO: eta: 0:47:17  iter: 24760  time: 0.2171 (0.2771)  data: 0.0793 (0.1397)  loss: 10.6283 (10.8743)  lr: 0.000100  max mem: 5.6 GB
2025-01-05 15:34:15,074 Train INFO: eta: 0:47:11  iter: 24780  time: 0.2177 (0.2771)  data: 0.0795 (0.1396)  loss: 10.8239 (10.8745)  lr: 0.000100  max mem: 5.6 GB
2025-01-05 15:34:19,429 Train INFO: eta: 0:47:05  iter: 24800  time: 0.2181 (0.2770)  data: 0.0796 (0.1396)  loss: 10.9077 (10.8746)  lr: 0.000100  max mem: 5.6 GB
2025-01-05 15:34:23,789 Train INFO: eta: 0:46:59  iter: 24820  time: 0.2175 (0.2770)  data: 0.0793 (0.1395)  loss: 11.1601 (10.8745)  lr: 0.000100  max mem: 5.6 GB
2025-01-05 15:34:28,135 Train INFO: eta: 0:46:53  iter: 24840  time: 0.2169 (0.2769)  data: 0.0791 (0.1395)  loss: 10.4630 (10.8743)  lr: 0.000100  max mem: 5.6 GB
2025-01-05 15:34:32,470 Train INFO: eta: 0:46:47  iter: 24860  time: 0.2169 (0.2769)  data: 0.0791 (0.1394)  loss: 10.9773 (10.8743)  lr: 0.000100  max mem: 5.6 GB
2025-01-05 15:34:36,828 Train INFO: eta: 0:46:41  iter: 24880  time: 0.2176 (0.2768)  data: 0.0792 (0.1394)  loss: 11.8742 (10.8750)  lr: 0.000100  max mem: 5.6 GB
2025-01-05 15:34:41,170 Train INFO: eta: 0:46:35  iter: 24900  time: 0.2166 (0.2768)  data: 0.0789 (0.1394)  loss: 10.8204 (10.8751)  lr: 0.000100  max mem: 5.6 GB
2025-01-05 15:34:45,507 Train INFO: eta: 0:46:29  iter: 24920  time: 0.2165 (0.2767)  data: 0.0792 (0.1393)  loss: 11.0927 (10.8755)  lr: 0.000100  max mem: 5.6 GB
2025-01-05 15:34:49,842 Train INFO: eta: 0:46:23  iter: 24940  time: 0.2168 (0.2767)  data: 0.0794 (0.1393)  loss: 10.4802 (10.8751)  lr: 0.000100  max mem: 5.6 GB
2025-01-05 15:34:54,197 Train INFO: eta: 0:46:17  iter: 24960  time: 0.2172 (0.2766)  data: 0.0789 (0.1392)  loss: 10.3158 (10.8749)  lr: 0.000100  max mem: 5.6 GB
2025-01-05 15:34:58,550 Train INFO: eta: 0:46:11  iter: 24980  time: 0.2176 (0.2766)  data: 0.0785 (0.1392)  loss: 9.9573 (10.8743)  lr: 0.000100  max mem: 5.6 GB
2025-01-05 15:35:02,891 Train INFO: eta: 0:46:05  iter: 25000  time: 0.2167 (0.2765)  data: 0.0789 (0.1391)  loss: 10.2476 (10.8742)  lr: 0.000100  max mem: 5.6 GB
2025-01-05 15:35:03,299 Train INFO: Validation
2025-01-05 15:35:03,303 Train INFO: Begin extract
2025-01-05 15:36:06,942 Train INFO: Performance at iteration 025000: {'mean_average_precision_at_r': 0.48444026984266186, 'precision_at_1': 0.7629169283660044, 'r_precision': 0.5131933631235307}
2025-01-05 15:36:11,312 Train INFO: eta: 0:46:25  iter: 25020  time: 0.2176 (0.2791)  data: 0.0785 (0.1416)  loss: 12.5289 (10.8758)  lr: 0.000010  max mem: 5.6 GB
2025-01-05 15:36:15,655 Train INFO: eta: 0:46:18  iter: 25040  time: 0.2165 (0.2790)  data: 0.0783 (0.1416)  loss: 14.7977 (10.8790)  lr: 0.000010  max mem: 5.6 GB
2025-01-05 15:36:19,992 Train INFO: eta: 0:46:12  iter: 25060  time: 0.2163 (0.2790)  data: 0.0781 (0.1415)  loss: 13.2637 (10.8810)  lr: 0.000010  max mem: 5.6 GB
2025-01-05 15:36:24,302 Train INFO: eta: 0:46:06  iter: 25080  time: 0.2150 (0.2789)  data: 0.0788 (0.1415)  loss: 12.7253 (10.8826)  lr: 0.000010  max mem: 5.6 GB
2025-01-05 15:36:28,768 Train INFO: eta: 0:46:00  iter: 25100  time: 0.2155 (0.2789)  data: 0.0781 (0.1414)  loss: 12.7567 (10.8840)  lr: 0.000010  max mem: 5.6 GB
2025-01-05 15:36:33,089 Train INFO: eta: 0:45:54  iter: 25120  time: 0.2168 (0.2788)  data: 0.0779 (0.1414)  loss: 12.2634 (10.8851)  lr: 0.000010  max mem: 5.6 GB
2025-01-05 15:36:37,411 Train INFO: eta: 0:45:48  iter: 25140  time: 0.2154 (0.2788)  data: 0.0778 (0.1413)  loss: 12.3883 (10.8862)  lr: 0.000010  max mem: 5.6 GB
2025-01-05 15:36:41,699 Train INFO: eta: 0:45:42  iter: 25160  time: 0.2141 (0.2787)  data: 0.0779 (0.1413)  loss: 11.7595 (10.8871)  lr: 0.000010  max mem: 5.6 GB
2025-01-05 15:36:46,004 Train INFO: eta: 0:45:36  iter: 25180  time: 0.2142 (0.2787)  data: 0.0781 (0.1412)  loss: 11.4453 (10.8877)  lr: 0.000010  max mem: 5.6 GB
2025-01-05 15:36:50,302 Train INFO: eta: 0:45:30  iter: 25200  time: 0.2146 (0.2786)  data: 0.0779 (0.1412)  loss: 12.2240 (10.8886)  lr: 0.000010  max mem: 5.6 GB
2025-01-05 15:36:54,609 Train INFO: eta: 0:45:24  iter: 25220  time: 0.2149 (0.2786)  data: 0.0776 (0.1411)  loss: 12.2208 (10.8897)  lr: 0.000010  max mem: 5.6 GB
2025-01-05 15:36:58,918 Train INFO: eta: 0:45:18  iter: 25240  time: 0.2149 (0.2785)  data: 0.0776 (0.1411)  loss: 11.9213 (10.8904)  lr: 0.000010  max mem: 5.6 GB
2025-01-05 15:37:03,245 Train INFO: eta: 0:45:12  iter: 25260  time: 0.2149 (0.2785)  data: 0.0779 (0.1410)  loss: 12.0525 (10.8916)  lr: 0.000010  max mem: 5.6 GB
2025-01-05 15:37:07,557 Train INFO: eta: 0:45:06  iter: 25280  time: 0.2145 (0.2784)  data: 0.0774 (0.1410)  loss: 11.8407 (10.8925)  lr: 0.000010  max mem: 5.6 GB
2025-01-05 15:37:11,842 Train INFO: eta: 0:45:00  iter: 25300  time: 0.2136 (0.2784)  data: 0.0777 (0.1409)  loss: 11.7326 (10.8932)  lr: 0.000010  max mem: 5.6 GB
2025-01-05 15:37:16,140 Train INFO: eta: 0:44:54  iter: 25320  time: 0.2142 (0.2783)  data: 0.0771 (0.1409)  loss: 11.4892 (10.8938)  lr: 0.000010  max mem: 5.6 GB
2025-01-05 15:37:20,428 Train INFO: eta: 0:44:48  iter: 25340  time: 0.2137 (0.2783)  data: 0.0775 (0.1408)  loss: 11.0298 (10.8941)  lr: 0.000010  max mem: 5.6 GB
2025-01-05 15:37:24,706 Train INFO: eta: 0:44:41  iter: 25360  time: 0.2137 (0.2782)  data: 0.0770 (0.1408)  loss: 11.4107 (10.8945)  lr: 0.000010  max mem: 5.6 GB
2025-01-05 15:37:28,996 Train INFO: eta: 0:44:35  iter: 25380  time: 0.2139 (0.2782)  data: 0.0772 (0.1407)  loss: 10.1005 (10.8941)  lr: 0.000010  max mem: 5.6 GB
2025-01-05 15:37:33,286 Train INFO: eta: 0:44:29  iter: 25400  time: 0.2136 (0.2781)  data: 0.0770 (0.1407)  loss: 10.6929 (10.8942)  lr: 0.000010  max mem: 5.6 GB
2025-01-05 15:37:37,582 Train INFO: eta: 0:44:23  iter: 25420  time: 0.2143 (0.2781)  data: 0.0764 (0.1406)  loss: 10.7266 (10.8941)  lr: 0.000010  max mem: 5.6 GB
2025-01-05 15:37:41,857 Train INFO: eta: 0:44:17  iter: 25440  time: 0.2130 (0.2780)  data: 0.0769 (0.1406)  loss: 11.6626 (10.8945)  lr: 0.000010  max mem: 5.6 GB
2025-01-05 15:37:46,123 Train INFO: eta: 0:44:11  iter: 25460  time: 0.2124 (0.2780)  data: 0.0768 (0.1405)  loss: 11.0208 (10.8946)  lr: 0.000010  max mem: 5.6 GB
2025-01-05 15:37:50,396 Train INFO: eta: 0:44:05  iter: 25480  time: 0.2133 (0.2779)  data: 0.0770 (0.1405)  loss: 12.0834 (10.8957)  lr: 0.000010  max mem: 5.6 GB
2025-01-05 15:37:54,689 Train INFO: eta: 0:43:59  iter: 25500  time: 0.2142 (0.2779)  data: 0.0766 (0.1404)  loss: 12.2951 (10.8972)  lr: 0.000010  max mem: 5.6 GB
2025-01-05 15:37:58,957 Train INFO: eta: 0:43:53  iter: 25520  time: 0.2123 (0.2778)  data: 0.0766 (0.1404)  loss: 11.9945 (10.8982)  lr: 0.000010  max mem: 5.6 GB
2025-01-05 15:38:03,230 Train INFO: eta: 0:43:47  iter: 25540  time: 0.2130 (0.2778)  data: 0.0764 (0.1403)  loss: 12.0968 (10.8992)  lr: 0.000010  max mem: 5.6 GB
2025-01-05 15:38:07,516 Train INFO: eta: 0:43:41  iter: 25560  time: 0.2136 (0.2777)  data: 0.0757 (0.1403)  loss: 11.0969 (10.8994)  lr: 0.000010  max mem: 5.6 GB
2025-01-05 15:38:11,782 Train INFO: eta: 0:43:35  iter: 25580  time: 0.2128 (0.2777)  data: 0.0760 (0.1402)  loss: 10.6531 (10.8993)  lr: 0.000010  max mem: 5.6 GB
2025-01-05 15:38:16,069 Train INFO: eta: 0:43:29  iter: 25600  time: 0.2131 (0.2776)  data: 0.0755 (0.1402)  loss: 10.3141 (10.8989)  lr: 0.000010  max mem: 5.6 GB
2025-01-05 15:38:20,328 Train INFO: eta: 0:43:23  iter: 25620  time: 0.2126 (0.2776)  data: 0.0755 (0.1401)  loss: 10.3157 (10.8981)  lr: 0.000010  max mem: 5.6 GB
2025-01-05 15:38:24,596 Train INFO: eta: 0:43:17  iter: 25640  time: 0.2134 (0.2775)  data: 0.0757 (0.1401)  loss: 9.2192 (10.8972)  lr: 0.000010  max mem: 5.6 GB
2025-01-05 15:38:28,862 Train INFO: eta: 0:43:11  iter: 25660  time: 0.2132 (0.2775)  data: 0.0746 (0.1400)  loss: 9.4945 (10.8963)  lr: 0.000010  max mem: 5.6 GB
2025-01-05 15:38:33,108 Train INFO: eta: 0:43:05  iter: 25680  time: 0.2115 (0.2774)  data: 0.0754 (0.1400)  loss: 9.9736 (10.8954)  lr: 0.000010  max mem: 5.6 GB
2025-01-05 15:38:37,388 Train INFO: eta: 0:42:59  iter: 25700  time: 0.2132 (0.2774)  data: 0.0745 (0.1399)  loss: 10.0823 (10.8948)  lr: 0.000010  max mem: 5.6 GB
2025-01-05 15:38:41,985 Train INFO: eta: 0:42:53  iter: 25720  time: 0.2174 (0.2773)  data: 0.0791 (0.1399)  loss: 10.3076 (10.8944)  lr: 0.000010  max mem: 5.6 GB
2025-01-05 15:38:46,347 Train INFO: eta: 0:42:47  iter: 25740  time: 0.2178 (0.2773)  data: 0.0797 (0.1398)  loss: 10.3267 (10.8940)  lr: 0.000010  max mem: 5.6 GB
2025-01-05 15:38:50,720 Train INFO: eta: 0:42:41  iter: 25760  time: 0.2177 (0.2772)  data: 0.0792 (0.1398)  loss: 11.3466 (10.8946)  lr: 0.000010  max mem: 5.6 GB
2025-01-05 15:38:55,079 Train INFO: eta: 0:42:35  iter: 25780  time: 0.2179 (0.2772)  data: 0.0795 (0.1397)  loss: 11.8666 (10.8954)  lr: 0.000010  max mem: 5.6 GB
2025-01-05 15:38:59,560 Train INFO: eta: 0:42:29  iter: 25800  time: 0.2168 (0.2771)  data: 0.0792 (0.1397)  loss: 12.8818 (10.8969)  lr: 0.000010  max mem: 5.6 GB
2025-01-05 15:39:03,946 Train INFO: eta: 0:42:23  iter: 25820  time: 0.2179 (0.2771)  data: 0.0788 (0.1396)  loss: 12.6890 (10.8981)  lr: 0.000010  max mem: 5.6 GB
2025-01-05 15:39:08,316 Train INFO: eta: 0:42:17  iter: 25840  time: 0.2176 (0.2771)  data: 0.0792 (0.1396)  loss: 11.9662 (10.8991)  lr: 0.000010  max mem: 5.6 GB
2025-01-05 15:39:12,668 Train INFO: eta: 0:42:11  iter: 25860  time: 0.2173 (0.2770)  data: 0.0790 (0.1395)  loss: 12.5665 (10.9003)  lr: 0.000010  max mem: 5.6 GB
2025-01-05 15:39:17,012 Train INFO: eta: 0:42:05  iter: 25880  time: 0.2166 (0.2770)  data: 0.0794 (0.1395)  loss: 12.0259 (10.9013)  lr: 0.000010  max mem: 5.6 GB
2025-01-05 15:39:21,349 Train INFO: eta: 0:41:59  iter: 25900  time: 0.2160 (0.2769)  data: 0.0794 (0.1395)  loss: 12.7803 (10.9025)  lr: 0.000010  max mem: 5.6 GB
2025-01-05 15:39:25,702 Train INFO: eta: 0:41:53  iter: 25920  time: 0.2169 (0.2769)  data: 0.0792 (0.1394)  loss: 12.2288 (10.9037)  lr: 0.000010  max mem: 5.6 GB
2025-01-05 15:39:30,042 Train INFO: eta: 0:41:48  iter: 25940  time: 0.2164 (0.2768)  data: 0.0792 (0.1394)  loss: 11.8717 (10.9046)  lr: 0.000010  max mem: 5.6 GB
2025-01-05 15:39:34,361 Train INFO: eta: 0:41:42  iter: 25960  time: 0.2152 (0.2768)  data: 0.0790 (0.1393)  loss: 11.4479 (10.9054)  lr: 0.000010  max mem: 5.6 GB
2025-01-05 15:39:38,701 Train INFO: eta: 0:41:36  iter: 25980  time: 0.2158 (0.2767)  data: 0.0790 (0.1393)  loss: 10.8598 (10.9056)  lr: 0.000010  max mem: 5.6 GB
2025-01-05 15:39:43,042 Train INFO: eta: 0:41:30  iter: 26000  time: 0.2163 (0.2767)  data: 0.0789 (0.1392)  loss: 11.2097 (10.9061)  lr: 0.000010  max mem: 5.6 GB
2025-01-05 15:39:43,431 Train INFO: Validation
2025-01-05 15:39:43,435 Train INFO: Begin extract
2025-01-05 15:40:46,122 Train INFO: Best iteration 26000: {'mean_average_precision_at_r': 0.5345095162761301, 'precision_at_1': 0.7963207827840402, 'r_precision': 0.5625362258903298}
2025-01-05 15:40:50,483 Train INFO: eta: 0:41:46  iter: 26020  time: 0.2164 (0.2791)  data: 0.0786 (0.1416)  loss: 10.7840 (10.9061)  lr: 0.000010  max mem: 5.6 GB
2025-01-05 15:40:54,838 Train INFO: eta: 0:41:39  iter: 26040  time: 0.2167 (0.2790)  data: 0.0783 (0.1416)  loss: 10.7087 (10.9060)  lr: 0.000010  max mem: 5.6 GB
2025-01-05 15:40:59,205 Train INFO: eta: 0:41:33  iter: 26060  time: 0.2175 (0.2790)  data: 0.0782 (0.1415)  loss: 11.3590 (10.9062)  lr: 0.000010  max mem: 5.6 GB
2025-01-05 15:41:03,536 Train INFO: eta: 0:41:27  iter: 26080  time: 0.2161 (0.2789)  data: 0.0785 (0.1415)  loss: 10.7064 (10.9063)  lr: 0.000010  max mem: 5.6 GB
2025-01-05 15:41:07,877 Train INFO: eta: 0:41:21  iter: 26100  time: 0.2159 (0.2789)  data: 0.0786 (0.1414)  loss: 11.5599 (10.9068)  lr: 0.000010  max mem: 5.6 GB
2025-01-05 15:41:12,225 Train INFO: eta: 0:41:15  iter: 26120  time: 0.2170 (0.2788)  data: 0.0782 (0.1414)  loss: 11.0553 (10.9070)  lr: 0.000010  max mem: 5.6 GB
2025-01-05 15:41:16,538 Train INFO: eta: 0:41:09  iter: 26140  time: 0.2147 (0.2788)  data: 0.0786 (0.1413)  loss: 10.7087 (10.9069)  lr: 0.000010  max mem: 5.6 GB
2025-01-05 15:41:20,883 Train INFO: eta: 0:41:04  iter: 26160  time: 0.2162 (0.2787)  data: 0.0787 (0.1413)  loss: 10.0991 (10.9064)  lr: 0.000010  max mem: 5.6 GB
2025-01-05 15:41:25,208 Train INFO: eta: 0:40:58  iter: 26180  time: 0.2158 (0.2787)  data: 0.0782 (0.1412)  loss: 10.8812 (10.9064)  lr: 0.000010  max mem: 5.6 GB
2025-01-05 15:41:29,521 Train INFO: eta: 0:40:52  iter: 26200  time: 0.2154 (0.2786)  data: 0.0782 (0.1412)  loss: 9.6514 (10.9055)  lr: 0.000010  max mem: 5.6 GB
2025-01-05 15:41:33,845 Train INFO: eta: 0:40:46  iter: 26220  time: 0.2147 (0.2786)  data: 0.0785 (0.1411)  loss: 10.3004 (10.9049)  lr: 0.000010  max mem: 5.6 GB
2025-01-05 15:41:38,170 Train INFO: eta: 0:40:40  iter: 26240  time: 0.2151 (0.2785)  data: 0.0782 (0.1411)  loss: 10.5783 (10.9046)  lr: 0.000010  max mem: 5.6 GB
2025-01-05 15:41:42,496 Train INFO: eta: 0:40:34  iter: 26260  time: 0.2154 (0.2785)  data: 0.0781 (0.1410)  loss: 10.5223 (10.9044)  lr: 0.000010  max mem: 5.6 GB
2025-01-05 15:41:46,801 Train INFO: eta: 0:40:28  iter: 26280  time: 0.2149 (0.2784)  data: 0.0783 (0.1410)  loss: 10.6960 (10.9042)  lr: 0.000010  max mem: 5.6 GB
2025-01-05 15:41:51,109 Train INFO: eta: 0:40:22  iter: 26300  time: 0.2148 (0.2784)  data: 0.0784 (0.1409)  loss: 10.7954 (10.9041)  lr: 0.000010  max mem: 5.6 GB
2025-01-05 15:41:55,416 Train INFO: eta: 0:40:16  iter: 26320  time: 0.2147 (0.2784)  data: 0.0781 (0.1409)  loss: 10.0116 (10.9038)  lr: 0.000010  max mem: 5.6 GB
2025-01-05 15:41:59,735 Train INFO: eta: 0:40:10  iter: 26340  time: 0.2158 (0.2783)  data: 0.0778 (0.1408)  loss: 10.3627 (10.9036)  lr: 0.000010  max mem: 5.6 GB
2025-01-05 15:42:04,051 Train INFO: eta: 0:40:04  iter: 26360  time: 0.2142 (0.2783)  data: 0.0776 (0.1408)  loss: 9.8116 (10.9029)  lr: 0.000010  max mem: 5.6 GB
2025-01-05 15:42:08,381 Train INFO: eta: 0:39:58  iter: 26380  time: 0.2154 (0.2782)  data: 0.0772 (0.1407)  loss: 10.2235 (10.9025)  lr: 0.000010  max mem: 5.6 GB
2025-01-05 15:42:12,746 Train INFO: eta: 0:39:52  iter: 26400  time: 0.2168 (0.2782)  data: 0.0771 (0.1407)  loss: 10.2772 (10.9022)  lr: 0.000010  max mem: 5.6 GB
2025-01-05 15:42:17,067 Train INFO: eta: 0:39:46  iter: 26420  time: 0.2157 (0.2781)  data: 0.0777 (0.1406)  loss: 10.5116 (10.9018)  lr: 0.000010  max mem: 5.6 GB
2025-01-05 15:42:21,364 Train INFO: eta: 0:39:40  iter: 26440  time: 0.2146 (0.2781)  data: 0.0778 (0.1406)  loss: 10.0860 (10.9014)  lr: 0.000010  max mem: 5.6 GB
2025-01-05 15:42:25,669 Train INFO: eta: 0:39:34  iter: 26460  time: 0.2146 (0.2780)  data: 0.0775 (0.1405)  loss: 10.1379 (10.9010)  lr: 0.000010  max mem: 5.6 GB
2025-01-05 15:42:29,981 Train INFO: eta: 0:39:28  iter: 26480  time: 0.2147 (0.2780)  data: 0.0774 (0.1405)  loss: 9.6817 (10.9005)  lr: 0.000010  max mem: 5.6 GB
2025-01-05 15:42:34,318 Train INFO: eta: 0:39:22  iter: 26500  time: 0.2163 (0.2779)  data: 0.0769 (0.1405)  loss: 9.8208 (10.8999)  lr: 0.000010  max mem: 5.6 GB
2025-01-05 15:42:38,642 Train INFO: eta: 0:39:16  iter: 26520  time: 0.2148 (0.2779)  data: 0.0772 (0.1404)  loss: 9.0350 (10.8988)  lr: 0.000010  max mem: 5.6 GB
2025-01-05 15:42:42,929 Train INFO: eta: 0:39:10  iter: 26540  time: 0.2137 (0.2778)  data: 0.0771 (0.1404)  loss: 10.0138 (10.8981)  lr: 0.000010  max mem: 5.6 GB
2025-01-05 15:42:47,237 Train INFO: eta: 0:39:04  iter: 26560  time: 0.2152 (0.2778)  data: 0.0768 (0.1403)  loss: 9.7959 (10.8973)  lr: 0.000010  max mem: 5.6 GB
2025-01-05 15:42:51,522 Train INFO: eta: 0:38:58  iter: 26580  time: 0.2143 (0.2777)  data: 0.0770 (0.1403)  loss: 9.7081 (10.8966)  lr: 0.000010  max mem: 5.6 GB
2025-01-05 15:42:55,805 Train INFO: eta: 0:38:52  iter: 26600  time: 0.2137 (0.2777)  data: 0.0771 (0.1402)  loss: 9.6378 (10.8956)  lr: 0.000010  max mem: 5.6 GB
2025-01-05 15:43:00,135 Train INFO: eta: 0:38:46  iter: 26620  time: 0.2149 (0.2776)  data: 0.0762 (0.1402)  loss: 9.8262 (10.8949)  lr: 0.000010  max mem: 5.6 GB
2025-01-05 15:43:04,448 Train INFO: eta: 0:38:40  iter: 26640  time: 0.2142 (0.2776)  data: 0.0761 (0.1401)  loss: 9.5053 (10.8940)  lr: 0.000010  max mem: 5.6 GB
2025-01-05 15:43:08,738 Train INFO: eta: 0:38:34  iter: 26660  time: 0.2135 (0.2776)  data: 0.0763 (0.1401)  loss: 9.4400 (10.8931)  lr: 0.000010  max mem: 5.6 GB
2025-01-05 15:43:13,012 Train INFO: eta: 0:38:28  iter: 26680  time: 0.2131 (0.2775)  data: 0.0764 (0.1400)  loss: 9.9984 (10.8924)  lr: 0.000010  max mem: 5.6 GB
2025-01-05 15:43:17,300 Train INFO: eta: 0:38:22  iter: 26700  time: 0.2131 (0.2775)  data: 0.0761 (0.1400)  loss: 10.4069 (10.8919)  lr: 0.000010  max mem: 5.6 GB
2025-01-05 15:43:21,630 Train INFO: eta: 0:38:16  iter: 26720  time: 0.2167 (0.2774)  data: 0.0750 (0.1399)  loss: 10.0032 (10.8911)  lr: 0.000010  max mem: 5.6 GB
2025-01-05 15:43:25,894 Train INFO: eta: 0:38:11  iter: 26740  time: 0.2129 (0.2774)  data: 0.0758 (0.1399)  loss: 10.1285 (10.8905)  lr: 0.000010  max mem: 5.6 GB
2025-01-05 15:43:30,155 Train INFO: eta: 0:38:05  iter: 26760  time: 0.2124 (0.2773)  data: 0.0759 (0.1398)  loss: 9.4077 (10.8896)  lr: 0.000010  max mem: 5.6 GB
2025-01-05 15:43:34,412 Train INFO: eta: 0:37:59  iter: 26780  time: 0.2124 (0.2773)  data: 0.0759 (0.1398)  loss: 9.7301 (10.8885)  lr: 0.000010  max mem: 5.6 GB
2025-01-05 15:43:38,692 Train INFO: eta: 0:37:53  iter: 26800  time: 0.2135 (0.2772)  data: 0.0752 (0.1397)  loss: 8.9231 (10.8874)  lr: 0.000010  max mem: 5.6 GB
2025-01-05 15:43:42,982 Train INFO: eta: 0:37:47  iter: 26820  time: 0.2137 (0.2772)  data: 0.0746 (0.1397)  loss: 8.9358 (10.8860)  lr: 0.000010  max mem: 5.6 GB
2025-01-05 15:43:47,267 Train INFO: eta: 0:37:41  iter: 26840  time: 0.2120 (0.2771)  data: 0.0754 (0.1396)  loss: 8.8571 (10.8848)  lr: 0.000010  max mem: 5.6 GB
2025-01-05 15:43:51,536 Train INFO: eta: 0:37:35  iter: 26860  time: 0.2136 (0.2771)  data: 0.0753 (0.1396)  loss: 9.6801 (10.8839)  lr: 0.000010  max mem: 5.6 GB
2025-01-05 15:43:56,195 Train INFO: eta: 0:37:29  iter: 26880  time: 0.2135 (0.2770)  data: 0.0751 (0.1396)  loss: 8.6854 (10.8826)  lr: 0.000010  max mem: 5.6 GB
2025-01-05 15:44:00,556 Train INFO: eta: 0:37:23  iter: 26900  time: 0.2174 (0.2770)  data: 0.0798 (0.1395)  loss: 9.3915 (10.8816)  lr: 0.000010  max mem: 5.6 GB
2025-01-05 15:44:04,897 Train INFO: eta: 0:37:17  iter: 26920  time: 0.2168 (0.2770)  data: 0.0798 (0.1395)  loss: 9.7016 (10.8812)  lr: 0.000010  max mem: 5.6 GB
2025-01-05 15:44:09,235 Train INFO: eta: 0:37:11  iter: 26940  time: 0.2164 (0.2769)  data: 0.0801 (0.1394)  loss: 10.7442 (10.8811)  lr: 0.000010  max mem: 5.6 GB
2025-01-05 15:44:13,593 Train INFO: eta: 0:37:06  iter: 26960  time: 0.2167 (0.2769)  data: 0.0793 (0.1394)  loss: 10.3935 (10.8809)  lr: 0.000010  max mem: 5.6 GB
2025-01-05 15:44:17,960 Train INFO: eta: 0:37:00  iter: 26980  time: 0.2175 (0.2768)  data: 0.0800 (0.1393)  loss: 10.0996 (10.8806)  lr: 0.000010  max mem: 5.6 GB
2025-01-05 15:44:22,333 Train INFO: eta: 0:36:54  iter: 27000  time: 0.2179 (0.2768)  data: 0.0787 (0.1393)  loss: 10.5118 (10.8803)  lr: 0.000010  max mem: 5.6 GB
2025-01-05 15:44:22,708 Train INFO: Validation
2025-01-05 15:44:22,711 Train INFO: Begin extract
2025-01-05 15:45:24,038 Train INFO: Performance at iteration 027000: {'mean_average_precision_at_r': 0.5343701665760798, 'precision_at_1': 0.7948828137912797, 'r_precision': 0.5625303199164394}
2025-01-05 15:45:28,461 Train INFO: eta: 0:37:06  iter: 27020  time: 0.2210 (0.2790)  data: 0.0787 (0.1415)  loss: 10.3197 (10.8800)  lr: 0.000010  max mem: 5.6 GB
2025-01-05 15:45:32,898 Train INFO: eta: 0:37:00  iter: 27040  time: 0.2218 (0.2790)  data: 0.0783 (0.1415)  loss: 10.9253 (10.8801)  lr: 0.000010  max mem: 5.6 GB
2025-01-05 15:45:37,287 Train INFO: eta: 0:36:54  iter: 27060  time: 0.2180 (0.2789)  data: 0.0793 (0.1414)  loss: 10.3686 (10.8799)  lr: 0.000010  max mem: 5.6 GB
2025-01-05 15:45:41,685 Train INFO: eta: 0:36:48  iter: 27080  time: 0.2195 (0.2789)  data: 0.0790 (0.1414)  loss: 10.9210 (10.8802)  lr: 0.000010  max mem: 5.6 GB
2025-01-05 15:45:46,040 Train INFO: eta: 0:36:42  iter: 27100  time: 0.2176 (0.2788)  data: 0.0790 (0.1413)  loss: 10.3677 (10.8799)  lr: 0.000010  max mem: 5.6 GB
2025-01-05 15:45:50,421 Train INFO: eta: 0:36:36  iter: 27120  time: 0.2183 (0.2788)  data: 0.0788 (0.1413)  loss: 10.1797 (10.8795)  lr: 0.000010  max mem: 5.6 GB
2025-01-05 15:45:54,791 Train INFO: eta: 0:36:31  iter: 27140  time: 0.2182 (0.2788)  data: 0.0783 (0.1412)  loss: 10.1032 (10.8790)  lr: 0.000010  max mem: 5.6 GB
2025-01-05 15:45:59,166 Train INFO: eta: 0:36:25  iter: 27160  time: 0.2181 (0.2787)  data: 0.0781 (0.1412)  loss: 9.9814 (10.8781)  lr: 0.000010  max mem: 5.6 GB
2025-01-05 15:46:03,534 Train INFO: eta: 0:36:19  iter: 27180  time: 0.2181 (0.2787)  data: 0.0780 (0.1412)  loss: 10.0523 (10.8774)  lr: 0.000010  max mem: 5.6 GB
2025-01-05 15:46:07,886 Train INFO: eta: 0:36:13  iter: 27200  time: 0.2169 (0.2786)  data: 0.0794 (0.1411)  loss: 9.9599 (10.8771)  lr: 0.000010  max mem: 5.6 GB
2025-01-05 15:46:12,314 Train INFO: eta: 0:36:07  iter: 27220  time: 0.2208 (0.2786)  data: 0.0773 (0.1411)  loss: 10.8889 (10.8769)  lr: 0.000010  max mem: 5.6 GB
2025-01-05 15:46:16,753 Train INFO: eta: 0:36:01  iter: 27240  time: 0.2201 (0.2785)  data: 0.0766 (0.1410)  loss: 10.2092 (10.8763)  lr: 0.000010  max mem: 5.6 GB
2025-01-05 15:46:21,194 Train INFO: eta: 0:35:55  iter: 27260  time: 0.2215 (0.2785)  data: 0.0765 (0.1410)  loss: 10.6149 (10.8760)  lr: 0.000010  max mem: 5.6 GB
2025-01-05 15:46:25,562 Train INFO: eta: 0:35:49  iter: 27280  time: 0.2176 (0.2785)  data: 0.0780 (0.1409)  loss: 10.1455 (10.8756)  lr: 0.000010  max mem: 5.6 GB
2025-01-05 15:46:29,953 Train INFO: eta: 0:35:43  iter: 27300  time: 0.2187 (0.2784)  data: 0.0776 (0.1409)  loss: 10.7637 (10.8753)  lr: 0.000010  max mem: 5.6 GB
2025-01-05 15:46:34,324 Train INFO: eta: 0:35:37  iter: 27320  time: 0.2184 (0.2784)  data: 0.0774 (0.1408)  loss: 9.9964 (10.8748)  lr: 0.000010  max mem: 5.6 GB
2025-01-05 15:46:38,677 Train INFO: eta: 0:35:31  iter: 27340  time: 0.2173 (0.2783)  data: 0.0780 (0.1408)  loss: 10.6650 (10.8748)  lr: 0.000010  max mem: 5.6 GB
2025-01-05 15:46:43,010 Train INFO: eta: 0:35:26  iter: 27360  time: 0.2162 (0.2783)  data: 0.0787 (0.1407)  loss: 10.3031 (10.8743)  lr: 0.000010  max mem: 5.6 GB
2025-01-05 15:46:47,356 Train INFO: eta: 0:35:20  iter: 27380  time: 0.2175 (0.2782)  data: 0.0786 (0.1407)  loss: 9.7526 (10.8736)  lr: 0.000010  max mem: 5.6 GB
2025-01-05 15:46:51,699 Train INFO: eta: 0:35:14  iter: 27400  time: 0.2167 (0.2782)  data: 0.0785 (0.1406)  loss: 9.8092 (10.8731)  lr: 0.000010  max mem: 5.6 GB
2025-01-05 15:46:56,035 Train INFO: eta: 0:35:08  iter: 27420  time: 0.2159 (0.2781)  data: 0.0783 (0.1406)  loss: 8.9861 (10.8719)  lr: 0.000010  max mem: 5.6 GB
2025-01-05 15:47:00,360 Train INFO: eta: 0:35:02  iter: 27440  time: 0.2160 (0.2781)  data: 0.0783 (0.1406)  loss: 9.6476 (10.8711)  lr: 0.000010  max mem: 5.6 GB
2025-01-05 15:47:04,705 Train INFO: eta: 0:34:56  iter: 27460  time: 0.2163 (0.2781)  data: 0.0783 (0.1405)  loss: 9.4231 (10.8701)  lr: 0.000010  max mem: 5.6 GB
2025-01-05 15:47:09,197 Train INFO: eta: 0:34:50  iter: 27480  time: 0.2171 (0.2780)  data: 0.0773 (0.1405)  loss: 10.1328 (10.8696)  lr: 0.000010  max mem: 5.6 GB
2025-01-05 15:47:13,546 Train INFO: eta: 0:34:44  iter: 27500  time: 0.2170 (0.2780)  data: 0.0772 (0.1404)  loss: 9.1001 (10.8684)  lr: 0.000010  max mem: 5.6 GB
2025-01-05 15:47:17,878 Train INFO: eta: 0:34:38  iter: 27520  time: 0.2161 (0.2779)  data: 0.0769 (0.1404)  loss: 9.5535 (10.8677)  lr: 0.000010  max mem: 5.6 GB
2025-01-05 15:47:22,224 Train INFO: eta: 0:34:33  iter: 27540  time: 0.2171 (0.2779)  data: 0.0773 (0.1403)  loss: 9.3728 (10.8667)  lr: 0.000010  max mem: 5.6 GB
2025-01-05 15:47:26,553 Train INFO: eta: 0:34:27  iter: 27560  time: 0.2167 (0.2778)  data: 0.0770 (0.1403)  loss: 9.1034 (10.8656)  lr: 0.000010  max mem: 5.6 GB
2025-01-05 15:47:30,922 Train INFO: eta: 0:34:21  iter: 27580  time: 0.2182 (0.2778)  data: 0.0767 (0.1402)  loss: 8.9501 (10.8644)  lr: 0.000010  max mem: 5.6 GB
2025-01-05 15:47:35,288 Train INFO: eta: 0:34:15  iter: 27600  time: 0.2185 (0.2778)  data: 0.0768 (0.1402)  loss: 9.6636 (10.8636)  lr: 0.000010  max mem: 5.6 GB
2025-01-05 15:47:39,673 Train INFO: eta: 0:34:09  iter: 27620  time: 0.2189 (0.2777)  data: 0.0770 (0.1401)  loss: 9.4786 (10.8629)  lr: 0.000010  max mem: 5.6 GB
2025-01-05 15:47:44,029 Train INFO: eta: 0:34:03  iter: 27640  time: 0.2176 (0.2777)  data: 0.0768 (0.1401)  loss: 9.4951 (10.8621)  lr: 0.000010  max mem: 5.6 GB
2025-01-05 15:47:48,380 Train INFO: eta: 0:33:57  iter: 27660  time: 0.2172 (0.2776)  data: 0.0763 (0.1401)  loss: 9.2340 (10.8612)  lr: 0.000010  max mem: 5.6 GB
2025-01-05 15:47:52,743 Train INFO: eta: 0:33:51  iter: 27680  time: 0.2178 (0.2776)  data: 0.0762 (0.1400)  loss: 9.5248 (10.8603)  lr: 0.000010  max mem: 5.6 GB
2025-01-05 15:47:57,093 Train INFO: eta: 0:33:46  iter: 27700  time: 0.2173 (0.2775)  data: 0.0763 (0.1400)  loss: 9.6274 (10.8595)  lr: 0.000010  max mem: 5.6 GB
2025-01-05 15:48:01,443 Train INFO: eta: 0:33:40  iter: 27720  time: 0.2171 (0.2775)  data: 0.0759 (0.1399)  loss: 9.5867 (10.8585)  lr: 0.000010  max mem: 5.6 GB
2025-01-05 15:48:05,803 Train INFO: eta: 0:33:34  iter: 27740  time: 0.2176 (0.2775)  data: 0.0761 (0.1399)  loss: 9.8613 (10.8578)  lr: 0.000010  max mem: 5.6 GB
2025-01-05 15:48:10,142 Train INFO: eta: 0:33:28  iter: 27760  time: 0.2170 (0.2774)  data: 0.0759 (0.1398)  loss: 9.0815 (10.8567)  lr: 0.000010  max mem: 5.6 GB
2025-01-05 15:48:14,503 Train INFO: eta: 0:33:22  iter: 27780  time: 0.2167 (0.2774)  data: 0.0755 (0.1398)  loss: 9.3571 (10.8555)  lr: 0.000010  max mem: 5.6 GB
2025-01-05 15:48:18,846 Train INFO: eta: 0:33:16  iter: 27800  time: 0.2164 (0.2773)  data: 0.0756 (0.1397)  loss: 9.6701 (10.8546)  lr: 0.000010  max mem: 5.6 GB
2025-01-05 15:48:23,191 Train INFO: eta: 0:33:10  iter: 27820  time: 0.2160 (0.2773)  data: 0.0754 (0.1397)  loss: 9.8460 (10.8541)  lr: 0.000010  max mem: 5.6 GB
2025-01-05 15:48:27,521 Train INFO: eta: 0:33:05  iter: 27840  time: 0.2161 (0.2772)  data: 0.0753 (0.1396)  loss: 9.8735 (10.8535)  lr: 0.000010  max mem: 5.6 GB
2025-01-05 15:48:31,842 Train INFO: eta: 0:32:59  iter: 27860  time: 0.2159 (0.2772)  data: 0.0751 (0.1396)  loss: 10.0671 (10.8530)  lr: 0.000010  max mem: 5.6 GB
2025-01-05 15:48:36,175 Train INFO: eta: 0:32:53  iter: 27880  time: 0.2164 (0.2772)  data: 0.0751 (0.1395)  loss: 9.3760 (10.8520)  lr: 0.000010  max mem: 5.6 GB
2025-01-05 15:48:40,492 Train INFO: eta: 0:32:47  iter: 27900  time: 0.2157 (0.2771)  data: 0.0753 (0.1395)  loss: 9.8752 (10.8515)  lr: 0.000010  max mem: 5.6 GB
2025-01-05 15:48:44,813 Train INFO: eta: 0:32:41  iter: 27920  time: 0.2158 (0.2771)  data: 0.0750 (0.1395)  loss: 10.5245 (10.8514)  lr: 0.000010  max mem: 5.6 GB
2025-01-05 15:48:49,130 Train INFO: eta: 0:32:35  iter: 27940  time: 0.2155 (0.2770)  data: 0.0745 (0.1394)  loss: 8.5245 (10.8502)  lr: 0.000010  max mem: 5.6 GB
2025-01-05 15:48:53,447 Train INFO: eta: 0:32:29  iter: 27960  time: 0.2154 (0.2770)  data: 0.0745 (0.1394)  loss: 9.1786 (10.8492)  lr: 0.000010  max mem: 5.6 GB
2025-01-05 15:48:57,754 Train INFO: eta: 0:32:24  iter: 27980  time: 0.2155 (0.2769)  data: 0.0743 (0.1393)  loss: 8.8969 (10.8481)  lr: 0.000010  max mem: 5.6 GB
2025-01-05 15:49:02,066 Train INFO: eta: 0:32:18  iter: 28000  time: 0.2153 (0.2769)  data: 0.0744 (0.1393)  loss: 9.2700 (10.8469)  lr: 0.000010  max mem: 5.6 GB
2025-01-05 15:49:02,489 Train INFO: Validation
2025-01-05 15:49:02,494 Train INFO: Begin extract
2025-01-05 15:50:03,499 Train INFO: Performance at iteration 028000: {'mean_average_precision_at_r': 0.5277953467829379, 'precision_at_1': 0.7910482298105848, 'r_precision': 0.5557970290941928}
2025-01-05 15:50:07,818 Train INFO: eta: 0:32:27  iter: 28020  time: 0.2148 (0.2790)  data: 0.0748 (0.1414)  loss: 8.5044 (10.8455)  lr: 0.000010  max mem: 5.6 GB
2025-01-05 15:50:12,099 Train INFO: eta: 0:32:21  iter: 28040  time: 0.2136 (0.2790)  data: 0.0745 (0.1414)  loss: 8.8649 (10.8442)  lr: 0.000010  max mem: 5.6 GB
2025-01-05 15:50:16,783 Train INFO: eta: 0:32:15  iter: 28060  time: 0.2175 (0.2790)  data: 0.0785 (0.1413)  loss: 9.4677 (10.8433)  lr: 0.000010  max mem: 5.6 GB
2025-01-05 15:50:21,170 Train INFO: eta: 0:32:10  iter: 28080  time: 0.2190 (0.2789)  data: 0.0789 (0.1413)  loss: 9.2020 (10.8422)  lr: 0.000010  max mem: 5.6 GB
2025-01-05 15:50:25,556 Train INFO: eta: 0:32:04  iter: 28100  time: 0.2195 (0.2789)  data: 0.0789 (0.1412)  loss: 9.9974 (10.8420)  lr: 0.000010  max mem: 5.6 GB
2025-01-05 15:50:29,951 Train INFO: eta: 0:31:58  iter: 28120  time: 0.2195 (0.2788)  data: 0.0795 (0.1412)  loss: 11.1611 (10.8419)  lr: 0.000010  max mem: 5.6 GB
2025-01-05 15:50:34,524 Train INFO: eta: 0:31:52  iter: 28140  time: 0.2180 (0.2788)  data: 0.0785 (0.1412)  loss: 9.7771 (10.8414)  lr: 0.000010  max mem: 5.6 GB
2025-01-05 15:50:38,862 Train INFO: eta: 0:31:46  iter: 28160  time: 0.2167 (0.2788)  data: 0.0798 (0.1411)  loss: 9.3305 (10.8404)  lr: 0.000010  max mem: 5.6 GB
2025-01-05 15:50:43,185 Train INFO: eta: 0:31:40  iter: 28180  time: 0.2159 (0.2787)  data: 0.0790 (0.1411)  loss: 10.6755 (10.8404)  lr: 0.000010  max mem: 5.6 GB
2025-01-05 15:50:47,512 Train INFO: eta: 0:31:34  iter: 28200  time: 0.2166 (0.2787)  data: 0.0790 (0.1410)  loss: 9.7861 (10.8399)  lr: 0.000010  max mem: 5.6 GB
2025-01-05 15:50:51,843 Train INFO: eta: 0:31:29  iter: 28220  time: 0.2165 (0.2786)  data: 0.0793 (0.1410)  loss: 10.3707 (10.8397)  lr: 0.000010  max mem: 5.6 GB
2025-01-05 15:50:56,164 Train INFO: eta: 0:31:23  iter: 28240  time: 0.2159 (0.2786)  data: 0.0795 (0.1409)  loss: 9.9229 (10.8393)  lr: 0.000010  max mem: 5.6 GB
2025-01-05 15:51:00,474 Train INFO: eta: 0:31:17  iter: 28260  time: 0.2148 (0.2785)  data: 0.0792 (0.1409)  loss: 9.8804 (10.8388)  lr: 0.000010  max mem: 5.6 GB
2025-01-05 15:51:04,780 Train INFO: eta: 0:31:11  iter: 28280  time: 0.2152 (0.2785)  data: 0.0787 (0.1408)  loss: 10.8900 (10.8387)  lr: 0.000010  max mem: 5.6 GB
2025-01-05 15:51:09,115 Train INFO: eta: 0:31:05  iter: 28300  time: 0.2153 (0.2784)  data: 0.0793 (0.1408)  loss: 10.1992 (10.8383)  lr: 0.000010  max mem: 5.6 GB
2025-01-05 15:51:13,439 Train INFO: eta: 0:30:59  iter: 28320  time: 0.2156 (0.2784)  data: 0.0794 (0.1408)  loss: 10.3873 (10.8378)  lr: 0.000010  max mem: 5.6 GB
2025-01-05 15:51:17,772 Train INFO: eta: 0:30:53  iter: 28340  time: 0.2161 (0.2784)  data: 0.0786 (0.1407)  loss: 10.4840 (10.8375)  lr: 0.000010  max mem: 5.6 GB
2025-01-05 15:51:22,117 Train INFO: eta: 0:30:47  iter: 28360  time: 0.2169 (0.2783)  data: 0.0783 (0.1407)  loss: 10.5891 (10.8373)  lr: 0.000010  max mem: 5.6 GB
2025-01-05 15:51:26,475 Train INFO: eta: 0:30:42  iter: 28380  time: 0.2180 (0.2783)  data: 0.0788 (0.1406)  loss: 9.9661 (10.8368)  lr: 0.000010  max mem: 5.6 GB
2025-01-05 15:51:30,835 Train INFO: eta: 0:30:36  iter: 28400  time: 0.2178 (0.2782)  data: 0.0786 (0.1406)  loss: 9.6421 (10.8362)  lr: 0.000010  max mem: 5.6 GB
2025-01-05 15:51:35,198 Train INFO: eta: 0:30:30  iter: 28420  time: 0.2180 (0.2782)  data: 0.0780 (0.1405)  loss: 10.0581 (10.8357)  lr: 0.000010  max mem: 5.6 GB
2025-01-05 15:51:39,510 Train INFO: eta: 0:30:24  iter: 28440  time: 0.2151 (0.2781)  data: 0.0788 (0.1405)  loss: 11.0679 (10.8357)  lr: 0.000010  max mem: 5.6 GB
2025-01-05 15:51:43,829 Train INFO: eta: 0:30:18  iter: 28460  time: 0.2158 (0.2781)  data: 0.0785 (0.1405)  loss: 10.2586 (10.8354)  lr: 0.000010  max mem: 5.6 GB
2025-01-05 15:51:48,149 Train INFO: eta: 0:30:12  iter: 28480  time: 0.2159 (0.2781)  data: 0.0789 (0.1404)  loss: 10.2108 (10.8348)  lr: 0.000010  max mem: 5.6 GB
2025-01-05 15:51:52,464 Train INFO: eta: 0:30:07  iter: 28500  time: 0.2155 (0.2780)  data: 0.0784 (0.1404)  loss: 8.9403 (10.8335)  lr: 0.000010  max mem: 5.6 GB
2025-01-05 15:51:56,803 Train INFO: eta: 0:30:01  iter: 28520  time: 0.2154 (0.2780)  data: 0.0786 (0.1403)  loss: 9.2328 (10.8324)  lr: 0.000010  max mem: 5.6 GB
2025-01-05 15:52:01,110 Train INFO: eta: 0:29:55  iter: 28540  time: 0.2152 (0.2779)  data: 0.0786 (0.1403)  loss: 9.5616 (10.8315)  lr: 0.000010  max mem: 5.6 GB
2025-01-05 15:52:05,426 Train INFO: eta: 0:29:49  iter: 28560  time: 0.2154 (0.2779)  data: 0.0788 (0.1402)  loss: 9.6998 (10.8310)  lr: 0.000010  max mem: 5.6 GB
2025-01-05 15:52:09,752 Train INFO: eta: 0:29:43  iter: 28580  time: 0.2157 (0.2778)  data: 0.0778 (0.1402)  loss: 9.5426 (10.8302)  lr: 0.000010  max mem: 5.6 GB
2025-01-05 15:52:14,071 Train INFO: eta: 0:29:37  iter: 28600  time: 0.2154 (0.2778)  data: 0.0783 (0.1402)  loss: 9.0348 (10.8291)  lr: 0.000010  max mem: 5.6 GB
2025-01-05 15:52:18,390 Train INFO: eta: 0:29:32  iter: 28620  time: 0.2150 (0.2777)  data: 0.0781 (0.1401)  loss: 10.1483 (10.8286)  lr: 0.000010  max mem: 5.6 GB
2025-01-05 15:52:22,704 Train INFO: eta: 0:29:26  iter: 28640  time: 0.2160 (0.2777)  data: 0.0781 (0.1401)  loss: 9.7338 (10.8279)  lr: 0.000010  max mem: 5.6 GB
2025-01-05 15:52:27,005 Train INFO: eta: 0:29:20  iter: 28660  time: 0.2144 (0.2777)  data: 0.0783 (0.1400)  loss: 9.3879 (10.8270)  lr: 0.000010  max mem: 5.6 GB
2025-01-05 15:52:31,335 Train INFO: eta: 0:29:14  iter: 28680  time: 0.2165 (0.2776)  data: 0.0776 (0.1400)  loss: 9.4156 (10.8261)  lr: 0.000010  max mem: 5.6 GB
2025-01-05 15:52:35,642 Train INFO: eta: 0:29:08  iter: 28700  time: 0.2152 (0.2776)  data: 0.0780 (0.1399)  loss: 9.5051 (10.8252)  lr: 0.000010  max mem: 5.6 GB
2025-01-05 15:52:39,968 Train INFO: eta: 0:29:02  iter: 28720  time: 0.2162 (0.2775)  data: 0.0779 (0.1399)  loss: 9.5653 (10.8245)  lr: 0.000010  max mem: 5.6 GB
2025-01-05 15:52:44,301 Train INFO: eta: 0:28:57  iter: 28740  time: 0.2162 (0.2775)  data: 0.0778 (0.1399)  loss: 9.4573 (10.8237)  lr: 0.000010  max mem: 5.6 GB
2025-01-05 15:52:48,627 Train INFO: eta: 0:28:51  iter: 28760  time: 0.2162 (0.2774)  data: 0.0778 (0.1398)  loss: 8.9087 (10.8225)  lr: 0.000010  max mem: 5.6 GB
2025-01-05 15:52:52,939 Train INFO: eta: 0:28:45  iter: 28780  time: 0.2154 (0.2774)  data: 0.0779 (0.1398)  loss: 9.2329 (10.8215)  lr: 0.000010  max mem: 5.6 GB
2025-01-05 15:52:57,249 Train INFO: eta: 0:28:39  iter: 28800  time: 0.2156 (0.2774)  data: 0.0777 (0.1397)  loss: 9.7797 (10.8207)  lr: 0.000010  max mem: 5.6 GB
2025-01-05 15:53:01,561 Train INFO: eta: 0:28:33  iter: 28820  time: 0.2156 (0.2773)  data: 0.0778 (0.1397)  loss: 9.9291 (10.8201)  lr: 0.000010  max mem: 5.6 GB
2025-01-05 15:53:05,872 Train INFO: eta: 0:28:28  iter: 28840  time: 0.2151 (0.2773)  data: 0.0773 (0.1396)  loss: 8.7152 (10.8189)  lr: 0.000010  max mem: 5.6 GB
2025-01-05 15:53:10,212 Train INFO: eta: 0:28:22  iter: 28860  time: 0.2168 (0.2772)  data: 0.0772 (0.1396)  loss: 8.9656 (10.8176)  lr: 0.000010  max mem: 5.6 GB
2025-01-05 15:53:14,541 Train INFO: eta: 0:28:16  iter: 28880  time: 0.2160 (0.2772)  data: 0.0773 (0.1396)  loss: 8.8300 (10.8163)  lr: 0.000010  max mem: 5.6 GB
2025-01-05 15:53:18,880 Train INFO: eta: 0:28:10  iter: 28900  time: 0.2169 (0.2772)  data: 0.0769 (0.1395)  loss: 9.1825 (10.8153)  lr: 0.000010  max mem: 5.6 GB
2025-01-05 15:53:23,199 Train INFO: eta: 0:28:04  iter: 28920  time: 0.2154 (0.2771)  data: 0.0771 (0.1395)  loss: 8.9498 (10.8141)  lr: 0.000010  max mem: 5.6 GB
2025-01-05 15:53:27,510 Train INFO: eta: 0:27:59  iter: 28940  time: 0.2150 (0.2771)  data: 0.0770 (0.1394)  loss: 8.9091 (10.8130)  lr: 0.000010  max mem: 5.6 GB
2025-01-05 15:53:31,811 Train INFO: eta: 0:27:53  iter: 28960  time: 0.2144 (0.2770)  data: 0.0770 (0.1394)  loss: 9.1709 (10.8120)  lr: 0.000010  max mem: 5.6 GB
2025-01-05 15:53:36,105 Train INFO: eta: 0:27:47  iter: 28980  time: 0.2142 (0.2770)  data: 0.0768 (0.1393)  loss: 9.1622 (10.8109)  lr: 0.000010  max mem: 5.6 GB
2025-01-05 15:53:40,405 Train INFO: eta: 0:27:41  iter: 29000  time: 0.2140 (0.2769)  data: 0.0765 (0.1393)  loss: 8.7253 (10.8097)  lr: 0.000010  max mem: 5.6 GB
2025-01-05 15:53:40,791 Train INFO: Validation
2025-01-05 15:53:40,795 Train INFO: Begin extract
2025-01-05 15:54:42,814 Train INFO: Performance at iteration 029000: {'mean_average_precision_at_r': 0.5343135736502973, 'precision_at_1': 0.7945026610690555, 'r_precision': 0.5623885550776397}
2025-01-05 15:54:47,143 Train INFO: eta: 0:27:48  iter: 29020  time: 0.2158 (0.2790)  data: 0.0758 (0.1414)  loss: 8.7613 (10.8083)  lr: 0.000010  max mem: 5.6 GB
2025-01-05 15:54:51,484 Train INFO: eta: 0:27:42  iter: 29040  time: 0.2170 (0.2790)  data: 0.0755 (0.1414)  loss: 9.2489 (10.8073)  lr: 0.000010  max mem: 5.6 GB
2025-01-05 15:54:55,808 Train INFO: eta: 0:27:37  iter: 29060  time: 0.2156 (0.2790)  data: 0.0757 (0.1413)  loss: 9.5673 (10.8067)  lr: 0.000010  max mem: 5.6 GB
2025-01-05 15:55:00,145 Train INFO: eta: 0:27:31  iter: 29080  time: 0.2159 (0.2789)  data: 0.0752 (0.1413)  loss: 9.8248 (10.8060)  lr: 0.000010  max mem: 5.6 GB
2025-01-05 15:55:04,467 Train INFO: eta: 0:27:25  iter: 29100  time: 0.2161 (0.2789)  data: 0.0750 (0.1412)  loss: 9.3161 (10.8051)  lr: 0.000010  max mem: 5.6 GB
2025-01-05 15:55:08,802 Train INFO: eta: 0:27:19  iter: 29120  time: 0.2160 (0.2788)  data: 0.0749 (0.1412)  loss: 9.1784 (10.8041)  lr: 0.000010  max mem: 5.6 GB
2025-01-05 15:55:13,122 Train INFO: eta: 0:27:13  iter: 29140  time: 0.2156 (0.2788)  data: 0.0749 (0.1411)  loss: 9.1504 (10.8032)  lr: 0.000010  max mem: 5.6 GB
2025-01-05 15:55:17,425 Train INFO: eta: 0:27:07  iter: 29160  time: 0.2151 (0.2787)  data: 0.0749 (0.1411)  loss: 9.2323 (10.8023)  lr: 0.000010  max mem: 5.6 GB
2025-01-05 15:55:21,741 Train INFO: eta: 0:27:02  iter: 29180  time: 0.2146 (0.2787)  data: 0.0745 (0.1410)  loss: 8.9666 (10.8014)  lr: 0.000010  max mem: 5.6 GB
2025-01-05 15:55:26,048 Train INFO: eta: 0:26:56  iter: 29200  time: 0.2150 (0.2787)  data: 0.0744 (0.1410)  loss: 9.3821 (10.8003)  lr: 0.000010  max mem: 5.6 GB
2025-01-05 15:55:30,734 Train INFO: eta: 0:26:50  iter: 29220  time: 0.2147 (0.2786)  data: 0.0746 (0.1410)  loss: 8.8793 (10.7992)  lr: 0.000010  max mem: 5.6 GB
2025-01-05 15:55:35,113 Train INFO: eta: 0:26:44  iter: 29240  time: 0.2185 (0.2786)  data: 0.0793 (0.1409)  loss: 8.9706 (10.7980)  lr: 0.000010  max mem: 5.6 GB
2025-01-05 15:55:39,469 Train INFO: eta: 0:26:38  iter: 29260  time: 0.2172 (0.2785)  data: 0.0799 (0.1409)  loss: 9.5494 (10.7973)  lr: 0.000010  max mem: 5.6 GB
2025-01-05 15:55:43,811 Train INFO: eta: 0:26:33  iter: 29280  time: 0.2168 (0.2785)  data: 0.0791 (0.1408)  loss: 10.5513 (10.7970)  lr: 0.000010  max mem: 5.6 GB
2025-01-05 15:55:48,174 Train INFO: eta: 0:26:27  iter: 29300  time: 0.2171 (0.2785)  data: 0.0796 (0.1408)  loss: 10.3784 (10.7967)  lr: 0.000010  max mem: 5.6 GB
2025-01-05 15:55:52,565 Train INFO: eta: 0:26:21  iter: 29320  time: 0.2190 (0.2784)  data: 0.0801 (0.1407)  loss: 10.6601 (10.7966)  lr: 0.000010  max mem: 5.6 GB
2025-01-05 15:55:56,930 Train INFO: eta: 0:26:15  iter: 29340  time: 0.2174 (0.2784)  data: 0.0797 (0.1407)  loss: 11.0252 (10.7967)  lr: 0.000010  max mem: 5.6 GB
2025-01-05 15:56:01,286 Train INFO: eta: 0:26:09  iter: 29360  time: 0.2175 (0.2783)  data: 0.0793 (0.1407)  loss: 10.3228 (10.7962)  lr: 0.000010  max mem: 5.6 GB
2025-01-05 15:56:05,674 Train INFO: eta: 0:26:04  iter: 29380  time: 0.2190 (0.2783)  data: 0.0791 (0.1406)  loss: 10.2394 (10.7958)  lr: 0.000010  max mem: 5.6 GB
2025-01-05 15:56:10,067 Train INFO: eta: 0:25:58  iter: 29400  time: 0.2188 (0.2783)  data: 0.0796 (0.1406)  loss: 10.1820 (10.7954)  lr: 0.000010  max mem: 5.6 GB
2025-01-05 15:56:14,429 Train INFO: eta: 0:25:52  iter: 29420  time: 0.2171 (0.2782)  data: 0.0794 (0.1405)  loss: 9.6241 (10.7948)  lr: 0.000010  max mem: 5.6 GB
2025-01-05 15:56:18,775 Train INFO: eta: 0:25:46  iter: 29440  time: 0.2167 (0.2782)  data: 0.0794 (0.1405)  loss: 9.9919 (10.7943)  lr: 0.000010  max mem: 5.6 GB
2025-01-05 15:56:23,126 Train INFO: eta: 0:25:40  iter: 29460  time: 0.2170 (0.2781)  data: 0.0794 (0.1405)  loss: 10.4361 (10.7941)  lr: 0.000010  max mem: 5.6 GB
2025-01-05 15:56:27,462 Train INFO: eta: 0:25:35  iter: 29480  time: 0.2169 (0.2781)  data: 0.0796 (0.1404)  loss: 10.3467 (10.7939)  lr: 0.000010  max mem: 5.6 GB
2025-01-05 15:56:31,807 Train INFO: eta: 0:25:29  iter: 29500  time: 0.2172 (0.2781)  data: 0.0791 (0.1404)  loss: 10.0437 (10.7935)  lr: 0.000010  max mem: 5.6 GB
2025-01-05 15:56:36,143 Train INFO: eta: 0:25:23  iter: 29520  time: 0.2165 (0.2780)  data: 0.0793 (0.1403)  loss: 9.8647 (10.7930)  lr: 0.000010  max mem: 5.6 GB
2025-01-05 15:56:40,481 Train INFO: eta: 0:25:17  iter: 29540  time: 0.2162 (0.2780)  data: 0.0794 (0.1403)  loss: 10.4721 (10.7928)  lr: 0.000010  max mem: 5.6 GB
2025-01-05 15:56:44,820 Train INFO: eta: 0:25:11  iter: 29560  time: 0.2168 (0.2779)  data: 0.0792 (0.1402)  loss: 9.7956 (10.7923)  lr: 0.000010  max mem: 5.6 GB
2025-01-05 15:56:49,170 Train INFO: eta: 0:25:06  iter: 29580  time: 0.2163 (0.2779)  data: 0.0789 (0.1402)  loss: 9.7706 (10.7917)  lr: 0.000010  max mem: 5.6 GB
2025-01-05 15:56:53,496 Train INFO: eta: 0:25:00  iter: 29600  time: 0.2161 (0.2778)  data: 0.0791 (0.1402)  loss: 9.3215 (10.7907)  lr: 0.000010  max mem: 5.6 GB
2025-01-05 15:56:57,844 Train INFO: eta: 0:24:54  iter: 29620  time: 0.2165 (0.2778)  data: 0.0786 (0.1401)  loss: 9.5948 (10.7900)  lr: 0.000010  max mem: 5.6 GB
2025-01-05 15:57:02,185 Train INFO: eta: 0:24:48  iter: 29640  time: 0.2166 (0.2778)  data: 0.0786 (0.1401)  loss: 9.5794 (10.7892)  lr: 0.000010  max mem: 5.6 GB
2025-01-05 15:57:06,550 Train INFO: eta: 0:24:43  iter: 29660  time: 0.2179 (0.2777)  data: 0.0780 (0.1400)  loss: 9.8899 (10.7887)  lr: 0.000010  max mem: 5.6 GB
2025-01-05 15:57:10,897 Train INFO: eta: 0:24:37  iter: 29680  time: 0.2172 (0.2777)  data: 0.0780 (0.1400)  loss: 9.3494 (10.7879)  lr: 0.000010  max mem: 5.6 GB
2025-01-05 15:57:15,236 Train INFO: eta: 0:24:31  iter: 29700  time: 0.2167 (0.2776)  data: 0.0779 (0.1400)  loss: 9.5163 (10.7872)  lr: 0.000010  max mem: 5.6 GB
2025-01-05 15:57:19,585 Train INFO: eta: 0:24:25  iter: 29720  time: 0.2167 (0.2776)  data: 0.0775 (0.1399)  loss: 9.5401 (10.7863)  lr: 0.000010  max mem: 5.6 GB
2025-01-05 15:57:23,946 Train INFO: eta: 0:24:19  iter: 29740  time: 0.2180 (0.2776)  data: 0.0780 (0.1399)  loss: 9.0256 (10.7851)  lr: 0.000010  max mem: 5.6 GB
2025-01-05 15:57:28,289 Train INFO: eta: 0:24:14  iter: 29760  time: 0.2171 (0.2775)  data: 0.0778 (0.1398)  loss: 9.5012 (10.7842)  lr: 0.000010  max mem: 5.6 GB
2025-01-05 15:57:32,631 Train INFO: eta: 0:24:08  iter: 29780  time: 0.2166 (0.2775)  data: 0.0775 (0.1398)  loss: 8.6159 (10.7827)  lr: 0.000010  max mem: 5.6 GB
2025-01-05 15:57:37,024 Train INFO: eta: 0:24:02  iter: 29800  time: 0.2190 (0.2774)  data: 0.0774 (0.1397)  loss: 8.3557 (10.7812)  lr: 0.000010  max mem: 5.6 GB
2025-01-05 15:57:41,391 Train INFO: eta: 0:23:56  iter: 29820  time: 0.2181 (0.2774)  data: 0.0773 (0.1397)  loss: 9.0341 (10.7801)  lr: 0.000010  max mem: 5.6 GB
2025-01-05 15:57:45,753 Train INFO: eta: 0:23:51  iter: 29840  time: 0.2173 (0.2774)  data: 0.0774 (0.1397)  loss: 9.0240 (10.7792)  lr: 0.000010  max mem: 5.6 GB
2025-01-05 15:57:50,107 Train INFO: eta: 0:23:45  iter: 29860  time: 0.2170 (0.2773)  data: 0.0769 (0.1396)  loss: 9.0135 (10.7781)  lr: 0.000010  max mem: 5.6 GB
2025-01-05 15:57:54,594 Train INFO: eta: 0:23:39  iter: 29880  time: 0.2178 (0.2773)  data: 0.0772 (0.1396)  loss: 9.9642 (10.7775)  lr: 0.000010  max mem: 5.6 GB
2025-01-05 15:57:58,945 Train INFO: eta: 0:23:33  iter: 29900  time: 0.2169 (0.2772)  data: 0.0772 (0.1395)  loss: 9.3911 (10.7766)  lr: 0.000010  max mem: 5.6 GB
2025-01-05 15:58:03,290 Train INFO: eta: 0:23:28  iter: 29920  time: 0.2170 (0.2772)  data: 0.0771 (0.1395)  loss: 9.5523 (10.7757)  lr: 0.000010  max mem: 5.6 GB
2025-01-05 15:58:07,641 Train INFO: eta: 0:23:22  iter: 29940  time: 0.2174 (0.2772)  data: 0.0771 (0.1395)  loss: 9.3701 (10.7747)  lr: 0.000010  max mem: 5.6 GB
2025-01-05 15:58:11,998 Train INFO: eta: 0:23:16  iter: 29960  time: 0.2178 (0.2771)  data: 0.0767 (0.1394)  loss: 9.3068 (10.7736)  lr: 0.000010  max mem: 5.6 GB
2025-01-05 15:58:16,361 Train INFO: eta: 0:23:10  iter: 29980  time: 0.2175 (0.2771)  data: 0.0768 (0.1394)  loss: 8.9265 (10.7723)  lr: 0.000010  max mem: 5.6 GB
2025-01-05 15:58:20,718 Train INFO: eta: 0:23:05  iter: 30000  time: 0.2171 (0.2770)  data: 0.0766 (0.1393)  loss: 8.7482 (10.7711)  lr: 0.000010  max mem: 5.6 GB
2025-01-05 15:58:21,122 Train INFO: Validation
2025-01-05 15:58:21,126 Train INFO: Begin extract
2025-01-05 15:59:23,061 Train INFO: Best iteration 30000: {'mean_average_precision_at_r': 0.5367685676335773, 'precision_at_1': 0.7961554989917689, 'r_precision': 0.5650961045352967}
2025-01-05 15:59:27,429 Train INFO: eta: 0:23:09  iter: 30020  time: 0.2178 (0.2791)  data: 0.0765 (0.1414)  loss: 8.8578 (10.7698)  lr: 0.000010  max mem: 5.6 GB
2025-01-05 15:59:31,778 Train INFO: eta: 0:23:04  iter: 30040  time: 0.2170 (0.2790)  data: 0.0765 (0.1413)  loss: 8.7749 (10.7687)  lr: 0.000010  max mem: 5.6 GB
2025-01-05 15:59:36,118 Train INFO: eta: 0:22:58  iter: 30060  time: 0.2163 (0.2790)  data: 0.0763 (0.1413)  loss: 8.9799 (10.7675)  lr: 0.000010  max mem: 5.6 GB
2025-01-05 15:59:40,457 Train INFO: eta: 0:22:52  iter: 30080  time: 0.2175 (0.2790)  data: 0.0761 (0.1412)  loss: 9.1973 (10.7665)  lr: 0.000010  max mem: 5.6 GB
2025-01-05 15:59:44,807 Train INFO: eta: 0:22:46  iter: 30100  time: 0.2168 (0.2789)  data: 0.0761 (0.1412)  loss: 8.7506 (10.7654)  lr: 0.000010  max mem: 5.6 GB
2025-01-05 15:59:49,188 Train INFO: eta: 0:22:40  iter: 30120  time: 0.2189 (0.2789)  data: 0.0758 (0.1411)  loss: 8.7931 (10.7641)  lr: 0.000010  max mem: 5.6 GB
2025-01-05 15:59:53,516 Train INFO: eta: 0:22:35  iter: 30140  time: 0.2155 (0.2788)  data: 0.0759 (0.1411)  loss: 8.6068 (10.7626)  lr: 0.000010  max mem: 5.6 GB
2025-01-05 15:59:57,844 Train INFO: eta: 0:22:29  iter: 30160  time: 0.2164 (0.2788)  data: 0.0758 (0.1411)  loss: 8.8724 (10.7617)  lr: 0.000010  max mem: 5.6 GB
2025-01-05 16:00:02,170 Train INFO: eta: 0:22:23  iter: 30180  time: 0.2154 (0.2788)  data: 0.0757 (0.1410)  loss: 8.1017 (10.7604)  lr: 0.000010  max mem: 5.6 GB
2025-01-05 16:00:06,491 Train INFO: eta: 0:22:17  iter: 30200  time: 0.2155 (0.2787)  data: 0.0759 (0.1410)  loss: 8.9612 (10.7590)  lr: 0.000010  max mem: 5.6 GB
2025-01-05 16:00:10,816 Train INFO: eta: 0:22:12  iter: 30220  time: 0.2151 (0.2787)  data: 0.0756 (0.1409)  loss: 8.0068 (10.7573)  lr: 0.000010  max mem: 5.6 GB
2025-01-05 16:00:15,119 Train INFO: eta: 0:22:06  iter: 30240  time: 0.2152 (0.2786)  data: 0.0755 (0.1409)  loss: 8.5184 (10.7559)  lr: 0.000010  max mem: 5.6 GB
2025-01-05 16:00:19,429 Train INFO: eta: 0:22:00  iter: 30260  time: 0.2148 (0.2786)  data: 0.0754 (0.1408)  loss: 9.0084 (10.7548)  lr: 0.000010  max mem: 5.6 GB
2025-01-05 16:00:23,752 Train INFO: eta: 0:21:54  iter: 30280  time: 0.2153 (0.2786)  data: 0.0752 (0.1408)  loss: 8.9557 (10.7535)  lr: 0.000010  max mem: 5.6 GB
2025-01-05 16:00:28,068 Train INFO: eta: 0:21:48  iter: 30300  time: 0.2152 (0.2785)  data: 0.0751 (0.1408)  loss: 8.9363 (10.7525)  lr: 0.000010  max mem: 5.6 GB
2025-01-05 16:00:32,381 Train INFO: eta: 0:21:43  iter: 30320  time: 0.2155 (0.2785)  data: 0.0750 (0.1407)  loss: 9.0933 (10.7513)  lr: 0.000010  max mem: 5.6 GB
2025-01-05 16:00:36,676 Train INFO: eta: 0:21:37  iter: 30340  time: 0.2141 (0.2784)  data: 0.0746 (0.1407)  loss: 8.7075 (10.7501)  lr: 0.000010  max mem: 5.6 GB
2025-01-05 16:00:40,972 Train INFO: eta: 0:21:31  iter: 30360  time: 0.2140 (0.2784)  data: 0.0745 (0.1406)  loss: 9.0389 (10.7491)  lr: 0.000010  max mem: 5.6 GB
2025-01-05 16:00:45,285 Train INFO: eta: 0:21:25  iter: 30380  time: 0.2158 (0.2783)  data: 0.0745 (0.1406)  loss: 8.9983 (10.7480)  lr: 0.000010  max mem: 5.6 GB
2025-01-05 16:00:49,920 Train INFO: eta: 0:21:20  iter: 30400  time: 0.2173 (0.2783)  data: 0.0782 (0.1406)  loss: 9.2062 (10.7472)  lr: 0.000010  max mem: 5.6 GB
2025-01-05 16:00:54,302 Train INFO: eta: 0:21:14  iter: 30420  time: 0.2188 (0.2783)  data: 0.0801 (0.1405)  loss: 9.3181 (10.7460)  lr: 0.000010  max mem: 5.6 GB
2025-01-05 16:00:58,656 Train INFO: eta: 0:21:08  iter: 30440  time: 0.2173 (0.2782)  data: 0.0795 (0.1405)  loss: 10.8553 (10.7458)  lr: 0.000010  max mem: 5.6 GB
2025-01-05 16:01:03,009 Train INFO: eta: 0:21:02  iter: 30460  time: 0.2173 (0.2782)  data: 0.0797 (0.1404)  loss: 10.1678 (10.7455)  lr: 0.000010  max mem: 5.6 GB
2025-01-05 16:01:07,378 Train INFO: eta: 0:20:57  iter: 30480  time: 0.2180 (0.2782)  data: 0.0795 (0.1404)  loss: 10.8748 (10.7458)  lr: 0.000010  max mem: 5.6 GB
2025-01-05 16:01:11,719 Train INFO: eta: 0:20:51  iter: 30500  time: 0.2167 (0.2781)  data: 0.0793 (0.1404)  loss: 10.5473 (10.7457)  lr: 0.000010  max mem: 5.6 GB
2025-01-05 16:01:16,088 Train INFO: eta: 0:20:45  iter: 30520  time: 0.2172 (0.2781)  data: 0.0797 (0.1403)  loss: 10.2988 (10.7456)  lr: 0.000010  max mem: 5.6 GB
2025-01-05 16:01:20,550 Train INFO: eta: 0:20:40  iter: 30540  time: 0.2170 (0.2780)  data: 0.0792 (0.1403)  loss: 10.4070 (10.7454)  lr: 0.000010  max mem: 5.6 GB
2025-01-05 16:01:24,913 Train INFO: eta: 0:20:34  iter: 30560  time: 0.2174 (0.2780)  data: 0.0785 (0.1402)  loss: 10.2770 (10.7450)  lr: 0.000010  max mem: 5.6 GB
2025-01-05 16:01:29,286 Train INFO: eta: 0:20:28  iter: 30580  time: 0.2180 (0.2780)  data: 0.0786 (0.1402)  loss: 10.2098 (10.7448)  lr: 0.000010  max mem: 5.6 GB
2025-01-05 16:01:33,655 Train INFO: eta: 0:20:22  iter: 30600  time: 0.2181 (0.2779)  data: 0.0784 (0.1402)  loss: 10.0263 (10.7444)  lr: 0.000010  max mem: 5.6 GB
2025-01-05 16:01:38,129 Train INFO: eta: 0:20:17  iter: 30620  time: 0.2234 (0.2779)  data: 0.0765 (0.1401)  loss: 9.6914 (10.7438)  lr: 0.000010  max mem: 5.6 GB
2025-01-05 16:01:42,579 Train INFO: eta: 0:20:11  iter: 30640  time: 0.2220 (0.2779)  data: 0.0777 (0.1401)  loss: 9.7530 (10.7432)  lr: 0.000010  max mem: 5.6 GB
2025-01-05 16:01:46,947 Train INFO: eta: 0:20:05  iter: 30660  time: 0.2180 (0.2778)  data: 0.0791 (0.1400)  loss: 10.5004 (10.7431)  lr: 0.000010  max mem: 5.6 GB
2025-01-05 16:01:51,302 Train INFO: eta: 0:19:59  iter: 30680  time: 0.2175 (0.2778)  data: 0.0793 (0.1400)  loss: 9.9992 (10.7428)  lr: 0.000010  max mem: 5.6 GB
2025-01-05 16:01:55,631 Train INFO: eta: 0:19:54  iter: 30700  time: 0.2163 (0.2777)  data: 0.0792 (0.1400)  loss: 10.1417 (10.7423)  lr: 0.000010  max mem: 5.6 GB
2025-01-05 16:01:59,970 Train INFO: eta: 0:19:48  iter: 30720  time: 0.2167 (0.2777)  data: 0.0794 (0.1399)  loss: 10.2971 (10.7419)  lr: 0.000010  max mem: 5.6 GB
2025-01-05 16:02:04,296 Train INFO: eta: 0:19:42  iter: 30740  time: 0.2159 (0.2777)  data: 0.0786 (0.1399)  loss: 9.8294 (10.7415)  lr: 0.000010  max mem: 5.6 GB
2025-01-05 16:02:08,626 Train INFO: eta: 0:19:37  iter: 30760  time: 0.2162 (0.2776)  data: 0.0791 (0.1398)  loss: 9.6078 (10.7409)  lr: 0.000010  max mem: 5.6 GB
2025-01-05 16:02:12,950 Train INFO: eta: 0:19:31  iter: 30780  time: 0.2158 (0.2776)  data: 0.0788 (0.1398)  loss: 9.6846 (10.7404)  lr: 0.000010  max mem: 5.6 GB
2025-01-05 16:02:17,305 Train INFO: eta: 0:19:25  iter: 30800  time: 0.2173 (0.2775)  data: 0.0789 (0.1398)  loss: 9.8265 (10.7400)  lr: 0.000010  max mem: 5.6 GB
2025-01-05 16:02:21,691 Train INFO: eta: 0:19:19  iter: 30820  time: 0.2181 (0.2775)  data: 0.0782 (0.1397)  loss: 8.9292 (10.7390)  lr: 0.000010  max mem: 5.6 GB
2025-01-05 16:02:26,156 Train INFO: eta: 0:19:14  iter: 30840  time: 0.2230 (0.2775)  data: 0.0782 (0.1397)  loss: 9.4576 (10.7384)  lr: 0.000010  max mem: 5.6 GB
2025-01-05 16:02:30,522 Train INFO: eta: 0:19:08  iter: 30860  time: 0.2179 (0.2774)  data: 0.0787 (0.1396)  loss: 9.2745 (10.7375)  lr: 0.000010  max mem: 5.6 GB
2025-01-05 16:02:34,847 Train INFO: eta: 0:19:02  iter: 30880  time: 0.2160 (0.2774)  data: 0.0783 (0.1396)  loss: 9.2520 (10.7365)  lr: 0.000010  max mem: 5.6 GB
2025-01-05 16:02:39,161 Train INFO: eta: 0:18:57  iter: 30900  time: 0.2157 (0.2773)  data: 0.0785 (0.1396)  loss: 8.9333 (10.7355)  lr: 0.000010  max mem: 5.6 GB
2025-01-05 16:02:43,486 Train INFO: eta: 0:18:51  iter: 30920  time: 0.2163 (0.2773)  data: 0.0783 (0.1395)  loss: 9.1578 (10.7346)  lr: 0.000010  max mem: 5.6 GB
2025-01-05 16:02:47,798 Train INFO: eta: 0:18:45  iter: 30940  time: 0.2158 (0.2773)  data: 0.0783 (0.1395)  loss: 9.2486 (10.7334)  lr: 0.000010  max mem: 5.6 GB
2025-01-05 16:02:52,153 Train INFO: eta: 0:18:39  iter: 30960  time: 0.2161 (0.2772)  data: 0.0782 (0.1394)  loss: 8.9012 (10.7323)  lr: 0.000010  max mem: 5.6 GB
2025-01-05 16:02:56,557 Train INFO: eta: 0:18:34  iter: 30980  time: 0.2201 (0.2772)  data: 0.0774 (0.1394)  loss: 9.1530 (10.7314)  lr: 0.000010  max mem: 5.6 GB
2025-01-05 16:03:00,916 Train INFO: eta: 0:18:28  iter: 31000  time: 0.2166 (0.2772)  data: 0.0774 (0.1394)  loss: 8.6739 (10.7303)  lr: 0.000010  max mem: 5.6 GB
2025-01-05 16:03:01,311 Train INFO: Validation
2025-01-05 16:03:01,314 Train INFO: Begin extract
2025-01-05 16:04:03,783 Train INFO: Best iteration 31000: {'mean_average_precision_at_r': 0.5388998810017561, 'precision_at_1': 0.7979240355690721, 'r_precision': 0.5670054316594927}
2025-01-05 16:04:08,170 Train INFO: eta: 0:18:30  iter: 31020  time: 0.2175 (0.2791)  data: 0.0772 (0.1413)  loss: 8.5571 (10.7290)  lr: 0.000010  max mem: 5.6 GB
2025-01-05 16:04:12,859 Train INFO: eta: 0:18:25  iter: 31040  time: 0.2179 (0.2791)  data: 0.0768 (0.1413)  loss: 8.7280 (10.7278)  lr: 0.000010  max mem: 5.6 GB
2025-01-05 16:04:17,209 Train INFO: eta: 0:18:19  iter: 31060  time: 0.2172 (0.2791)  data: 0.0769 (0.1413)  loss: 9.0861 (10.7268)  lr: 0.000010  max mem: 5.6 GB
2025-01-05 16:04:21,573 Train INFO: eta: 0:18:13  iter: 31080  time: 0.2175 (0.2790)  data: 0.0768 (0.1412)  loss: 9.3323 (10.7261)  lr: 0.000010  max mem: 5.6 GB
2025-01-05 16:04:25,913 Train INFO: eta: 0:18:08  iter: 31100  time: 0.2169 (0.2790)  data: 0.0768 (0.1412)  loss: 9.5837 (10.7252)  lr: 0.000010  max mem: 5.6 GB
2025-01-05 16:04:30,238 Train INFO: eta: 0:18:02  iter: 31120  time: 0.2158 (0.2790)  data: 0.0770 (0.1411)  loss: 8.7030 (10.7241)  lr: 0.000010  max mem: 5.6 GB
2025-01-05 16:04:34,579 Train INFO: eta: 0:17:56  iter: 31140  time: 0.2168 (0.2789)  data: 0.0769 (0.1411)  loss: 8.7652 (10.7228)  lr: 0.000010  max mem: 5.6 GB
2025-01-05 16:04:38,913 Train INFO: eta: 0:17:50  iter: 31160  time: 0.2168 (0.2789)  data: 0.0764 (0.1411)  loss: 9.5482 (10.7218)  lr: 0.000010  max mem: 5.6 GB
2025-01-05 16:04:43,259 Train INFO: eta: 0:17:45  iter: 31180  time: 0.2165 (0.2788)  data: 0.0768 (0.1410)  loss: 8.9095 (10.7207)  lr: 0.000010  max mem: 5.6 GB
2025-01-05 16:04:47,576 Train INFO: eta: 0:17:39  iter: 31200  time: 0.2144 (0.2788)  data: 0.0772 (0.1410)  loss: 9.2949 (10.7197)  lr: 0.000010  max mem: 5.6 GB
2025-01-05 16:04:51,889 Train INFO: eta: 0:17:33  iter: 31220  time: 0.2152 (0.2788)  data: 0.0777 (0.1409)  loss: 8.5429 (10.7185)  lr: 0.000010  max mem: 5.6 GB
2025-01-05 16:04:56,195 Train INFO: eta: 0:17:27  iter: 31240  time: 0.2151 (0.2787)  data: 0.0771 (0.1409)  loss: 8.5179 (10.7171)  lr: 0.000010  max mem: 5.6 GB
2025-01-05 16:05:00,473 Train INFO: eta: 0:17:22  iter: 31260  time: 0.2135 (0.2787)  data: 0.0769 (0.1409)  loss: 8.4487 (10.7157)  lr: 0.000010  max mem: 5.6 GB
2025-01-05 16:05:04,762 Train INFO: eta: 0:17:16  iter: 31280  time: 0.2142 (0.2786)  data: 0.0769 (0.1408)  loss: 8.2530 (10.7142)  lr: 0.000010  max mem: 5.6 GB
2025-01-05 16:05:09,030 Train INFO: eta: 0:17:10  iter: 31300  time: 0.2134 (0.2786)  data: 0.0768 (0.1408)  loss: 8.0897 (10.7127)  lr: 0.000010  max mem: 5.6 GB
2025-01-05 16:05:13,314 Train INFO: eta: 0:17:05  iter: 31320  time: 0.2131 (0.2785)  data: 0.0768 (0.1407)  loss: 8.3332 (10.7114)  lr: 0.000010  max mem: 5.6 GB
2025-01-05 16:05:17,600 Train INFO: eta: 0:16:59  iter: 31340  time: 0.2140 (0.2785)  data: 0.0767 (0.1407)  loss: 8.1053 (10.7097)  lr: 0.000010  max mem: 5.6 GB
2025-01-05 16:05:21,890 Train INFO: eta: 0:16:53  iter: 31360  time: 0.2139 (0.2785)  data: 0.0765 (0.1406)  loss: 7.6182 (10.7079)  lr: 0.000010  max mem: 5.6 GB
2025-01-05 16:05:26,166 Train INFO: eta: 0:16:47  iter: 31380  time: 0.2131 (0.2784)  data: 0.0765 (0.1406)  loss: 8.5745 (10.7066)  lr: 0.000010  max mem: 5.6 GB
2025-01-05 16:05:30,426 Train INFO: eta: 0:16:42  iter: 31400  time: 0.2127 (0.2784)  data: 0.0762 (0.1406)  loss: 8.1529 (10.7050)  lr: 0.000010  max mem: 5.6 GB
2025-01-05 16:05:34,705 Train INFO: eta: 0:16:36  iter: 31420  time: 0.2126 (0.2783)  data: 0.0762 (0.1405)  loss: 8.8995 (10.7040)  lr: 0.000010  max mem: 5.6 GB
2025-01-05 16:05:38,968 Train INFO: eta: 0:16:30  iter: 31440  time: 0.2134 (0.2783)  data: 0.0762 (0.1405)  loss: 9.2353 (10.7030)  lr: 0.000010  max mem: 5.6 GB
2025-01-05 16:05:43,218 Train INFO: eta: 0:16:25  iter: 31460  time: 0.2119 (0.2783)  data: 0.0759 (0.1404)  loss: 8.2660 (10.7016)  lr: 0.000010  max mem: 5.6 GB
2025-01-05 16:05:47,489 Train INFO: eta: 0:16:19  iter: 31480  time: 0.2124 (0.2782)  data: 0.0758 (0.1404)  loss: 8.6498 (10.7003)  lr: 0.000010  max mem: 5.6 GB
2025-01-05 16:05:51,750 Train INFO: eta: 0:16:13  iter: 31500  time: 0.2121 (0.2782)  data: 0.0757 (0.1404)  loss: 8.5724 (10.6991)  lr: 0.000010  max mem: 5.6 GB
2025-01-05 16:05:56,006 Train INFO: eta: 0:16:07  iter: 31520  time: 0.2120 (0.2781)  data: 0.0756 (0.1403)  loss: 8.2285 (10.6976)  lr: 0.000010  max mem: 5.6 GB
2025-01-05 16:06:00,262 Train INFO: eta: 0:16:02  iter: 31540  time: 0.2126 (0.2781)  data: 0.0756 (0.1403)  loss: 9.8321 (10.6968)  lr: 0.000010  max mem: 5.6 GB
2025-01-05 16:06:04,914 Train INFO: eta: 0:15:56  iter: 31560  time: 0.2139 (0.2781)  data: 0.0753 (0.1403)  loss: 9.9362 (10.6962)  lr: 0.000010  max mem: 5.6 GB
2025-01-05 16:06:09,288 Train INFO: eta: 0:15:50  iter: 31580  time: 0.2184 (0.2780)  data: 0.0798 (0.1402)  loss: 9.2383 (10.6951)  lr: 0.000010  max mem: 5.6 GB
2025-01-05 16:06:13,645 Train INFO: eta: 0:15:45  iter: 31600  time: 0.2178 (0.2780)  data: 0.0797 (0.1402)  loss: 8.6105 (10.6938)  lr: 0.000010  max mem: 5.6 GB
2025-01-05 16:06:18,001 Train INFO: eta: 0:15:39  iter: 31620  time: 0.2171 (0.2779)  data: 0.0798 (0.1401)  loss: 10.0694 (10.6935)  lr: 0.000010  max mem: 5.6 GB
2025-01-05 16:06:22,360 Train INFO: eta: 0:15:33  iter: 31640  time: 0.2174 (0.2779)  data: 0.0794 (0.1401)  loss: 10.2099 (10.6934)  lr: 0.000010  max mem: 5.6 GB
2025-01-05 16:06:26,706 Train INFO: eta: 0:15:28  iter: 31660  time: 0.2172 (0.2779)  data: 0.0796 (0.1401)  loss: 10.4465 (10.6930)  lr: 0.000010  max mem: 5.6 GB
2025-01-05 16:06:31,040 Train INFO: eta: 0:15:22  iter: 31680  time: 0.2162 (0.2778)  data: 0.0796 (0.1400)  loss: 9.8088 (10.6924)  lr: 0.000010  max mem: 5.6 GB
2025-01-05 16:06:35,401 Train INFO: eta: 0:15:16  iter: 31700  time: 0.2171 (0.2778)  data: 0.0795 (0.1400)  loss: 10.7625 (10.6924)  lr: 0.000010  max mem: 5.6 GB
2025-01-05 16:06:39,738 Train INFO: eta: 0:15:11  iter: 31720  time: 0.2163 (0.2778)  data: 0.0794 (0.1399)  loss: 10.4264 (10.6924)  lr: 0.000010  max mem: 5.6 GB
2025-01-05 16:06:44,066 Train INFO: eta: 0:15:05  iter: 31740  time: 0.2162 (0.2777)  data: 0.0795 (0.1399)  loss: 10.2853 (10.6923)  lr: 0.000010  max mem: 5.6 GB
2025-01-05 16:06:48,402 Train INFO: eta: 0:14:59  iter: 31760  time: 0.2168 (0.2777)  data: 0.0796 (0.1399)  loss: 10.2925 (10.6922)  lr: 0.000010  max mem: 5.6 GB
2025-01-05 16:06:52,726 Train INFO: eta: 0:14:54  iter: 31780  time: 0.2156 (0.2776)  data: 0.0794 (0.1398)  loss: 9.4099 (10.6916)  lr: 0.000010  max mem: 5.6 GB
2025-01-05 16:06:57,043 Train INFO: eta: 0:14:48  iter: 31800  time: 0.2154 (0.2776)  data: 0.0797 (0.1398)  loss: 9.4002 (10.6910)  lr: 0.000010  max mem: 5.6 GB
2025-01-05 16:07:01,352 Train INFO: eta: 0:14:42  iter: 31820  time: 0.2153 (0.2776)  data: 0.0793 (0.1398)  loss: 9.2795 (10.6904)  lr: 0.000010  max mem: 5.6 GB
2025-01-05 16:07:05,680 Train INFO: eta: 0:14:36  iter: 31840  time: 0.2159 (0.2775)  data: 0.0795 (0.1397)  loss: 10.1828 (10.6899)  lr: 0.000010  max mem: 5.6 GB
2025-01-05 16:07:09,999 Train INFO: eta: 0:14:31  iter: 31860  time: 0.2163 (0.2775)  data: 0.0794 (0.1397)  loss: 9.2567 (10.6891)  lr: 0.000010  max mem: 5.6 GB
2025-01-05 16:07:14,324 Train INFO: eta: 0:14:25  iter: 31880  time: 0.2158 (0.2774)  data: 0.0791 (0.1396)  loss: 9.1251 (10.6882)  lr: 0.000010  max mem: 5.6 GB
2025-01-05 16:07:18,642 Train INFO: eta: 0:14:19  iter: 31900  time: 0.2153 (0.2774)  data: 0.0792 (0.1396)  loss: 8.4569 (10.6871)  lr: 0.000010  max mem: 5.6 GB
2025-01-05 16:07:22,961 Train INFO: eta: 0:14:14  iter: 31920  time: 0.2158 (0.2774)  data: 0.0790 (0.1396)  loss: 8.9480 (10.6861)  lr: 0.000010  max mem: 5.6 GB
2025-01-05 16:07:27,278 Train INFO: eta: 0:14:08  iter: 31940  time: 0.2151 (0.2773)  data: 0.0782 (0.1395)  loss: 8.7472 (10.6852)  lr: 0.000010  max mem: 5.6 GB
2025-01-05 16:07:31,593 Train INFO: eta: 0:14:02  iter: 31960  time: 0.2155 (0.2773)  data: 0.0791 (0.1395)  loss: 9.4923 (10.6844)  lr: 0.000010  max mem: 5.6 GB
2025-01-05 16:07:35,903 Train INFO: eta: 0:13:57  iter: 31980  time: 0.2151 (0.2773)  data: 0.0787 (0.1395)  loss: 9.5685 (10.6836)  lr: 0.000010  max mem: 5.6 GB
2025-01-05 16:07:40,219 Train INFO: eta: 0:13:51  iter: 32000  time: 0.2151 (0.2772)  data: 0.0787 (0.1394)  loss: 9.2353 (10.6829)  lr: 0.000010  max mem: 5.6 GB
2025-01-05 16:07:40,627 Train INFO: Validation
2025-01-05 16:07:40,631 Train INFO: Begin extract
2025-01-05 16:08:42,961 Train INFO: Best iteration 32000: {'mean_average_precision_at_r': 0.5395189699843118, 'precision_at_1': 0.7977587517768008, 'r_precision': 0.5673745457855901}
2025-01-05 16:08:47,652 Train INFO: eta: 0:13:51  iter: 32020  time: 0.2211 (0.2792)  data: 0.0779 (0.1413)  loss: 9.1884 (10.6820)  lr: 0.000010  max mem: 5.6 GB
2025-01-05 16:08:52,035 Train INFO: eta: 0:13:46  iter: 32040  time: 0.2181 (0.2791)  data: 0.0775 (0.1413)  loss: 9.5254 (10.6815)  lr: 0.000010  max mem: 5.6 GB
2025-01-05 16:08:56,397 Train INFO: eta: 0:13:40  iter: 32060  time: 0.2177 (0.2791)  data: 0.0779 (0.1413)  loss: 8.9202 (10.6805)  lr: 0.000010  max mem: 5.6 GB
2025-01-05 16:09:00,731 Train INFO: eta: 0:13:34  iter: 32080  time: 0.2157 (0.2790)  data: 0.0775 (0.1412)  loss: 8.9933 (10.6796)  lr: 0.000010  max mem: 5.6 GB
2025-01-05 16:09:05,081 Train INFO: eta: 0:13:29  iter: 32100  time: 0.2169 (0.2790)  data: 0.0777 (0.1412)  loss: 9.3889 (10.6787)  lr: 0.000010  max mem: 5.6 GB
2025-01-05 16:09:09,434 Train INFO: eta: 0:13:23  iter: 32120  time: 0.2175 (0.2790)  data: 0.0777 (0.1411)  loss: 8.8551 (10.6778)  lr: 0.000010  max mem: 5.6 GB
2025-01-05 16:09:13,768 Train INFO: eta: 0:13:17  iter: 32140  time: 0.2163 (0.2789)  data: 0.0777 (0.1411)  loss: 9.3545 (10.6770)  lr: 0.000010  max mem: 5.6 GB
2025-01-05 16:09:18,121 Train INFO: eta: 0:13:12  iter: 32160  time: 0.2174 (0.2789)  data: 0.0776 (0.1411)  loss: 8.9117 (10.6760)  lr: 0.000010  max mem: 5.6 GB
2025-01-05 16:09:22,466 Train INFO: eta: 0:13:06  iter: 32180  time: 0.2169 (0.2788)  data: 0.0773 (0.1410)  loss: 8.7002 (10.6749)  lr: 0.000010  max mem: 5.6 GB
2025-01-05 16:09:26,814 Train INFO: eta: 0:13:00  iter: 32200  time: 0.2164 (0.2788)  data: 0.0772 (0.1410)  loss: 8.4975 (10.6738)  lr: 0.000010  max mem: 5.6 GB
2025-01-05 16:09:31,117 Train INFO: eta: 0:12:54  iter: 32220  time: 0.2152 (0.2788)  data: 0.0780 (0.1409)  loss: 8.6197 (10.6726)  lr: 0.000010  max mem: 5.6 GB
2025-01-05 16:09:35,449 Train INFO: eta: 0:12:49  iter: 32240  time: 0.2157 (0.2787)  data: 0.0780 (0.1409)  loss: 8.7490 (10.6716)  lr: 0.000010  max mem: 5.6 GB
2025-01-05 16:09:39,757 Train INFO: eta: 0:12:43  iter: 32260  time: 0.2145 (0.2787)  data: 0.0780 (0.1409)  loss: 8.1286 (10.6702)  lr: 0.000010  max mem: 5.6 GB
2025-01-05 16:09:44,065 Train INFO: eta: 0:12:37  iter: 32280  time: 0.2148 (0.2787)  data: 0.0780 (0.1408)  loss: 8.4860 (10.6689)  lr: 0.000010  max mem: 5.6 GB
2025-01-05 16:09:48,366 Train INFO: eta: 0:12:32  iter: 32300  time: 0.2148 (0.2786)  data: 0.0778 (0.1408)  loss: 7.9723 (10.6674)  lr: 0.000010  max mem: 5.6 GB
2025-01-05 16:09:52,815 Train INFO: eta: 0:12:26  iter: 32320  time: 0.2167 (0.2786)  data: 0.0776 (0.1407)  loss: 8.2116 (10.6660)  lr: 0.000010  max mem: 5.6 GB
2025-01-05 16:09:57,104 Train INFO: eta: 0:12:20  iter: 32340  time: 0.2138 (0.2785)  data: 0.0776 (0.1407)  loss: 8.0283 (10.6643)  lr: 0.000010  max mem: 5.6 GB
2025-01-05 16:10:01,387 Train INFO: eta: 0:12:15  iter: 32360  time: 0.2135 (0.2785)  data: 0.0773 (0.1407)  loss: 8.4287 (10.6630)  lr: 0.000010  max mem: 5.6 GB
2025-01-05 16:10:05,693 Train INFO: eta: 0:12:09  iter: 32380  time: 0.2147 (0.2785)  data: 0.0773 (0.1406)  loss: 8.6458 (10.6618)  lr: 0.000010  max mem: 5.6 GB
2025-01-05 16:10:09,990 Train INFO: eta: 0:12:03  iter: 32400  time: 0.2145 (0.2784)  data: 0.0772 (0.1406)  loss: 8.5718 (10.6606)  lr: 0.000010  max mem: 5.6 GB
2025-01-05 16:10:14,306 Train INFO: eta: 0:11:58  iter: 32420  time: 0.2153 (0.2784)  data: 0.0764 (0.1405)  loss: 8.1690 (10.6589)  lr: 0.000010  max mem: 5.6 GB
2025-01-05 16:10:18,628 Train INFO: eta: 0:11:52  iter: 32440  time: 0.2159 (0.2783)  data: 0.0763 (0.1405)  loss: 8.5743 (10.6579)  lr: 0.000010  max mem: 5.6 GB
2025-01-05 16:10:22,952 Train INFO: eta: 0:11:46  iter: 32460  time: 0.2150 (0.2783)  data: 0.0761 (0.1405)  loss: 8.4431 (10.6566)  lr: 0.000010  max mem: 5.6 GB
2025-01-05 16:10:27,288 Train INFO: eta: 0:11:41  iter: 32480  time: 0.2150 (0.2783)  data: 0.0758 (0.1404)  loss: 8.5937 (10.6552)  lr: 0.000010  max mem: 5.6 GB
2025-01-05 16:10:31,613 Train INFO: eta: 0:11:35  iter: 32500  time: 0.2160 (0.2782)  data: 0.0759 (0.1404)  loss: 8.2911 (10.6539)  lr: 0.000010  max mem: 5.6 GB
2025-01-05 16:10:35,921 Train INFO: eta: 0:11:29  iter: 32520  time: 0.2151 (0.2782)  data: 0.0757 (0.1404)  loss: 8.8355 (10.6529)  lr: 0.000010  max mem: 5.6 GB
2025-01-05 16:10:40,245 Train INFO: eta: 0:11:24  iter: 32540  time: 0.2154 (0.2782)  data: 0.0756 (0.1403)  loss: 9.0414 (10.6519)  lr: 0.000010  max mem: 5.6 GB
2025-01-05 16:10:44,564 Train INFO: eta: 0:11:18  iter: 32560  time: 0.2154 (0.2781)  data: 0.0756 (0.1403)  loss: 8.9349 (10.6512)  lr: 0.000010  max mem: 5.6 GB
2025-01-05 16:10:48,884 Train INFO: eta: 0:11:12  iter: 32580  time: 0.2160 (0.2781)  data: 0.0756 (0.1402)  loss: 8.5019 (10.6498)  lr: 0.000010  max mem: 5.6 GB
2025-01-05 16:10:53,199 Train INFO: eta: 0:11:07  iter: 32600  time: 0.2156 (0.2780)  data: 0.0752 (0.1402)  loss: 7.5728 (10.6481)  lr: 0.000010  max mem: 5.6 GB
2025-01-05 16:10:57,507 Train INFO: eta: 0:11:01  iter: 32620  time: 0.2152 (0.2780)  data: 0.0752 (0.1402)  loss: 8.1833 (10.6466)  lr: 0.000010  max mem: 5.6 GB
2025-01-05 16:11:01,845 Train INFO: eta: 0:10:55  iter: 32640  time: 0.2169 (0.2780)  data: 0.0749 (0.1401)  loss: 8.4506 (10.6452)  lr: 0.000010  max mem: 5.6 GB
2025-01-05 16:11:06,148 Train INFO: eta: 0:10:50  iter: 32660  time: 0.2150 (0.2779)  data: 0.0749 (0.1401)  loss: 8.9314 (10.6442)  lr: 0.000010  max mem: 5.6 GB
2025-01-05 16:11:10,477 Train INFO: eta: 0:10:44  iter: 32680  time: 0.2165 (0.2779)  data: 0.0748 (0.1400)  loss: 9.1482 (10.6434)  lr: 0.000010  max mem: 5.6 GB
2025-01-05 16:11:14,785 Train INFO: eta: 0:10:39  iter: 32700  time: 0.2149 (0.2778)  data: 0.0746 (0.1400)  loss: 9.0479 (10.6426)  lr: 0.000010  max mem: 5.6 GB
2025-01-05 16:11:19,094 Train INFO: eta: 0:10:33  iter: 32720  time: 0.2153 (0.2778)  data: 0.0746 (0.1400)  loss: 8.2961 (10.6414)  lr: 0.000010  max mem: 5.6 GB
2025-01-05 16:11:23,730 Train INFO: eta: 0:10:27  iter: 32740  time: 0.2180 (0.2778)  data: 0.0778 (0.1399)  loss: 8.1936 (10.6402)  lr: 0.000010  max mem: 5.6 GB
2025-01-05 16:11:28,126 Train INFO: eta: 0:10:22  iter: 32760  time: 0.2192 (0.2777)  data: 0.0792 (0.1399)  loss: 8.3591 (10.6389)  lr: 0.000010  max mem: 5.6 GB
2025-01-05 16:11:32,538 Train INFO: eta: 0:10:16  iter: 32780  time: 0.2200 (0.2777)  data: 0.0789 (0.1398)  loss: 10.0458 (10.6386)  lr: 0.000010  max mem: 5.6 GB
2025-01-05 16:11:36,921 Train INFO: eta: 0:10:10  iter: 32800  time: 0.2187 (0.2777)  data: 0.0787 (0.1398)  loss: 9.7326 (10.6382)  lr: 0.000010  max mem: 5.6 GB
2025-01-05 16:11:41,308 Train INFO: eta: 0:10:05  iter: 32820  time: 0.2187 (0.2776)  data: 0.0789 (0.1398)  loss: 10.6834 (10.6379)  lr: 0.000010  max mem: 5.6 GB
2025-01-05 16:11:45,707 Train INFO: eta: 0:09:59  iter: 32840  time: 0.2197 (0.2776)  data: 0.0789 (0.1397)  loss: 10.2640 (10.6377)  lr: 0.000010  max mem: 5.6 GB
2025-01-05 16:11:50,055 Train INFO: eta: 0:09:53  iter: 32860  time: 0.2167 (0.2776)  data: 0.0797 (0.1397)  loss: 9.9202 (10.6375)  lr: 0.000010  max mem: 5.6 GB
2025-01-05 16:11:54,408 Train INFO: eta: 0:09:48  iter: 32880  time: 0.2177 (0.2775)  data: 0.0795 (0.1397)  loss: 9.1490 (10.6367)  lr: 0.000010  max mem: 5.6 GB
2025-01-05 16:11:58,794 Train INFO: eta: 0:09:42  iter: 32900  time: 0.2176 (0.2775)  data: 0.0794 (0.1396)  loss: 9.7888 (10.6361)  lr: 0.000010  max mem: 5.6 GB
2025-01-05 16:12:03,135 Train INFO: eta: 0:09:37  iter: 32920  time: 0.2166 (0.2775)  data: 0.0795 (0.1396)  loss: 10.5022 (10.6360)  lr: 0.000010  max mem: 5.6 GB
2025-01-05 16:12:07,496 Train INFO: eta: 0:09:31  iter: 32940  time: 0.2186 (0.2774)  data: 0.0792 (0.1396)  loss: 10.2663 (10.6360)  lr: 0.000010  max mem: 5.6 GB
2025-01-05 16:12:11,903 Train INFO: eta: 0:09:25  iter: 32960  time: 0.2179 (0.2774)  data: 0.0784 (0.1395)  loss: 9.5446 (10.6357)  lr: 0.000010  max mem: 5.6 GB
2025-01-05 16:12:16,335 Train INFO: eta: 0:09:20  iter: 32980  time: 0.2202 (0.2774)  data: 0.0784 (0.1395)  loss: 10.2030 (10.6355)  lr: 0.000010  max mem: 5.6 GB
2025-01-05 16:12:20,953 Train INFO: eta: 0:09:14  iter: 33000  time: 0.2222 (0.2773)  data: 0.0776 (0.1394)  loss: 9.4986 (10.6350)  lr: 0.000010  max mem: 5.6 GB
2025-01-05 16:12:21,369 Train INFO: Validation
2025-01-05 16:12:21,373 Train INFO: Begin extract
2025-01-05 16:13:26,924 Train INFO: Best iteration 33000: {'mean_average_precision_at_r': 0.5403808483706309, 'precision_at_1': 0.798535585600476, 'r_precision': 0.56862230545084}
2025-01-05 16:13:31,299 Train INFO: eta: 0:09:12  iter: 33020  time: 0.2177 (0.2793)  data: 0.0794 (0.1414)  loss: 10.2049 (10.6348)  lr: 0.000010  max mem: 5.6 GB
2025-01-05 16:13:35,657 Train INFO: eta: 0:09:07  iter: 33040  time: 0.2178 (0.2793)  data: 0.0791 (0.1414)  loss: 10.0466 (10.6344)  lr: 0.000010  max mem: 5.6 GB
2025-01-05 16:13:39,997 Train INFO: eta: 0:09:01  iter: 33060  time: 0.2168 (0.2792)  data: 0.0789 (0.1413)  loss: 9.3888 (10.6339)  lr: 0.000010  max mem: 5.6 GB
2025-01-05 16:13:44,353 Train INFO: eta: 0:08:56  iter: 33080  time: 0.2174 (0.2792)  data: 0.0787 (0.1413)  loss: 9.7475 (10.6334)  lr: 0.000010  max mem: 5.6 GB
2025-01-05 16:13:48,689 Train INFO: eta: 0:08:50  iter: 33100  time: 0.2164 (0.2791)  data: 0.0787 (0.1413)  loss: 9.1891 (10.6327)  lr: 0.000010  max mem: 5.6 GB
2025-01-05 16:13:53,042 Train INFO: eta: 0:08:44  iter: 33120  time: 0.2178 (0.2791)  data: 0.0791 (0.1412)  loss: 9.3171 (10.6319)  lr: 0.000010  max mem: 5.6 GB
2025-01-05 16:13:57,393 Train INFO: eta: 0:08:39  iter: 33140  time: 0.2163 (0.2791)  data: 0.0792 (0.1412)  loss: 9.9073 (10.6315)  lr: 0.000010  max mem: 5.6 GB
2025-01-05 16:14:01,718 Train INFO: eta: 0:08:33  iter: 33160  time: 0.2156 (0.2790)  data: 0.0788 (0.1411)  loss: 9.8823 (10.6310)  lr: 0.000010  max mem: 5.6 GB
2025-01-05 16:14:06,057 Train INFO: eta: 0:08:27  iter: 33180  time: 0.2166 (0.2790)  data: 0.0790 (0.1411)  loss: 8.8295 (10.6300)  lr: 0.000010  max mem: 5.6 GB
2025-01-05 16:14:10,386 Train INFO: eta: 0:08:22  iter: 33200  time: 0.2157 (0.2790)  data: 0.0790 (0.1411)  loss: 9.6819 (10.6294)  lr: 0.000010  max mem: 5.6 GB
2025-01-05 16:14:14,705 Train INFO: eta: 0:08:16  iter: 33220  time: 0.2153 (0.2789)  data: 0.0784 (0.1410)  loss: 8.7446 (10.6284)  lr: 0.000010  max mem: 5.6 GB
2025-01-05 16:14:19,027 Train INFO: eta: 0:08:10  iter: 33240  time: 0.2163 (0.2789)  data: 0.0784 (0.1410)  loss: 9.2744 (10.6275)  lr: 0.000010  max mem: 5.6 GB
2025-01-05 16:14:23,357 Train INFO: eta: 0:08:05  iter: 33260  time: 0.2159 (0.2788)  data: 0.0788 (0.1410)  loss: 8.7465 (10.6265)  lr: 0.000010  max mem: 5.6 GB
2025-01-05 16:14:27,678 Train INFO: eta: 0:07:59  iter: 33280  time: 0.2159 (0.2788)  data: 0.0782 (0.1409)  loss: 8.5408 (10.6253)  lr: 0.000010  max mem: 5.6 GB
2025-01-05 16:14:31,987 Train INFO: eta: 0:07:53  iter: 33300  time: 0.2151 (0.2788)  data: 0.0782 (0.1409)  loss: 8.6881 (10.6241)  lr: 0.000010  max mem: 5.6 GB
2025-01-05 16:14:36,302 Train INFO: eta: 0:07:48  iter: 33320  time: 0.2157 (0.2787)  data: 0.0784 (0.1408)  loss: 9.2108 (10.6232)  lr: 0.000010  max mem: 5.6 GB
2025-01-05 16:14:40,626 Train INFO: eta: 0:07:42  iter: 33340  time: 0.2160 (0.2787)  data: 0.0783 (0.1408)  loss: 9.4559 (10.6225)  lr: 0.000010  max mem: 5.6 GB
2025-01-05 16:14:44,934 Train INFO: eta: 0:07:36  iter: 33360  time: 0.2147 (0.2786)  data: 0.0785 (0.1408)  loss: 8.3998 (10.6216)  lr: 0.000010  max mem: 5.6 GB
2025-01-05 16:14:49,276 Train INFO: eta: 0:07:31  iter: 33380  time: 0.2166 (0.2786)  data: 0.0781 (0.1407)  loss: 7.9763 (10.6202)  lr: 0.000010  max mem: 5.6 GB
2025-01-05 16:14:53,611 Train INFO: eta: 0:07:25  iter: 33400  time: 0.2168 (0.2786)  data: 0.0777 (0.1407)  loss: 8.0487 (10.6189)  lr: 0.000010  max mem: 5.6 GB
2025-01-05 16:14:57,953 Train INFO: eta: 0:07:20  iter: 33420  time: 0.2174 (0.2785)  data: 0.0778 (0.1407)  loss: 8.2324 (10.6175)  lr: 0.000010  max mem: 5.6 GB
2025-01-05 16:15:02,272 Train INFO: eta: 0:07:14  iter: 33440  time: 0.2153 (0.2785)  data: 0.0778 (0.1406)  loss: 8.7694 (10.6163)  lr: 0.000010  max mem: 5.6 GB
2025-01-05 16:15:06,595 Train INFO: eta: 0:07:08  iter: 33460  time: 0.2150 (0.2785)  data: 0.0777 (0.1406)  loss: 8.9728 (10.6153)  lr: 0.000010  max mem: 5.6 GB
2025-01-05 16:15:10,888 Train INFO: eta: 0:07:03  iter: 33480  time: 0.2141 (0.2784)  data: 0.0778 (0.1405)  loss: 8.4403 (10.6142)  lr: 0.000010  max mem: 5.6 GB
2025-01-05 16:15:15,180 Train INFO: eta: 0:06:57  iter: 33500  time: 0.2145 (0.2784)  data: 0.0774 (0.1405)  loss: 8.6161 (10.6131)  lr: 0.000010  max mem: 5.6 GB
2025-01-05 16:15:19,488 Train INFO: eta: 0:06:51  iter: 33520  time: 0.2149 (0.2783)  data: 0.0773 (0.1405)  loss: 8.2839 (10.6117)  lr: 0.000010  max mem: 5.6 GB
2025-01-05 16:15:23,812 Train INFO: eta: 0:06:46  iter: 33540  time: 0.2150 (0.2783)  data: 0.0773 (0.1404)  loss: 8.3682 (10.6103)  lr: 0.000010  max mem: 5.6 GB
2025-01-05 16:15:28,109 Train INFO: eta: 0:06:40  iter: 33560  time: 0.2139 (0.2783)  data: 0.0774 (0.1404)  loss: 7.8681 (10.6090)  lr: 0.000010  max mem: 5.6 GB
2025-01-05 16:15:32,413 Train INFO: eta: 0:06:35  iter: 33580  time: 0.2153 (0.2782)  data: 0.0771 (0.1404)  loss: 8.1406 (10.6074)  lr: 0.000010  max mem: 5.6 GB
2025-01-05 16:15:36,685 Train INFO: eta: 0:06:29  iter: 33600  time: 0.2141 (0.2782)  data: 0.0770 (0.1403)  loss: 8.1704 (10.6061)  lr: 0.000010  max mem: 5.6 GB
2025-01-05 16:15:40,994 Train INFO: eta: 0:06:23  iter: 33620  time: 0.2137 (0.2782)  data: 0.0772 (0.1403)  loss: 7.9777 (10.6046)  lr: 0.000010  max mem: 5.6 GB
2025-01-05 16:15:45,304 Train INFO: eta: 0:06:18  iter: 33640  time: 0.2154 (0.2781)  data: 0.0769 (0.1402)  loss: 8.2906 (10.6032)  lr: 0.000010  max mem: 5.6 GB
2025-01-05 16:15:49,596 Train INFO: eta: 0:06:12  iter: 33660  time: 0.2139 (0.2781)  data: 0.0766 (0.1402)  loss: 7.9186 (10.6017)  lr: 0.000010  max mem: 5.6 GB
2025-01-05 16:15:53,884 Train INFO: eta: 0:06:07  iter: 33680  time: 0.2143 (0.2780)  data: 0.0764 (0.1402)  loss: 7.8978 (10.6000)  lr: 0.000010  max mem: 5.6 GB
2025-01-05 16:15:58,173 Train INFO: eta: 0:06:01  iter: 33700  time: 0.2147 (0.2780)  data: 0.0765 (0.1401)  loss: 8.1520 (10.5986)  lr: 0.000010  max mem: 5.6 GB
2025-01-05 16:16:02,464 Train INFO: eta: 0:05:55  iter: 33720  time: 0.2143 (0.2780)  data: 0.0762 (0.1401)  loss: 8.1591 (10.5972)  lr: 0.000010  max mem: 5.6 GB
2025-01-05 16:16:06,779 Train INFO: eta: 0:05:50  iter: 33740  time: 0.2155 (0.2779)  data: 0.0760 (0.1401)  loss: 7.7392 (10.5956)  lr: 0.000010  max mem: 5.6 GB
2025-01-05 16:16:11,070 Train INFO: eta: 0:05:44  iter: 33760  time: 0.2137 (0.2779)  data: 0.0763 (0.1400)  loss: 7.8719 (10.5940)  lr: 0.000010  max mem: 5.6 GB
2025-01-05 16:16:15,356 Train INFO: eta: 0:05:38  iter: 33780  time: 0.2145 (0.2779)  data: 0.0759 (0.1400)  loss: 8.1398 (10.5927)  lr: 0.000010  max mem: 5.6 GB
2025-01-05 16:16:19,644 Train INFO: eta: 0:05:33  iter: 33800  time: 0.2138 (0.2778)  data: 0.0755 (0.1399)  loss: 8.9838 (10.5918)  lr: 0.000010  max mem: 5.6 GB
2025-01-05 16:16:23,926 Train INFO: eta: 0:05:27  iter: 33820  time: 0.2132 (0.2778)  data: 0.0756 (0.1399)  loss: 8.1319 (10.5904)  lr: 0.000010  max mem: 5.6 GB
2025-01-05 16:16:28,231 Train INFO: eta: 0:05:22  iter: 33840  time: 0.2154 (0.2777)  data: 0.0755 (0.1399)  loss: 7.7020 (10.5888)  lr: 0.000010  max mem: 5.6 GB
2025-01-05 16:16:32,518 Train INFO: eta: 0:05:16  iter: 33860  time: 0.2140 (0.2777)  data: 0.0754 (0.1398)  loss: 8.0512 (10.5875)  lr: 0.000010  max mem: 5.6 GB
2025-01-05 16:16:36,802 Train INFO: eta: 0:05:10  iter: 33880  time: 0.2144 (0.2777)  data: 0.0754 (0.1398)  loss: 8.0503 (10.5862)  lr: 0.000010  max mem: 5.6 GB
2025-01-05 16:16:41,517 Train INFO: eta: 0:05:05  iter: 33900  time: 0.2141 (0.2776)  data: 0.0751 (0.1398)  loss: 8.2388 (10.5850)  lr: 0.000010  max mem: 5.6 GB
2025-01-05 16:16:45,931 Train INFO: eta: 0:04:59  iter: 33920  time: 0.2207 (0.2776)  data: 0.0791 (0.1397)  loss: 7.8823 (10.5835)  lr: 0.000010  max mem: 5.6 GB
2025-01-05 16:16:50,342 Train INFO: eta: 0:04:54  iter: 33940  time: 0.2200 (0.2776)  data: 0.0790 (0.1397)  loss: 8.7649 (10.5826)  lr: 0.000010  max mem: 5.6 GB
2025-01-05 16:16:54,747 Train INFO: eta: 0:04:48  iter: 33960  time: 0.2200 (0.2775)  data: 0.0786 (0.1397)  loss: 9.8581 (10.5821)  lr: 0.000010  max mem: 5.6 GB
2025-01-05 16:16:59,128 Train INFO: eta: 0:04:43  iter: 33980  time: 0.2184 (0.2775)  data: 0.0788 (0.1396)  loss: 9.4592 (10.5815)  lr: 0.000010  max mem: 5.6 GB
2025-01-05 16:17:03,510 Train INFO: eta: 0:04:37  iter: 34000  time: 0.2190 (0.2775)  data: 0.0788 (0.1396)  loss: 10.0489 (10.5813)  lr: 0.000010  max mem: 5.6 GB
2025-01-05 16:17:03,903 Train INFO: Validation
2025-01-05 16:17:03,908 Train INFO: Begin extract
2025-01-05 16:18:06,397 Train INFO: Performance at iteration 034000: {'mean_average_precision_at_r': 0.5402889681587537, 'precision_at_1': 0.7985851707381574, 'r_precision': 0.5685322496345271}
2025-01-05 16:18:10,796 Train INFO: eta: 0:04:33  iter: 34020  time: 0.2202 (0.2793)  data: 0.0790 (0.1414)  loss: 10.4511 (10.5811)  lr: 0.000010  max mem: 5.6 GB
2025-01-05 16:18:15,184 Train INFO: eta: 0:04:28  iter: 34040  time: 0.2188 (0.2793)  data: 0.0782 (0.1414)  loss: 10.4987 (10.5810)  lr: 0.000010  max mem: 5.6 GB
2025-01-05 16:18:19,583 Train INFO: eta: 0:04:22  iter: 34060  time: 0.2197 (0.2792)  data: 0.0787 (0.1413)  loss: 9.8214 (10.5806)  lr: 0.000010  max mem: 5.6 GB
2025-01-05 16:18:23,978 Train INFO: eta: 0:04:16  iter: 34080  time: 0.2196 (0.2792)  data: 0.0784 (0.1413)  loss: 9.4433 (10.5801)  lr: 0.000010  max mem: 5.6 GB
2025-01-05 16:18:28,359 Train INFO: eta: 0:04:11  iter: 34100  time: 0.2187 (0.2792)  data: 0.0784 (0.1412)  loss: 9.6389 (10.5796)  lr: 0.000010  max mem: 5.6 GB
2025-01-05 16:18:32,722 Train INFO: eta: 0:04:05  iter: 34120  time: 0.2176 (0.2791)  data: 0.0776 (0.1412)  loss: 9.7817 (10.5793)  lr: 0.000010  max mem: 5.6 GB
2025-01-05 16:18:37,092 Train INFO: eta: 0:04:00  iter: 34140  time: 0.2186 (0.2791)  data: 0.0781 (0.1412)  loss: 9.8253 (10.5789)  lr: 0.000010  max mem: 5.6 GB
2025-01-05 16:18:41,478 Train INFO: eta: 0:03:54  iter: 34160  time: 0.2187 (0.2790)  data: 0.0784 (0.1411)  loss: 9.7077 (10.5786)  lr: 0.000010  max mem: 5.6 GB
2025-01-05 16:18:45,844 Train INFO: eta: 0:03:48  iter: 34180  time: 0.2177 (0.2790)  data: 0.0781 (0.1411)  loss: 9.6315 (10.5783)  lr: 0.000010  max mem: 5.6 GB
2025-01-05 16:18:50,203 Train INFO: eta: 0:03:43  iter: 34200  time: 0.2178 (0.2790)  data: 0.0777 (0.1411)  loss: 9.3281 (10.5777)  lr: 0.000010  max mem: 5.6 GB
2025-01-05 16:18:54,559 Train INFO: eta: 0:03:37  iter: 34220  time: 0.2167 (0.2789)  data: 0.0778 (0.1410)  loss: 9.8328 (10.5773)  lr: 0.000010  max mem: 5.6 GB
2025-01-05 16:18:58,912 Train INFO: eta: 0:03:31  iter: 34240  time: 0.2172 (0.2789)  data: 0.0781 (0.1410)  loss: 9.7893 (10.5769)  lr: 0.000010  max mem: 5.6 GB
2025-01-05 16:19:03,269 Train INFO: eta: 0:03:26  iter: 34260  time: 0.2174 (0.2789)  data: 0.0783 (0.1410)  loss: 9.2383 (10.5762)  lr: 0.000010  max mem: 5.6 GB
2025-01-05 16:19:07,633 Train INFO: eta: 0:03:20  iter: 34280  time: 0.2177 (0.2788)  data: 0.0781 (0.1409)  loss: 9.5337 (10.5755)  lr: 0.000010  max mem: 5.6 GB
2025-01-05 16:19:11,999 Train INFO: eta: 0:03:15  iter: 34300  time: 0.2180 (0.2788)  data: 0.0782 (0.1409)  loss: 8.8669 (10.5748)  lr: 0.000010  max mem: 5.6 GB
2025-01-05 16:19:16,368 Train INFO: eta: 0:03:09  iter: 34320  time: 0.2178 (0.2788)  data: 0.0779 (0.1408)  loss: 8.7576 (10.5738)  lr: 0.000010  max mem: 5.6 GB
2025-01-05 16:19:20,759 Train INFO: eta: 0:03:03  iter: 34340  time: 0.2192 (0.2787)  data: 0.0780 (0.1408)  loss: 7.9928 (10.5725)  lr: 0.000010  max mem: 5.6 GB
2025-01-05 16:19:25,111 Train INFO: eta: 0:02:58  iter: 34360  time: 0.2177 (0.2787)  data: 0.0787 (0.1408)  loss: 8.0704 (10.5712)  lr: 0.000010  max mem: 5.6 GB
2025-01-05 16:19:29,429 Train INFO: eta: 0:02:52  iter: 34380  time: 0.2159 (0.2787)  data: 0.0787 (0.1407)  loss: 9.0113 (10.5701)  lr: 0.000010  max mem: 5.6 GB
2025-01-05 16:19:33,783 Train INFO: eta: 0:02:47  iter: 34400  time: 0.2169 (0.2786)  data: 0.0786 (0.1407)  loss: 8.2536 (10.5689)  lr: 0.000010  max mem: 5.6 GB
2025-01-05 16:19:38,099 Train INFO: eta: 0:02:41  iter: 34420  time: 0.2154 (0.2786)  data: 0.0785 (0.1407)  loss: 9.1199 (10.5680)  lr: 0.000010  max mem: 5.6 GB
2025-01-05 16:19:42,416 Train INFO: eta: 0:02:35  iter: 34440  time: 0.2152 (0.2785)  data: 0.0785 (0.1406)  loss: 9.1509 (10.5671)  lr: 0.000010  max mem: 5.6 GB
2025-01-05 16:19:46,724 Train INFO: eta: 0:02:30  iter: 34460  time: 0.2152 (0.2785)  data: 0.0782 (0.1406)  loss: 8.9405 (10.5662)  lr: 0.000010  max mem: 5.6 GB
2025-01-05 16:19:51,035 Train INFO: eta: 0:02:24  iter: 34480  time: 0.2155 (0.2785)  data: 0.0784 (0.1406)  loss: 8.8434 (10.5654)  lr: 0.000010  max mem: 5.6 GB
2025-01-05 16:19:55,351 Train INFO: eta: 0:02:19  iter: 34500  time: 0.2154 (0.2784)  data: 0.0777 (0.1405)  loss: 8.8057 (10.5643)  lr: 0.000010  max mem: 5.6 GB
2025-01-05 16:19:59,655 Train INFO: eta: 0:02:13  iter: 34520  time: 0.2150 (0.2784)  data: 0.0777 (0.1405)  loss: 8.7818 (10.5634)  lr: 0.000010  max mem: 5.6 GB
2025-01-05 16:20:03,962 Train INFO: eta: 0:02:08  iter: 34540  time: 0.2156 (0.2784)  data: 0.0779 (0.1404)  loss: 8.1808 (10.5622)  lr: 0.000010  max mem: 5.6 GB
2025-01-05 16:20:08,275 Train INFO: eta: 0:02:02  iter: 34560  time: 0.2146 (0.2783)  data: 0.0778 (0.1404)  loss: 8.2846 (10.5611)  lr: 0.000010  max mem: 5.6 GB
2025-01-05 16:20:12,599 Train INFO: eta: 0:01:56  iter: 34580  time: 0.2151 (0.2783)  data: 0.0777 (0.1404)  loss: 7.8537 (10.5597)  lr: 0.000010  max mem: 5.6 GB
2025-01-05 16:20:16,928 Train INFO: eta: 0:01:51  iter: 34600  time: 0.2157 (0.2783)  data: 0.0777 (0.1403)  loss: 8.0388 (10.5584)  lr: 0.000010  max mem: 5.6 GB
2025-01-05 16:20:21,254 Train INFO: eta: 0:01:45  iter: 34620  time: 0.2158 (0.2782)  data: 0.0770 (0.1403)  loss: 8.4707 (10.5573)  lr: 0.000010  max mem: 5.6 GB
2025-01-05 16:20:25,560 Train INFO: eta: 0:01:40  iter: 34640  time: 0.2145 (0.2782)  data: 0.0776 (0.1403)  loss: 8.1301 (10.5560)  lr: 0.000010  max mem: 5.6 GB
2025-01-05 16:20:29,898 Train INFO: eta: 0:01:34  iter: 34660  time: 0.2160 (0.2781)  data: 0.0775 (0.1402)  loss: 8.3243 (10.5547)  lr: 0.000010  max mem: 5.6 GB
2025-01-05 16:20:34,209 Train INFO: eta: 0:01:28  iter: 34680  time: 0.2158 (0.2781)  data: 0.0773 (0.1402)  loss: 8.0702 (10.5534)  lr: 0.000010  max mem: 5.6 GB
2025-01-05 16:20:38,509 Train INFO: eta: 0:01:23  iter: 34700  time: 0.2151 (0.2781)  data: 0.0774 (0.1402)  loss: 8.3010 (10.5523)  lr: 0.000010  max mem: 5.6 GB
2025-01-05 16:20:42,819 Train INFO: eta: 0:01:17  iter: 34720  time: 0.2152 (0.2780)  data: 0.0772 (0.1401)  loss: 8.9972 (10.5513)  lr: 0.000010  max mem: 5.6 GB
2025-01-05 16:20:47,126 Train INFO: eta: 0:01:12  iter: 34740  time: 0.2153 (0.2780)  data: 0.0771 (0.1401)  loss: 7.8421 (10.5499)  lr: 0.000010  max mem: 5.6 GB
2025-01-05 16:20:51,454 Train INFO: eta: 0:01:06  iter: 34760  time: 0.2161 (0.2780)  data: 0.0770 (0.1400)  loss: 8.0963 (10.5487)  lr: 0.000010  max mem: 5.6 GB
2025-01-05 16:20:55,786 Train INFO: eta: 0:01:01  iter: 34780  time: 0.2161 (0.2779)  data: 0.0770 (0.1400)  loss: 8.2583 (10.5473)  lr: 0.000010  max mem: 5.6 GB
2025-01-05 16:21:00,085 Train INFO: eta: 0:00:55  iter: 34800  time: 0.2152 (0.2779)  data: 0.0768 (0.1400)  loss: 7.9432 (10.5457)  lr: 0.000010  max mem: 5.6 GB
2025-01-05 16:21:04,417 Train INFO: eta: 0:00:50  iter: 34820  time: 0.2169 (0.2779)  data: 0.0768 (0.1399)  loss: 8.5383 (10.5446)  lr: 0.000010  max mem: 5.6 GB
2025-01-05 16:21:08,728 Train INFO: eta: 0:00:44  iter: 34840  time: 0.2148 (0.2778)  data: 0.0768 (0.1399)  loss: 8.2702 (10.5432)  lr: 0.000010  max mem: 5.6 GB
2025-01-05 16:21:13,228 Train INFO: eta: 0:00:38  iter: 34860  time: 0.2154 (0.2778)  data: 0.0766 (0.1399)  loss: 7.7110 (10.5417)  lr: 0.000010  max mem: 5.6 GB
2025-01-05 16:21:17,538 Train INFO: eta: 0:00:33  iter: 34880  time: 0.2147 (0.2778)  data: 0.0765 (0.1398)  loss: 8.1211 (10.5405)  lr: 0.000010  max mem: 5.6 GB
2025-01-05 16:21:21,863 Train INFO: eta: 0:00:27  iter: 34900  time: 0.2156 (0.2777)  data: 0.0761 (0.1398)  loss: 8.3332 (10.5392)  lr: 0.000010  max mem: 5.6 GB
2025-01-05 16:21:26,157 Train INFO: eta: 0:00:22  iter: 34920  time: 0.2142 (0.2777)  data: 0.0762 (0.1398)  loss: 8.4000 (10.5379)  lr: 0.000010  max mem: 5.6 GB
2025-01-05 16:21:30,465 Train INFO: eta: 0:00:16  iter: 34940  time: 0.2150 (0.2777)  data: 0.0759 (0.1397)  loss: 8.3543 (10.5366)  lr: 0.000010  max mem: 5.6 GB
2025-01-05 16:21:34,759 Train INFO: eta: 0:00:11  iter: 34960  time: 0.2146 (0.2776)  data: 0.0756 (0.1397)  loss: 7.8748 (10.5352)  lr: 0.000010  max mem: 5.6 GB
2025-01-05 16:21:39,036 Train INFO: eta: 0:00:05  iter: 34980  time: 0.2131 (0.2776)  data: 0.0746 (0.1396)  loss: 8.3640 (10.5340)  lr: 0.000010  max mem: 5.6 GB
2025-01-05 16:21:43,271 Train INFO: eta: 0:00:00  iter: 35000  time: 0.2111 (0.2775)  data: 0.0744 (0.1396)  loss: 7.9931 (10.5327)  lr: 0.000010  max mem: 5.6 GB
2025-01-05 16:21:45,006 Train INFO: Validation
2025-01-05 16:21:45,054 Train INFO: Begin extract
2025-01-05 16:22:46,957 Train INFO: Performance at iteration 035000: {'mean_average_precision_at_r': 0.5395945729584635, 'precision_at_1': 0.7984529437043404, 'r_precision': 0.5675728994540769}
2025-01-05 16:22:47,186 Train INFO: Total training time: 2:42:58.048922 (0.2794 s / it)
2025-01-05 16:22:47,186 Train INFO: Best iteration: 033000 | best MAP@R 0.5403808483706309 
